[0.028s] Invoking command in '/home/marco/marco/uni/magistrale/IDS_project/build/theora_image_transport': CMAKE_PREFIX_PATH=${CMAKE_PREFIX_PATH}:/home/marco/marco/uni/magistrale/IDS_project/ros2_ws/install/vision:/home/marco/marco/uni/magistrale/IDS_project/ros2_ws/install/simulation:/home/marco/marco/uni/magistrale/IDS_project/ros2_ws/install/plots:/home/marco/marco/uni/magistrale/IDS_project/ros2_ws/install/localization:/home/marco/marco/uni/magistrale/IDS_project/ros2_ws/install/limo_description:/home/marco/marco/uni/magistrale/IDS_project/ros2_ws/install/limo_control:/opt/ros/humble /usr/bin/cmake /home/marco/marco/uni/magistrale/IDS_project/ros2_ws/src/image_transport_plugins/theora_image_transport -DCMAKE_INSTALL_PREFIX=/home/marco/marco/uni/magistrale/IDS_project/install/theora_image_transport
[0.894s] -- The C compiler identification is GNU 11.4.0
[0.894s] -- The CXX compiler identification is GNU 11.4.0
[0.894s] -- Detecting C compiler ABI info
[0.894s] -- Detecting C compiler ABI info - done
[0.894s] -- Check for working C compiler: /usr/bin/cc - skipped
[0.894s] -- Detecting C compile features
[0.894s] -- Detecting C compile features - done
[0.894s] -- Detecting CXX compiler ABI info
[0.894s] -- Detecting CXX compiler ABI info - done
[0.894s] -- Check for working CXX compiler: /usr/bin/c++ - skipped
[0.894s] -- Detecting CXX compile features
[0.894s] -- Detecting CXX compile features - done
[0.894s] -- Found ament_cmake: 1.3.14 (/opt/ros/humble/share/ament_cmake/cmake)
[0.894s] -- Found Python3: /usr/bin/python3 (found version "3.10.12") found components: Interpreter 
[0.894s] -- Found image_transport: 3.1.12 (/opt/ros/humble/share/image_transport/cmake)
[0.933s] -- Found rosidl_generator_c: 3.1.8 (/opt/ros/humble/share/rosidl_generator_c/cmake)
[0.939s] -- Found rosidl_adapter: 3.1.8 (/opt/ros/humble/share/rosidl_adapter/cmake)
[0.953s] -- Found rosidl_generator_cpp: 3.1.8 (/opt/ros/humble/share/rosidl_generator_cpp/cmake)
[0.986s] -- Using all available rosidl_typesupport_c: rosidl_typesupport_fastrtps_c;rosidl_typesupport_introspection_c
[1.015s] -- Using all available rosidl_typesupport_cpp: rosidl_typesupport_fastrtps_cpp;rosidl_typesupport_introspection_cpp
[1.204s] -- Found rmw_implementation_cmake: 6.1.2 (/opt/ros/humble/share/rmw_implementation_cmake/cmake)
[1.217s] -- Found rmw_fastrtps_cpp: 6.2.10 (/opt/ros/humble/share/rmw_fastrtps_cpp/cmake)
[1.510s] -- Found OpenSSL: /usr/lib/x86_64-linux-gnu/libcrypto.so (found version "3.0.2")  
[1.558s] -- Found FastRTPS: /opt/ros/humble/include  
[1.694s] -- Using RMW implementation 'rmw_fastrtps_cpp' as default
[1.719s] -- Looking for pthread.h
[1.912s] -- Looking for pthread.h - found
[1.912s] -- Performing Test CMAKE_HAVE_LIBC_PTHREAD
[2.071s] -- Performing Test CMAKE_HAVE_LIBC_PTHREAD - Success
[2.076s] -- Found Threads: TRUE  
[2.417s] -- Found cv_bridge: 3.2.1 (/opt/ros/humble/share/cv_bridge/cmake)
[2.443s] -- Found rosidl_default_generators: 1.2.1 (/opt/ros/humble/share/rosidl_default_generators/cmake)
[2.499s] -- Found OpenCV: /usr (found version "4.5.4") found components: imgproc 
[2.508s] -- Found PkgConfig: /usr/bin/pkg-config (found version "0.29.2") 
[2.508s] -- Checking for module 'ogg'
[2.559s] --   Found ogg, version 1.3.5
[2.654s] -- Checking for module 'theora'
[2.694s] --   Found theora, version 1.1.1
[2.771s] -- Checking for module 'theoraenc'
[2.794s] --   Found theoraenc, version 1.1.1
[2.845s] -- Checking for module 'theoradec'
[2.867s] --   Found theoradec, version 1.1.1
[3.395s] -- Found ament_cmake_cppcheck: 0.12.15 (/opt/ros/humble/share/ament_cmake_cppcheck/cmake)
[3.404s] -- Found ament_cmake_cpplint: 0.12.15 (/opt/ros/humble/share/ament_cmake_cpplint/cmake)
[3.408s] -- Found ament_cmake_uncrustify: 0.12.15 (/opt/ros/humble/share/ament_cmake_uncrustify/cmake)
[3.419s] -- Found ament_cmake_ros: 0.10.0 (/opt/ros/humble/share/ament_cmake_ros/cmake)
[4.739s] -- Using all available rosidl_typesupport_c: rosidl_typesupport_fastrtps_c;rosidl_typesupport_introspection_c
[5.364s] -- Using all available rosidl_typesupport_cpp: rosidl_typesupport_fastrtps_cpp;rosidl_typesupport_introspection_cpp
[5.463s] -- Found PythonInterp: /usr/bin/python3 (found suitable version "3.10.12", minimum required is "3.6") 
[5.465s] -- Found python_cmake_module: 0.10.0 (/opt/ros/humble/share/python_cmake_module/cmake)
[5.601s] -- Found PythonLibs: /usr/lib/x86_64-linux-gnu/libpython3.10.so (found suitable version "3.10.12", minimum required is "3.5") 
[5.601s] -- Using PYTHON_EXECUTABLE: /usr/bin/python3
[5.601s] -- Using PYTHON_INCLUDE_DIRS: /usr/include/python3.10
[5.601s] -- Using PYTHON_LIBRARIES: /usr/lib/x86_64-linux-gnu/libpython3.10.so
[5.663s] -- Found PythonExtra: .so  
[5.740s] -- Found ament_cmake_flake8: 0.12.15 (/opt/ros/humble/share/ament_cmake_flake8/cmake)
[5.752s] -- Found ament_cmake_pep257: 0.12.15 (/opt/ros/humble/share/ament_cmake_pep257/cmake)
[5.877s] -- Configuring done
[6.059s] -- Generating done
[6.090s] -- Build files have been written to: /home/marco/marco/uni/magistrale/IDS_project/build/theora_image_transport
[6.136s] Invoked command in '/home/marco/marco/uni/magistrale/IDS_project/build/theora_image_transport' returned '0': CMAKE_PREFIX_PATH=${CMAKE_PREFIX_PATH}:/home/marco/marco/uni/magistrale/IDS_project/ros2_ws/install/vision:/home/marco/marco/uni/magistrale/IDS_project/ros2_ws/install/simulation:/home/marco/marco/uni/magistrale/IDS_project/ros2_ws/install/plots:/home/marco/marco/uni/magistrale/IDS_project/ros2_ws/install/localization:/home/marco/marco/uni/magistrale/IDS_project/ros2_ws/install/limo_description:/home/marco/marco/uni/magistrale/IDS_project/ros2_ws/install/limo_control:/opt/ros/humble /usr/bin/cmake /home/marco/marco/uni/magistrale/IDS_project/ros2_ws/src/image_transport_plugins/theora_image_transport -DCMAKE_INSTALL_PREFIX=/home/marco/marco/uni/magistrale/IDS_project/install/theora_image_transport
[6.137s] Invoking command in '/home/marco/marco/uni/magistrale/IDS_project/build/theora_image_transport': CMAKE_PREFIX_PATH=${CMAKE_PREFIX_PATH}:/home/marco/marco/uni/magistrale/IDS_project/ros2_ws/install/vision:/home/marco/marco/uni/magistrale/IDS_project/ros2_ws/install/simulation:/home/marco/marco/uni/magistrale/IDS_project/ros2_ws/install/plots:/home/marco/marco/uni/magistrale/IDS_project/ros2_ws/install/localization:/home/marco/marco/uni/magistrale/IDS_project/ros2_ws/install/limo_description:/home/marco/marco/uni/magistrale/IDS_project/ros2_ws/install/limo_control:/opt/ros/humble /usr/bin/cmake --build /home/marco/marco/uni/magistrale/IDS_project/build/theora_image_transport -- -j8 -l8
[6.260s] [  2%] [34m[1mGenerating C code for ROS interfaces[0m
[6.283s] [  5%] [34m[1mGenerating C++ code for ROS interfaces[0m
[6.314s] [  7%] [34m[1mGenerating Rust code for ROS interfaces[0m
[6.328s] [  7%] Built target ament_cmake_python_copy_theora_image_transport
[6.991s] [  7%] Built target theora_image_transport__cpp
[7.030s] [ 10%] [34m[1mGenerating C++ type support for eProsima Fast-RTPS[0m
[7.076s] [ 13%] [34m[1mGenerating C++ type support dispatch for ROS interfaces[0m
[7.076s] [ 15%] [34m[1mGenerating C++ introspection for ROS interfaces[0m
[7.443s] [ 18%] [32mBuilding C object CMakeFiles/theora_image_transport__rosidl_generator_c.dir/rosidl_generator_c/theora_image_transport/msg/detail/packet__functions.c.o[0m
[7.660s] [ 21%] [32m[1mLinking C shared library libtheora_image_transport__rosidl_generator_c.so[0m
[7.777s] [ 21%] Built target theora_image_transport__rosidl_generator_c
[7.815s] [ 23%] [34m[1mGenerating C introspection for ROS interfaces[0m
[7.829s] [ 26%] [34m[1mGenerating C type support dispatch for ROS interfaces[0m
[7.860s] [ 28%] [34m[1mGenerating C type support for eProsima Fast-RTPS[0m
[8.184s] running egg_info
[8.311s] creating theora_image_transport.egg-info
[8.312s] writing theora_image_transport.egg-info/PKG-INFO
[8.315s] writing dependency_links to theora_image_transport.egg-info/dependency_links.txt
[8.315s] writing top-level names to theora_image_transport.egg-info/top_level.txt
[8.315s] writing manifest file 'theora_image_transport.egg-info/SOURCES.txt'
[8.584s] [ 31%] [32mBuilding CXX object CMakeFiles/theora_image_transport__rosidl_typesupport_introspection_cpp.dir/rosidl_typesupport_introspection_cpp/theora_image_transport/msg/detail/packet__type_support.cpp.o[0m
[8.633s] reading manifest file 'theora_image_transport.egg-info/SOURCES.txt'
[8.640s] writing manifest file 'theora_image_transport.egg-info/SOURCES.txt'
[8.737s] [ 34%] [32mBuilding CXX object CMakeFiles/theora_image_transport__rosidl_typesupport_c.dir/rosidl_typesupport_c/theora_image_transport/msg/packet__type_support.cpp.o[0m
[8.856s] [ 34%] Built target theora_image_transport__rs
[8.919s] [ 34%] Built target ament_cmake_python_build_theora_image_transport_egg
[8.919s] [ 36%] [32m[1mLinking CXX shared library libtheora_image_transport__rosidl_typesupport_c.so[0m
[9.030s] [ 36%] Built target theora_image_transport__rosidl_typesupport_c
[9.156s] [ 39%] [32mBuilding CXX object CMakeFiles/theora_image_transport__rosidl_typesupport_fastrtps_c.dir/rosidl_typesupport_fastrtps_c/theora_image_transport/msg/detail/packet__type_support_c.cpp.o[0m
[9.256s] [ 42%] [32mBuilding CXX object CMakeFiles/theora_image_transport__rosidl_typesupport_cpp.dir/rosidl_typesupport_cpp/theora_image_transport/msg/packet__type_support.cpp.o[0m
[9.377s] [ 44%] [32m[1mLinking CXX shared library libtheora_image_transport__rosidl_typesupport_introspection_cpp.so[0m
[9.450s] [ 47%] [32mBuilding C object CMakeFiles/theora_image_transport__rosidl_typesupport_introspection_c.dir/rosidl_typesupport_introspection_c/theora_image_transport/msg/detail/packet__type_support.c.o[0m
[9.475s] [ 50%] [32mBuilding CXX object CMakeFiles/theora_image_transport__rosidl_typesupport_fastrtps_cpp.dir/rosidl_typesupport_fastrtps_cpp/theora_image_transport/msg/detail/dds_fastrtps/packet__type_support.cpp.o[0m
[9.561s] [ 52%] [32m[1mLinking C shared library libtheora_image_transport__rosidl_typesupport_introspection_c.so[0m
[9.600s] [ 52%] Built target theora_image_transport__rosidl_typesupport_introspection_cpp
[9.666s] [ 52%] Built target theora_image_transport__rosidl_typesupport_introspection_c
[10.233s] [ 55%] [32m[1mLinking CXX shared library libtheora_image_transport__rosidl_typesupport_cpp.so[0m
[10.286s] [ 55%] Built target theora_image_transport__rosidl_typesupport_cpp
[10.328s] [ 57%] [32mBuilding CXX object CMakeFiles/theora_image_transport_component.dir/src/theora_subscriber.cpp.o[0m
[10.333s] [ 60%] [32mBuilding CXX object CMakeFiles/ogg_saver.dir/src/ogg_saver.cpp.o[0m
[10.346s] [ 63%] [32mBuilding CXX object CMakeFiles/theora_image_transport_component.dir/src/manifest.cpp.o[0m
[10.359s] [ 65%] [32mBuilding CXX object CMakeFiles/theora_image_transport_component.dir/src/theora_publisher.cpp.o[0m
[10.717s] [ 68%] [32m[1mLinking CXX shared library libtheora_image_transport__rosidl_typesupport_fastrtps_cpp.so[0m
[10.966s] [ 71%] [32m[1mLinking CXX shared library libtheora_image_transport__rosidl_typesupport_fastrtps_c.so[0m
[11.091s] [ 71%] Built target theora_image_transport__rosidl_typesupport_fastrtps_cpp
[11.189s] [ 71%] Built target theora_image_transport__rosidl_typesupport_fastrtps_c
[11.312s] [ 71%] Built target theora_image_transport
[11.374s] [ 73%] [34m[1mGenerating Python code for ROS interfaces[0m
[13.168s] [ 73%] Built target theora_image_transport__py
[13.216s] [ 76%] [32mBuilding C object CMakeFiles/theora_image_transport__rosidl_generator_py.dir/rosidl_generator_py/theora_image_transport/msg/_packet_s.c.o[0m
[13.571s] [ 78%] [32m[1mLinking C shared library rosidl_generator_py/theora_image_transport/libtheora_image_transport__rosidl_generator_py.so[0m
[13.687s] [ 78%] Built target theora_image_transport__rosidl_generator_py
[13.733s] [ 81%] [32mBuilding C object CMakeFiles/theora_image_transport__rosidl_typesupport_fastrtps_c__pyext.dir/rosidl_generator_py/theora_image_transport/_theora_image_transport_s.ep.rosidl_typesupport_fastrtps_c.c.o[0m
[13.735s] [ 84%] [32mBuilding C object CMakeFiles/theora_image_transport__rosidl_typesupport_introspection_c__pyext.dir/rosidl_generator_py/theora_image_transport/_theora_image_transport_s.ep.rosidl_typesupport_introspection_c.c.o[0m
[13.786s] [ 86%] [32mBuilding C object CMakeFiles/theora_image_transport__rosidl_typesupport_c__pyext.dir/rosidl_generator_py/theora_image_transport/_theora_image_transport_s.ep.rosidl_typesupport_c.c.o[0m
[13.918s] [ 89%] [32m[1mLinking C shared library rosidl_generator_py/theora_image_transport/theora_image_transport_s__rosidl_typesupport_fastrtps_c.cpython-310-x86_64-linux-gnu.so[0m
[14.017s] [ 92%] [32m[1mLinking C shared library rosidl_generator_py/theora_image_transport/theora_image_transport_s__rosidl_typesupport_introspection_c.cpython-310-x86_64-linux-gnu.so[0m
[14.068s] [ 92%] Built target theora_image_transport__rosidl_typesupport_fastrtps_c__pyext
[14.120s] [ 92%] Built target theora_image_transport__rosidl_typesupport_introspection_c__pyext
[14.243s] [ 94%] [32m[1mLinking C shared library rosidl_generator_py/theora_image_transport/theora_image_transport_s__rosidl_typesupport_c.cpython-310-x86_64-linux-gnu.so[0m
[14.377s] [ 94%] Built target theora_image_transport__rosidl_typesupport_c__pyext
[19.340s] gmake[2]: *** [CMakeFiles/ogg_saver.dir/build.make:76: CMakeFiles/ogg_saver.dir/src/ogg_saver.cpp.o] Interrupt
[19.340s] gmake[1]: *** [CMakeFiles/Makefile2:641: CMakeFiles/ogg_saver.dir/all] Interrupt
[19.342s] gmake[2]: *** [CMakeFiles/theora_image_transport_component.dir/build.make:90: CMakeFiles/theora_image_transport_component.dir/src/theora_subscriber.cpp.o] Interrupt
[19.346s] gmake[1]: *** [CMakeFiles/Makefile2:614: CMakeFiles/theora_image_transport_component.dir/all] Interrupt
[19.350s] gmake: *** [Makefile:146: all] Interrupt
