/home/marco/marco/uni/magistrale/IDS_project/install/localization/lib/python3.10/site-packages/localization/EKF_node.py
/home/marco/marco/uni/magistrale/IDS_project/install/localization/lib/python3.10/site-packages/localization/meas_model.py
/home/marco/marco/uni/magistrale/IDS_project/install/localization/lib/python3.10/site-packages/localization/agent_type.py
/home/marco/marco/uni/magistrale/IDS_project/install/localization/lib/python3.10/site-packages/localization/localization_system.py
/home/marco/marco/uni/magistrale/IDS_project/install/localization/lib/python3.10/site-packages/localization/__init__.py
/home/marco/marco/uni/magistrale/IDS_project/install/localization/lib/python3.10/site-packages/localization/__pycache__/EKF_node.cpython-310.pyc
/home/marco/marco/uni/magistrale/IDS_project/install/localization/lib/python3.10/site-packages/localization/__pycache__/meas_model.cpython-310.pyc
/home/marco/marco/uni/magistrale/IDS_project/install/localization/lib/python3.10/site-packages/localization/__pycache__/agent_type.cpython-310.pyc
/home/marco/marco/uni/magistrale/IDS_project/install/localization/lib/python3.10/site-packages/localization/__pycache__/localization_system.cpython-310.pyc
/home/marco/marco/uni/magistrale/IDS_project/install/localization/lib/python3.10/site-packages/localization/__pycache__/__init__.cpython-310.pyc
/home/marco/marco/uni/magistrale/IDS_project/install/localization/share/ament_index/resource_index/packages/localization
/home/marco/marco/uni/magistrale/IDS_project/install/localization/share/localization/package.xml
/home/marco/marco/uni/magistrale/IDS_project/install/localization/lib/python3.10/site-packages/localization-0.0.0-py3.10.egg-info/zip-safe
/home/marco/marco/uni/magistrale/IDS_project/install/localization/lib/python3.10/site-packages/localization-0.0.0-py3.10.egg-info/requires.txt
/home/marco/marco/uni/magistrale/IDS_project/install/localization/lib/python3.10/site-packages/localization-0.0.0-py3.10.egg-info/PKG-INFO
/home/marco/marco/uni/magistrale/IDS_project/install/localization/lib/python3.10/site-packages/localization-0.0.0-py3.10.egg-info/dependency_links.txt
/home/marco/marco/uni/magistrale/IDS_project/install/localization/lib/python3.10/site-packages/localization-0.0.0-py3.10.egg-info/entry_points.txt
/home/marco/marco/uni/magistrale/IDS_project/install/localization/lib/python3.10/site-packages/localization-0.0.0-py3.10.egg-info/top_level.txt
/home/marco/marco/uni/magistrale/IDS_project/install/localization/lib/python3.10/site-packages/localization-0.0.0-py3.10.egg-info/SOURCES.txt
/home/marco/marco/uni/magistrale/IDS_project/install/localization/lib/localization/EKF_node
