[0.029s] Invoking command in '/home/marco/marco/uni/magistrale/IDS_project/build/compressed_image_transport': CMAKE_PREFIX_PATH=${CMAKE_PREFIX_PATH}:/home/marco/marco/uni/magistrale/IDS_project/ros2_ws/install/vision:/home/marco/marco/uni/magistrale/IDS_project/ros2_ws/install/simulation:/home/marco/marco/uni/magistrale/IDS_project/ros2_ws/install/plots:/home/marco/marco/uni/magistrale/IDS_project/ros2_ws/install/localization:/home/marco/marco/uni/magistrale/IDS_project/ros2_ws/install/limo_description:/home/marco/marco/uni/magistrale/IDS_project/ros2_ws/install/limo_control:/opt/ros/humble /usr/bin/cmake /home/marco/marco/uni/magistrale/IDS_project/ros2_ws/src/image_transport_plugins/compressed_image_transport -DCMAKE_INSTALL_PREFIX=/home/marco/marco/uni/magistrale/IDS_project/install/compressed_image_transport
[0.896s] -- The C compiler identification is GNU 11.4.0
[0.896s] -- The CXX compiler identification is GNU 11.4.0
[0.896s] -- Detecting C compiler ABI info
[0.896s] -- Detecting C compiler ABI info - done
[0.896s] -- Check for working C compiler: /usr/bin/cc - skipped
[0.896s] -- Detecting C compile features
[0.896s] -- Detecting C compile features - done
[0.896s] -- Detecting CXX compiler ABI info
[0.896s] -- Detecting CXX compiler ABI info - done
[0.896s] -- Check for working CXX compiler: /usr/bin/c++ - skipped
[0.896s] -- Detecting CXX compile features
[0.896s] -- Detecting CXX compile features - done
[0.896s] -- Found ament_cmake: 1.3.14 (/opt/ros/humble/share/ament_cmake/cmake)
[0.896s] -- Found Python3: /usr/bin/python3 (found version "3.10.12") found components: Interpreter 
[0.896s] -- Found image_transport: 3.1.12 (/opt/ros/humble/share/image_transport/cmake)
[0.917s] -- Found rosidl_generator_c: 3.1.8 (/opt/ros/humble/share/rosidl_generator_c/cmake)
[0.926s] -- Found rosidl_adapter: 3.1.8 (/opt/ros/humble/share/rosidl_adapter/cmake)
[0.951s] -- Found rosidl_generator_cpp: 3.1.8 (/opt/ros/humble/share/rosidl_generator_cpp/cmake)
[0.980s] -- Using all available rosidl_typesupport_c: rosidl_typesupport_fastrtps_c;rosidl_typesupport_introspection_c
[1.007s] -- Using all available rosidl_typesupport_cpp: rosidl_typesupport_fastrtps_cpp;rosidl_typesupport_introspection_cpp
[1.206s] -- Found rmw_implementation_cmake: 6.1.2 (/opt/ros/humble/share/rmw_implementation_cmake/cmake)
[1.221s] -- Found rmw_fastrtps_cpp: 6.2.10 (/opt/ros/humble/share/rmw_fastrtps_cpp/cmake)
[1.508s] -- Found OpenSSL: /usr/lib/x86_64-linux-gnu/libcrypto.so (found version "3.0.2")  
[1.651s] -- Found FastRTPS: /opt/ros/humble/include  
[1.762s] -- Using RMW implementation 'rmw_fastrtps_cpp' as default
[1.786s] -- Looking for pthread.h
[1.955s] -- Looking for pthread.h - found
[1.957s] -- Performing Test CMAKE_HAVE_LIBC_PTHREAD
[2.129s] -- Performing Test CMAKE_HAVE_LIBC_PTHREAD - Success
[2.131s] -- Found Threads: TRUE  
[2.417s] -- Found cv_bridge: 3.2.1 (/opt/ros/humble/share/cv_bridge/cmake)
[2.438s] -- Found OpenCV: /usr (found version "4.5.4") 
[2.696s] -- Configuring done
[2.737s] -- Generating done
[2.746s] -- Build files have been written to: /home/marco/marco/uni/magistrale/IDS_project/build/compressed_image_transport
[2.928s] Invoked command in '/home/marco/marco/uni/magistrale/IDS_project/build/compressed_image_transport' returned '0': CMAKE_PREFIX_PATH=${CMAKE_PREFIX_PATH}:/home/marco/marco/uni/magistrale/IDS_project/ros2_ws/install/vision:/home/marco/marco/uni/magistrale/IDS_project/ros2_ws/install/simulation:/home/marco/marco/uni/magistrale/IDS_project/ros2_ws/install/plots:/home/marco/marco/uni/magistrale/IDS_project/ros2_ws/install/localization:/home/marco/marco/uni/magistrale/IDS_project/ros2_ws/install/limo_description:/home/marco/marco/uni/magistrale/IDS_project/ros2_ws/install/limo_control:/opt/ros/humble /usr/bin/cmake /home/marco/marco/uni/magistrale/IDS_project/ros2_ws/src/image_transport_plugins/compressed_image_transport -DCMAKE_INSTALL_PREFIX=/home/marco/marco/uni/magistrale/IDS_project/install/compressed_image_transport
[2.930s] Invoking command in '/home/marco/marco/uni/magistrale/IDS_project/build/compressed_image_transport': CMAKE_PREFIX_PATH=${CMAKE_PREFIX_PATH}:/home/marco/marco/uni/magistrale/IDS_project/ros2_ws/install/vision:/home/marco/marco/uni/magistrale/IDS_project/ros2_ws/install/simulation:/home/marco/marco/uni/magistrale/IDS_project/ros2_ws/install/plots:/home/marco/marco/uni/magistrale/IDS_project/ros2_ws/install/localization:/home/marco/marco/uni/magistrale/IDS_project/ros2_ws/install/limo_description:/home/marco/marco/uni/magistrale/IDS_project/ros2_ws/install/limo_control:/opt/ros/humble /usr/bin/cmake --build /home/marco/marco/uni/magistrale/IDS_project/build/compressed_image_transport -- -j8 -l8
[3.240s] [ 25%] [32mBuilding CXX object CMakeFiles/compressed_image_transport.dir/src/manifest.cpp.o[0m
[3.240s] [ 50%] [32mBuilding CXX object CMakeFiles/compressed_image_transport.dir/src/compressed_publisher.cpp.o[0m
[3.240s] [ 75%] [32mBuilding CXX object CMakeFiles/compressed_image_transport.dir/src/compressed_subscriber.cpp.o[0m
[19.342s] gmake[2]: *** [CMakeFiles/compressed_image_transport.dir/build.make:90: CMakeFiles/compressed_image_transport.dir/src/compressed_subscriber.cpp.o] Interrupt
[19.345s] gmake[2]: *** [CMakeFiles/compressed_image_transport.dir/build.make:104: CMakeFiles/compressed_image_transport.dir/src/manifest.cpp.o] Interrupt
[19.353s] gmake[1]: *** [CMakeFiles/Makefile2:137: CMakeFiles/compressed_image_transport.dir/all] Interrupt
[19.353s] gmake: *** [Makefile:146: all] Interrupt
