[0.030s] Invoking command in '/home/marco/marco/uni/magistrale/IDS_project/build/compressed_depth_image_transport': CMAKE_PREFIX_PATH=${CMAKE_PREFIX_PATH}:/home/marco/marco/uni/magistrale/IDS_project/ros2_ws/install/vision:/home/marco/marco/uni/magistrale/IDS_project/ros2_ws/install/simulation:/home/marco/marco/uni/magistrale/IDS_project/ros2_ws/install/plots:/home/marco/marco/uni/magistrale/IDS_project/ros2_ws/install/localization:/home/marco/marco/uni/magistrale/IDS_project/ros2_ws/install/limo_description:/home/marco/marco/uni/magistrale/IDS_project/ros2_ws/install/limo_control:/opt/ros/humble /usr/bin/cmake /home/marco/marco/uni/magistrale/IDS_project/ros2_ws/src/image_transport_plugins/compressed_depth_image_transport -DCMAKE_INSTALL_PREFIX=/home/marco/marco/uni/magistrale/IDS_project/install/compressed_depth_image_transport
[0.900s] -- The C compiler identification is GNU 11.4.0
[0.900s] -- The CXX compiler identification is GNU 11.4.0
[0.900s] -- Detecting C compiler ABI info
[0.900s] -- Detecting C compiler ABI info - done
[0.900s] -- Check for working C compiler: /usr/bin/cc - skipped
[0.900s] -- Detecting C compile features
[0.900s] -- Detecting C compile features - done
[0.900s] -- Detecting CXX compiler ABI info
[0.900s] -- Detecting CXX compiler ABI info - done
[0.900s] -- Check for working CXX compiler: /usr/bin/c++ - skipped
[0.900s] -- Detecting CXX compile features
[0.900s] -- Detecting CXX compile features - done
[0.900s] -- Found ament_cmake: 1.3.14 (/opt/ros/humble/share/ament_cmake/cmake)
[0.900s] -- Found Python3: /usr/bin/python3 (found version "3.10.12") found components: Interpreter 
[0.900s] -- Found image_transport: 3.1.12 (/opt/ros/humble/share/image_transport/cmake)
[0.946s] -- Found rosidl_generator_c: 3.1.8 (/opt/ros/humble/share/rosidl_generator_c/cmake)
[0.952s] -- Found rosidl_adapter: 3.1.8 (/opt/ros/humble/share/rosidl_adapter/cmake)
[0.963s] -- Found rosidl_generator_cpp: 3.1.8 (/opt/ros/humble/share/rosidl_generator_cpp/cmake)
[0.982s] -- Using all available rosidl_typesupport_c: rosidl_typesupport_fastrtps_c;rosidl_typesupport_introspection_c
[1.015s] -- Using all available rosidl_typesupport_cpp: rosidl_typesupport_fastrtps_cpp;rosidl_typesupport_introspection_cpp
[1.211s] -- Found rmw_implementation_cmake: 6.1.2 (/opt/ros/humble/share/rmw_implementation_cmake/cmake)
[1.223s] -- Found rmw_fastrtps_cpp: 6.2.10 (/opt/ros/humble/share/rmw_fastrtps_cpp/cmake)
[1.527s] -- Found OpenSSL: /usr/lib/x86_64-linux-gnu/libcrypto.so (found version "3.0.2")  
[1.665s] -- Found FastRTPS: /opt/ros/humble/include  
[1.817s] -- Using RMW implementation 'rmw_fastrtps_cpp' as default
[1.836s] -- Looking for pthread.h
[2.009s] -- Looking for pthread.h - found
[2.010s] -- Performing Test CMAKE_HAVE_LIBC_PTHREAD
[2.192s] -- Performing Test CMAKE_HAVE_LIBC_PTHREAD - Success
[2.198s] -- Found Threads: TRUE  
[2.433s] -- Found cv_bridge: 3.2.1 (/opt/ros/humble/share/cv_bridge/cmake)
[2.461s] -- Found OpenCV: /usr (found version "4.5.4") 
[2.701s] -- Configuring done
[2.744s] -- Generating done
[2.762s] -- Build files have been written to: /home/marco/marco/uni/magistrale/IDS_project/build/compressed_depth_image_transport
[3.243s] Invoked command in '/home/marco/marco/uni/magistrale/IDS_project/build/compressed_depth_image_transport' returned '0': CMAKE_PREFIX_PATH=${CMAKE_PREFIX_PATH}:/home/marco/marco/uni/magistrale/IDS_project/ros2_ws/install/vision:/home/marco/marco/uni/magistrale/IDS_project/ros2_ws/install/simulation:/home/marco/marco/uni/magistrale/IDS_project/ros2_ws/install/plots:/home/marco/marco/uni/magistrale/IDS_project/ros2_ws/install/localization:/home/marco/marco/uni/magistrale/IDS_project/ros2_ws/install/limo_description:/home/marco/marco/uni/magistrale/IDS_project/ros2_ws/install/limo_control:/opt/ros/humble /usr/bin/cmake /home/marco/marco/uni/magistrale/IDS_project/ros2_ws/src/image_transport_plugins/compressed_depth_image_transport -DCMAKE_INSTALL_PREFIX=/home/marco/marco/uni/magistrale/IDS_project/install/compressed_depth_image_transport
[3.244s] Invoking command in '/home/marco/marco/uni/magistrale/IDS_project/build/compressed_depth_image_transport': CMAKE_PREFIX_PATH=${CMAKE_PREFIX_PATH}:/home/marco/marco/uni/magistrale/IDS_project/ros2_ws/install/vision:/home/marco/marco/uni/magistrale/IDS_project/ros2_ws/install/simulation:/home/marco/marco/uni/magistrale/IDS_project/ros2_ws/install/plots:/home/marco/marco/uni/magistrale/IDS_project/ros2_ws/install/localization:/home/marco/marco/uni/magistrale/IDS_project/ros2_ws/install/limo_description:/home/marco/marco/uni/magistrale/IDS_project/ros2_ws/install/limo_control:/opt/ros/humble /usr/bin/cmake --build /home/marco/marco/uni/magistrale/IDS_project/build/compressed_depth_image_transport -- -j8 -l8
[3.402s] [ 20%] [32mBuilding CXX object CMakeFiles/compressed_depth_image_transport.dir/src/compressed_depth_publisher.cpp.o[0m
[3.406s] [ 40%] [32mBuilding CXX object CMakeFiles/compressed_depth_image_transport.dir/src/manifest.cpp.o[0m
[3.411s] [ 60%] [32mBuilding CXX object CMakeFiles/compressed_depth_image_transport.dir/src/compressed_depth_subscriber.cpp.o[0m
[3.412s] [ 80%] [32mBuilding CXX object CMakeFiles/compressed_depth_image_transport.dir/src/codec.cpp.o[0m
[19.349s] gmake[2]: *** [CMakeFiles/compressed_depth_image_transport.dir/build.make:104: CMakeFiles/compressed_depth_image_transport.dir/src/manifest.cpp.o] Interrupt
[19.350s] gmake[2]: *** [CMakeFiles/compressed_depth_image_transport.dir/build.make:90: CMakeFiles/compressed_depth_image_transport.dir/src/compressed_depth_subscriber.cpp.o] Interrupt
[19.353s] gmake[1]: *** [CMakeFiles/Makefile2:137: CMakeFiles/compressed_depth_image_transport.dir/all] Interrupt
[19.353s] gmake: *** [Makefile:146: all] Interrupt
[19.357s] Invoked command in '/home/marco/marco/uni/magistrale/IDS_project/build/compressed_depth_image_transport' returned '-2': CMAKE_PREFIX_PATH=${CMAKE_PREFIX_PATH}:/home/marco/marco/uni/magistrale/IDS_project/ros2_ws/install/vision:/home/marco/marco/uni/magistrale/IDS_project/ros2_ws/install/simulation:/home/marco/marco/uni/magistrale/IDS_project/ros2_ws/install/plots:/home/marco/marco/uni/magistrale/IDS_project/ros2_ws/install/localization:/home/marco/marco/uni/magistrale/IDS_project/ros2_ws/install/limo_description:/home/marco/marco/uni/magistrale/IDS_project/ros2_ws/install/limo_control:/opt/ros/humble /usr/bin/cmake --build /home/marco/marco/uni/magistrale/IDS_project/build/compressed_depth_image_transport -- -j8 -l8
