[1.364s] Invoking command in '/home/marco/marco/uni/magistrale/IDS_project/ros2_ws/src/limo_description': PYTHONPATH=/home/marco/marco/uni/magistrale/IDS_project/build/limo_description/prefix_override:/usr/lib/python3/dist-packages/colcon_core/task/python/colcon_distutils_commands:/home/marco/marco/uni/magistrale/IDS_project/install/limo_description/lib/python3.10/site-packages:${PYTHONPATH} /usr/bin/python3 -W ignore:setup.py install is deprecated -W ignore:easy_install command is deprecated setup.py egg_info --egg-base ../../../build/limo_description build --build-base /home/marco/marco/uni/magistrale/IDS_project/build/limo_description/build install --record /home/marco/marco/uni/magistrale/IDS_project/build/limo_description/install.log --single-version-externally-managed install_data
[1.672s] running egg_info
[1.689s] creating ../../../build/limo_description/limo_description.egg-info
[1.689s] writing ../../../build/limo_description/limo_description.egg-info/PKG-INFO
[1.690s] writing dependency_links to ../../../build/limo_description/limo_description.egg-info/dependency_links.txt
[1.691s] writing requirements to ../../../build/limo_description/limo_description.egg-info/requires.txt
[1.692s] writing top-level names to ../../../build/limo_description/limo_description.egg-info/top_level.txt
[1.692s] writing manifest file '../../../build/limo_description/limo_description.egg-info/SOURCES.txt'
[1.750s] reading manifest file '../../../build/limo_description/limo_description.egg-info/SOURCES.txt'
[1.753s] writing manifest file '../../../build/limo_description/limo_description.egg-info/SOURCES.txt'
[1.753s] running build
[1.753s] running build_py
[1.753s] creating /home/marco/marco/uni/magistrale/IDS_project/build/limo_description/build/lib/limo_description
[1.753s] copying limo_description/conf_limo.py -> /home/marco/marco/uni/magistrale/IDS_project/build/limo_description/build/lib/limo_description
[1.753s] copying limo_description/__init__.py -> /home/marco/marco/uni/magistrale/IDS_project/build/limo_description/build/lib/limo_description
[1.753s] running install
[1.762s] running install_lib
[1.783s] creating /home/marco/marco/uni/magistrale/IDS_project/install/limo_description/lib/python3.10/site-packages/limo_description
[1.783s] copying /home/marco/marco/uni/magistrale/IDS_project/build/limo_description/build/lib/limo_description/conf_limo.py -> /home/marco/marco/uni/magistrale/IDS_project/install/limo_description/lib/python3.10/site-packages/limo_description
[1.783s] copying /home/marco/marco/uni/magistrale/IDS_project/build/limo_description/build/lib/limo_description/__init__.py -> /home/marco/marco/uni/magistrale/IDS_project/install/limo_description/lib/python3.10/site-packages/limo_description
[1.783s] byte-compiling /home/marco/marco/uni/magistrale/IDS_project/install/limo_description/lib/python3.10/site-packages/limo_description/conf_limo.py to conf_limo.cpython-310.pyc
[1.783s] byte-compiling /home/marco/marco/uni/magistrale/IDS_project/install/limo_description/lib/python3.10/site-packages/limo_description/__init__.py to __init__.cpython-310.pyc
[1.783s] running install_data
[1.783s] creating /home/marco/marco/uni/magistrale/IDS_project/install/limo_description/share/ament_index/resource_index/packages
[1.783s] copying resource/limo_description -> /home/marco/marco/uni/magistrale/IDS_project/install/limo_description/share/ament_index/resource_index/packages
[1.784s] copying package.xml -> /home/marco/marco/uni/magistrale/IDS_project/install/limo_description/share/limo_description
[1.784s] running install_egg_info
[1.803s] Copying ../../../build/limo_description/limo_description.egg-info to /home/marco/marco/uni/magistrale/IDS_project/install/limo_description/lib/python3.10/site-packages/limo_description-0.0.0-py3.10.egg-info
[1.805s] running install_scripts
[2.073s] writing list of installed files to '/home/marco/marco/uni/magistrale/IDS_project/build/limo_description/install.log'
[2.493s] Invoked command in '/home/marco/marco/uni/magistrale/IDS_project/ros2_ws/src/limo_description' returned '0': PYTHONPATH=/home/marco/marco/uni/magistrale/IDS_project/build/limo_description/prefix_override:/usr/lib/python3/dist-packages/colcon_core/task/python/colcon_distutils_commands:/home/marco/marco/uni/magistrale/IDS_project/install/limo_description/lib/python3.10/site-packages:${PYTHONPATH} /usr/bin/python3 -W ignore:setup.py install is deprecated -W ignore:easy_install command is deprecated setup.py egg_info --egg-base ../../../build/limo_description build --build-base /home/marco/marco/uni/magistrale/IDS_project/build/limo_description/build install --record /home/marco/marco/uni/magistrale/IDS_project/build/limo_description/install.log --single-version-externally-managed install_data
