[0.090s] DEBUG:colcon:Command line arguments: ['/usr/bin/colcon', 'build']
[0.090s] DEBUG:colcon:Parsed command line arguments: Namespace(log_base=None, log_level=None, verb_name='build', build_base='build', install_base='install', merge_install=False, symlink_install=False, test_result_base=None, continue_on_error=False, executor='parallel', parallel_workers=8, event_handlers=None, ignore_user_meta=False, metas=['./colcon.meta'], base_paths=['.'], packages_ignore=None, packages_ignore_regex=None, paths=None, packages_up_to=None, packages_up_to_regex=None, packages_above=None, packages_above_and_dependencies=None, packages_above_depth=None, packages_select_by_dep=None, packages_skip_by_dep=None, packages_skip_up_to=None, packages_select_build_failed=False, packages_skip_build_finished=False, packages_select_test_failures=False, packages_skip_test_passed=False, packages_select=None, packages_skip=None, packages_select_regex=None, packages_skip_regex=None, packages_start=None, packages_end=None, allow_overriding=[], cmake_args=None, cmake_target=None, cmake_target_skip_unavailable=False, cmake_clean_cache=False, cmake_clean_first=False, cmake_force_configure=False, ament_cmake_args=None, catkin_cmake_args=None, catkin_skip_building_tests=False, mixin_files=None, mixin=None, verb_parser=<colcon_mixin.mixin.mixin_argument.MixinArgumentDecorator object at 0x7ecba485e920>, verb_extension=<colcon_core.verb.build.BuildVerb object at 0x7ecba494ffd0>, main=<bound method BuildVerb.main of <colcon_core.verb.build.BuildVerb object at 0x7ecba494ffd0>>, mixin_verb=('build',))
[0.120s] Level 1:colcon.colcon_core.package_discovery:discover_packages(colcon_meta) check parameters
[0.120s] Level 1:colcon.colcon_core.package_discovery:discover_packages(recursive) check parameters
[0.120s] Level 1:colcon.colcon_core.package_discovery:discover_packages(ignore) check parameters
[0.120s] Level 1:colcon.colcon_core.package_discovery:discover_packages(path) check parameters
[0.120s] Level 1:colcon.colcon_core.package_discovery:discover_packages(colcon_meta) discover
[0.120s] Level 1:colcon.colcon_core.package_discovery:discover_packages(recursive) discover
[0.120s] INFO:colcon.colcon_core.package_discovery:Crawling recursively for packages in '/home/marco/marco/uni/magistrale/IDS_project'
[0.120s] Level 1:colcon.colcon_core.package_identification:_identify(.) by extensions ['ignore', 'ignore_ament_install']
[0.120s] Level 1:colcon.colcon_core.package_identification:_identify(.) by extension 'ignore'
[0.120s] Level 1:colcon.colcon_core.package_identification:_identify(.) by extension 'ignore_ament_install'
[0.120s] Level 1:colcon.colcon_core.package_identification:_identify(.) by extensions ['colcon_pkg']
[0.121s] Level 1:colcon.colcon_core.package_identification:_identify(.) by extension 'colcon_pkg'
[0.121s] Level 1:colcon.colcon_core.package_identification:_identify(.) by extensions ['colcon_meta']
[0.121s] Level 1:colcon.colcon_core.package_identification:_identify(.) by extension 'colcon_meta'
[0.121s] Level 1:colcon.colcon_core.package_identification:_identify(.) by extensions ['ros']
[0.121s] Level 1:colcon.colcon_core.package_identification:_identify(.) by extension 'ros'
[0.141s] Level 1:colcon.colcon_core.package_identification:_identify(.) by extensions ['cmake', 'python']
[0.141s] Level 1:colcon.colcon_core.package_identification:_identify(.) by extension 'cmake'
[0.141s] Level 1:colcon.colcon_core.package_identification:_identify(.) by extension 'python'
[0.141s] Level 1:colcon.colcon_core.package_identification:_identify(.) by extensions ['python_setup_py']
[0.141s] Level 1:colcon.colcon_core.package_identification:_identify(.) by extension 'python_setup_py'
[0.141s] Level 1:colcon.colcon_core.package_identification:_identify(build) by extensions ['ignore', 'ignore_ament_install']
[0.141s] Level 1:colcon.colcon_core.package_identification:_identify(build) by extension 'ignore'
[0.141s] Level 1:colcon.colcon_core.package_identification:_identify(build) ignored
[0.141s] Level 1:colcon.colcon_core.package_identification:_identify(install) by extensions ['ignore', 'ignore_ament_install']
[0.141s] Level 1:colcon.colcon_core.package_identification:_identify(install) by extension 'ignore'
[0.141s] Level 1:colcon.colcon_core.package_identification:_identify(install) ignored
[0.141s] Level 1:colcon.colcon_core.package_identification:_identify(log) by extensions ['ignore', 'ignore_ament_install']
[0.141s] Level 1:colcon.colcon_core.package_identification:_identify(log) by extension 'ignore'
[0.141s] Level 1:colcon.colcon_core.package_identification:_identify(log) ignored
[0.142s] Level 1:colcon.colcon_core.package_identification:_identify(python_sim) by extensions ['ignore', 'ignore_ament_install']
[0.142s] Level 1:colcon.colcon_core.package_identification:_identify(python_sim) by extension 'ignore'
[0.142s] Level 1:colcon.colcon_core.package_identification:_identify(python_sim) by extension 'ignore_ament_install'
[0.142s] Level 1:colcon.colcon_core.package_identification:_identify(python_sim) by extensions ['colcon_pkg']
[0.142s] Level 1:colcon.colcon_core.package_identification:_identify(python_sim) by extension 'colcon_pkg'
[0.142s] Level 1:colcon.colcon_core.package_identification:_identify(python_sim) by extensions ['colcon_meta']
[0.142s] Level 1:colcon.colcon_core.package_identification:_identify(python_sim) by extension 'colcon_meta'
[0.142s] Level 1:colcon.colcon_core.package_identification:_identify(python_sim) by extensions ['ros']
[0.142s] Level 1:colcon.colcon_core.package_identification:_identify(python_sim) by extension 'ros'
[0.142s] Level 1:colcon.colcon_core.package_identification:_identify(python_sim) by extensions ['cmake', 'python']
[0.142s] Level 1:colcon.colcon_core.package_identification:_identify(python_sim) by extension 'cmake'
[0.142s] Level 1:colcon.colcon_core.package_identification:_identify(python_sim) by extension 'python'
[0.142s] Level 1:colcon.colcon_core.package_identification:_identify(python_sim) by extensions ['python_setup_py']
[0.142s] Level 1:colcon.colcon_core.package_identification:_identify(python_sim) by extension 'python_setup_py'
[0.142s] Level 1:colcon.colcon_core.package_identification:_identify(python_sim/__pycache__) by extensions ['ignore', 'ignore_ament_install']
[0.142s] Level 1:colcon.colcon_core.package_identification:_identify(python_sim/__pycache__) by extension 'ignore'
[0.142s] Level 1:colcon.colcon_core.package_identification:_identify(python_sim/__pycache__) by extension 'ignore_ament_install'
[0.142s] Level 1:colcon.colcon_core.package_identification:_identify(python_sim/__pycache__) by extensions ['colcon_pkg']
[0.142s] Level 1:colcon.colcon_core.package_identification:_identify(python_sim/__pycache__) by extension 'colcon_pkg'
[0.142s] Level 1:colcon.colcon_core.package_identification:_identify(python_sim/__pycache__) by extensions ['colcon_meta']
[0.142s] Level 1:colcon.colcon_core.package_identification:_identify(python_sim/__pycache__) by extension 'colcon_meta'
[0.142s] Level 1:colcon.colcon_core.package_identification:_identify(python_sim/__pycache__) by extensions ['ros']
[0.142s] Level 1:colcon.colcon_core.package_identification:_identify(python_sim/__pycache__) by extension 'ros'
[0.142s] Level 1:colcon.colcon_core.package_identification:_identify(python_sim/__pycache__) by extensions ['cmake', 'python']
[0.142s] Level 1:colcon.colcon_core.package_identification:_identify(python_sim/__pycache__) by extension 'cmake'
[0.142s] Level 1:colcon.colcon_core.package_identification:_identify(python_sim/__pycache__) by extension 'python'
[0.142s] Level 1:colcon.colcon_core.package_identification:_identify(python_sim/__pycache__) by extensions ['python_setup_py']
[0.142s] Level 1:colcon.colcon_core.package_identification:_identify(python_sim/__pycache__) by extension 'python_setup_py'
[0.142s] Level 1:colcon.colcon_core.package_identification:_identify(python_sim/localization) by extensions ['ignore', 'ignore_ament_install']
[0.142s] Level 1:colcon.colcon_core.package_identification:_identify(python_sim/localization) by extension 'ignore'
[0.142s] Level 1:colcon.colcon_core.package_identification:_identify(python_sim/localization) by extension 'ignore_ament_install'
[0.142s] Level 1:colcon.colcon_core.package_identification:_identify(python_sim/localization) by extensions ['colcon_pkg']
[0.142s] Level 1:colcon.colcon_core.package_identification:_identify(python_sim/localization) by extension 'colcon_pkg'
[0.143s] Level 1:colcon.colcon_core.package_identification:_identify(python_sim/localization) by extensions ['colcon_meta']
[0.143s] Level 1:colcon.colcon_core.package_identification:_identify(python_sim/localization) by extension 'colcon_meta'
[0.143s] Level 1:colcon.colcon_core.package_identification:_identify(python_sim/localization) by extensions ['ros']
[0.143s] Level 1:colcon.colcon_core.package_identification:_identify(python_sim/localization) by extension 'ros'
[0.143s] Level 1:colcon.colcon_core.package_identification:_identify(python_sim/localization) by extensions ['cmake', 'python']
[0.143s] Level 1:colcon.colcon_core.package_identification:_identify(python_sim/localization) by extension 'cmake'
[0.143s] Level 1:colcon.colcon_core.package_identification:_identify(python_sim/localization) by extension 'python'
[0.143s] Level 1:colcon.colcon_core.package_identification:_identify(python_sim/localization) by extensions ['python_setup_py']
[0.143s] Level 1:colcon.colcon_core.package_identification:_identify(python_sim/localization) by extension 'python_setup_py'
[0.143s] Level 1:colcon.colcon_core.package_identification:_identify(python_sim/localization/__pycache__) by extensions ['ignore', 'ignore_ament_install']
[0.143s] Level 1:colcon.colcon_core.package_identification:_identify(python_sim/localization/__pycache__) by extension 'ignore'
[0.143s] Level 1:colcon.colcon_core.package_identification:_identify(python_sim/localization/__pycache__) by extension 'ignore_ament_install'
[0.143s] Level 1:colcon.colcon_core.package_identification:_identify(python_sim/localization/__pycache__) by extensions ['colcon_pkg']
[0.143s] Level 1:colcon.colcon_core.package_identification:_identify(python_sim/localization/__pycache__) by extension 'colcon_pkg'
[0.143s] Level 1:colcon.colcon_core.package_identification:_identify(python_sim/localization/__pycache__) by extensions ['colcon_meta']
[0.143s] Level 1:colcon.colcon_core.package_identification:_identify(python_sim/localization/__pycache__) by extension 'colcon_meta'
[0.143s] Level 1:colcon.colcon_core.package_identification:_identify(python_sim/localization/__pycache__) by extensions ['ros']
[0.143s] Level 1:colcon.colcon_core.package_identification:_identify(python_sim/localization/__pycache__) by extension 'ros'
[0.143s] Level 1:colcon.colcon_core.package_identification:_identify(python_sim/localization/__pycache__) by extensions ['cmake', 'python']
[0.143s] Level 1:colcon.colcon_core.package_identification:_identify(python_sim/localization/__pycache__) by extension 'cmake'
[0.143s] Level 1:colcon.colcon_core.package_identification:_identify(python_sim/localization/__pycache__) by extension 'python'
[0.143s] Level 1:colcon.colcon_core.package_identification:_identify(python_sim/localization/__pycache__) by extensions ['python_setup_py']
[0.143s] Level 1:colcon.colcon_core.package_identification:_identify(python_sim/localization/__pycache__) by extension 'python_setup_py'
[0.143s] Level 1:colcon.colcon_core.package_identification:_identify(python_sim/test) by extensions ['ignore', 'ignore_ament_install']
[0.143s] Level 1:colcon.colcon_core.package_identification:_identify(python_sim/test) by extension 'ignore'
[0.143s] Level 1:colcon.colcon_core.package_identification:_identify(python_sim/test) by extension 'ignore_ament_install'
[0.143s] Level 1:colcon.colcon_core.package_identification:_identify(python_sim/test) by extensions ['colcon_pkg']
[0.143s] Level 1:colcon.colcon_core.package_identification:_identify(python_sim/test) by extension 'colcon_pkg'
[0.143s] Level 1:colcon.colcon_core.package_identification:_identify(python_sim/test) by extensions ['colcon_meta']
[0.143s] Level 1:colcon.colcon_core.package_identification:_identify(python_sim/test) by extension 'colcon_meta'
[0.143s] Level 1:colcon.colcon_core.package_identification:_identify(python_sim/test) by extensions ['ros']
[0.143s] Level 1:colcon.colcon_core.package_identification:_identify(python_sim/test) by extension 'ros'
[0.143s] Level 1:colcon.colcon_core.package_identification:_identify(python_sim/test) by extensions ['cmake', 'python']
[0.143s] Level 1:colcon.colcon_core.package_identification:_identify(python_sim/test) by extension 'cmake'
[0.143s] Level 1:colcon.colcon_core.package_identification:_identify(python_sim/test) by extension 'python'
[0.143s] Level 1:colcon.colcon_core.package_identification:_identify(python_sim/test) by extensions ['python_setup_py']
[0.144s] Level 1:colcon.colcon_core.package_identification:_identify(python_sim/test) by extension 'python_setup_py'
[0.144s] Level 1:colcon.colcon_core.package_identification:_identify(python_sim/vision) by extensions ['ignore', 'ignore_ament_install']
[0.144s] Level 1:colcon.colcon_core.package_identification:_identify(python_sim/vision) by extension 'ignore'
[0.144s] Level 1:colcon.colcon_core.package_identification:_identify(python_sim/vision) by extension 'ignore_ament_install'
[0.144s] Level 1:colcon.colcon_core.package_identification:_identify(python_sim/vision) by extensions ['colcon_pkg']
[0.144s] Level 1:colcon.colcon_core.package_identification:_identify(python_sim/vision) by extension 'colcon_pkg'
[0.144s] Level 1:colcon.colcon_core.package_identification:_identify(python_sim/vision) by extensions ['colcon_meta']
[0.144s] Level 1:colcon.colcon_core.package_identification:_identify(python_sim/vision) by extension 'colcon_meta'
[0.144s] Level 1:colcon.colcon_core.package_identification:_identify(python_sim/vision) by extensions ['ros']
[0.144s] Level 1:colcon.colcon_core.package_identification:_identify(python_sim/vision) by extension 'ros'
[0.144s] Level 1:colcon.colcon_core.package_identification:_identify(python_sim/vision) by extensions ['cmake', 'python']
[0.144s] Level 1:colcon.colcon_core.package_identification:_identify(python_sim/vision) by extension 'cmake'
[0.144s] Level 1:colcon.colcon_core.package_identification:_identify(python_sim/vision) by extension 'python'
[0.144s] Level 1:colcon.colcon_core.package_identification:_identify(python_sim/vision) by extensions ['python_setup_py']
[0.144s] Level 1:colcon.colcon_core.package_identification:_identify(python_sim/vision) by extension 'python_setup_py'
[0.144s] Level 1:colcon.colcon_core.package_identification:_identify(python_sim/vision/aruco_library) by extensions ['ignore', 'ignore_ament_install']
[0.144s] Level 1:colcon.colcon_core.package_identification:_identify(python_sim/vision/aruco_library) by extension 'ignore'
[0.144s] Level 1:colcon.colcon_core.package_identification:_identify(python_sim/vision/aruco_library) by extension 'ignore_ament_install'
[0.144s] Level 1:colcon.colcon_core.package_identification:_identify(python_sim/vision/aruco_library) by extensions ['colcon_pkg']
[0.144s] Level 1:colcon.colcon_core.package_identification:_identify(python_sim/vision/aruco_library) by extension 'colcon_pkg'
[0.144s] Level 1:colcon.colcon_core.package_identification:_identify(python_sim/vision/aruco_library) by extensions ['colcon_meta']
[0.144s] Level 1:colcon.colcon_core.package_identification:_identify(python_sim/vision/aruco_library) by extension 'colcon_meta'
[0.144s] Level 1:colcon.colcon_core.package_identification:_identify(python_sim/vision/aruco_library) by extensions ['ros']
[0.144s] Level 1:colcon.colcon_core.package_identification:_identify(python_sim/vision/aruco_library) by extension 'ros'
[0.144s] Level 1:colcon.colcon_core.package_identification:_identify(python_sim/vision/aruco_library) by extensions ['cmake', 'python']
[0.144s] Level 1:colcon.colcon_core.package_identification:_identify(python_sim/vision/aruco_library) by extension 'cmake'
[0.144s] Level 1:colcon.colcon_core.package_identification:_identify(python_sim/vision/aruco_library) by extension 'python'
[0.144s] Level 1:colcon.colcon_core.package_identification:_identify(python_sim/vision/aruco_library) by extensions ['python_setup_py']
[0.144s] Level 1:colcon.colcon_core.package_identification:_identify(python_sim/vision/aruco_library) by extension 'python_setup_py'
[0.144s] Level 1:colcon.colcon_core.package_identification:_identify(python_sim/vision/test_videos) by extensions ['ignore', 'ignore_ament_install']
[0.144s] Level 1:colcon.colcon_core.package_identification:_identify(python_sim/vision/test_videos) by extension 'ignore'
[0.144s] Level 1:colcon.colcon_core.package_identification:_identify(python_sim/vision/test_videos) by extension 'ignore_ament_install'
[0.144s] Level 1:colcon.colcon_core.package_identification:_identify(python_sim/vision/test_videos) by extensions ['colcon_pkg']
[0.144s] Level 1:colcon.colcon_core.package_identification:_identify(python_sim/vision/test_videos) by extension 'colcon_pkg'
[0.144s] Level 1:colcon.colcon_core.package_identification:_identify(python_sim/vision/test_videos) by extensions ['colcon_meta']
[0.144s] Level 1:colcon.colcon_core.package_identification:_identify(python_sim/vision/test_videos) by extension 'colcon_meta'
[0.145s] Level 1:colcon.colcon_core.package_identification:_identify(python_sim/vision/test_videos) by extensions ['ros']
[0.145s] Level 1:colcon.colcon_core.package_identification:_identify(python_sim/vision/test_videos) by extension 'ros'
[0.145s] Level 1:colcon.colcon_core.package_identification:_identify(python_sim/vision/test_videos) by extensions ['cmake', 'python']
[0.145s] Level 1:colcon.colcon_core.package_identification:_identify(python_sim/vision/test_videos) by extension 'cmake'
[0.145s] Level 1:colcon.colcon_core.package_identification:_identify(python_sim/vision/test_videos) by extension 'python'
[0.145s] Level 1:colcon.colcon_core.package_identification:_identify(python_sim/vision/test_videos) by extensions ['python_setup_py']
[0.145s] Level 1:colcon.colcon_core.package_identification:_identify(python_sim/vision/test_videos) by extension 'python_setup_py'
[0.145s] Level 1:colcon.colcon_core.package_identification:_identify(ros2_ws) by extensions ['ignore', 'ignore_ament_install']
[0.145s] Level 1:colcon.colcon_core.package_identification:_identify(ros2_ws) by extension 'ignore'
[0.145s] Level 1:colcon.colcon_core.package_identification:_identify(ros2_ws) by extension 'ignore_ament_install'
[0.145s] Level 1:colcon.colcon_core.package_identification:_identify(ros2_ws) by extensions ['colcon_pkg']
[0.145s] Level 1:colcon.colcon_core.package_identification:_identify(ros2_ws) by extension 'colcon_pkg'
[0.145s] Level 1:colcon.colcon_core.package_identification:_identify(ros2_ws) by extensions ['colcon_meta']
[0.145s] Level 1:colcon.colcon_core.package_identification:_identify(ros2_ws) by extension 'colcon_meta'
[0.145s] Level 1:colcon.colcon_core.package_identification:_identify(ros2_ws) by extensions ['ros']
[0.145s] Level 1:colcon.colcon_core.package_identification:_identify(ros2_ws) by extension 'ros'
[0.145s] Level 1:colcon.colcon_core.package_identification:_identify(ros2_ws) by extensions ['cmake', 'python']
[0.145s] Level 1:colcon.colcon_core.package_identification:_identify(ros2_ws) by extension 'cmake'
[0.145s] Level 1:colcon.colcon_core.package_identification:_identify(ros2_ws) by extension 'python'
[0.145s] Level 1:colcon.colcon_core.package_identification:_identify(ros2_ws) by extensions ['python_setup_py']
[0.145s] Level 1:colcon.colcon_core.package_identification:_identify(ros2_ws) by extension 'python_setup_py'
[0.145s] Level 1:colcon.colcon_core.package_identification:_identify(ros2_ws/build) by extensions ['ignore', 'ignore_ament_install']
[0.145s] Level 1:colcon.colcon_core.package_identification:_identify(ros2_ws/build) by extension 'ignore'
[0.145s] Level 1:colcon.colcon_core.package_identification:_identify(ros2_ws/build) ignored
[0.145s] Level 1:colcon.colcon_core.package_identification:_identify(ros2_ws/csv_data) by extensions ['ignore', 'ignore_ament_install']
[0.146s] Level 1:colcon.colcon_core.package_identification:_identify(ros2_ws/csv_data) by extension 'ignore'
[0.146s] Level 1:colcon.colcon_core.package_identification:_identify(ros2_ws/csv_data) by extension 'ignore_ament_install'
[0.146s] Level 1:colcon.colcon_core.package_identification:_identify(ros2_ws/csv_data) by extensions ['colcon_pkg']
[0.146s] Level 1:colcon.colcon_core.package_identification:_identify(ros2_ws/csv_data) by extension 'colcon_pkg'
[0.146s] Level 1:colcon.colcon_core.package_identification:_identify(ros2_ws/csv_data) by extensions ['colcon_meta']
[0.146s] Level 1:colcon.colcon_core.package_identification:_identify(ros2_ws/csv_data) by extension 'colcon_meta'
[0.146s] Level 1:colcon.colcon_core.package_identification:_identify(ros2_ws/csv_data) by extensions ['ros']
[0.146s] Level 1:colcon.colcon_core.package_identification:_identify(ros2_ws/csv_data) by extension 'ros'
[0.146s] Level 1:colcon.colcon_core.package_identification:_identify(ros2_ws/csv_data) by extensions ['cmake', 'python']
[0.146s] Level 1:colcon.colcon_core.package_identification:_identify(ros2_ws/csv_data) by extension 'cmake'
[0.146s] Level 1:colcon.colcon_core.package_identification:_identify(ros2_ws/csv_data) by extension 'python'
[0.146s] Level 1:colcon.colcon_core.package_identification:_identify(ros2_ws/csv_data) by extensions ['python_setup_py']
[0.146s] Level 1:colcon.colcon_core.package_identification:_identify(ros2_ws/csv_data) by extension 'python_setup_py'
[0.146s] Level 1:colcon.colcon_core.package_identification:_identify(ros2_ws/csv_data/__pycache__) by extensions ['ignore', 'ignore_ament_install']
[0.146s] Level 1:colcon.colcon_core.package_identification:_identify(ros2_ws/csv_data/__pycache__) by extension 'ignore'
[0.146s] Level 1:colcon.colcon_core.package_identification:_identify(ros2_ws/csv_data/__pycache__) by extension 'ignore_ament_install'
[0.146s] Level 1:colcon.colcon_core.package_identification:_identify(ros2_ws/csv_data/__pycache__) by extensions ['colcon_pkg']
[0.146s] Level 1:colcon.colcon_core.package_identification:_identify(ros2_ws/csv_data/__pycache__) by extension 'colcon_pkg'
[0.146s] Level 1:colcon.colcon_core.package_identification:_identify(ros2_ws/csv_data/__pycache__) by extensions ['colcon_meta']
[0.146s] Level 1:colcon.colcon_core.package_identification:_identify(ros2_ws/csv_data/__pycache__) by extension 'colcon_meta'
[0.146s] Level 1:colcon.colcon_core.package_identification:_identify(ros2_ws/csv_data/__pycache__) by extensions ['ros']
[0.146s] Level 1:colcon.colcon_core.package_identification:_identify(ros2_ws/csv_data/__pycache__) by extension 'ros'
[0.146s] Level 1:colcon.colcon_core.package_identification:_identify(ros2_ws/csv_data/__pycache__) by extensions ['cmake', 'python']
[0.146s] Level 1:colcon.colcon_core.package_identification:_identify(ros2_ws/csv_data/__pycache__) by extension 'cmake'
[0.147s] Level 1:colcon.colcon_core.package_identification:_identify(ros2_ws/csv_data/__pycache__) by extension 'python'
[0.147s] Level 1:colcon.colcon_core.package_identification:_identify(ros2_ws/csv_data/__pycache__) by extensions ['python_setup_py']
[0.147s] Level 1:colcon.colcon_core.package_identification:_identify(ros2_ws/csv_data/__pycache__) by extension 'python_setup_py'
[0.147s] Level 1:colcon.colcon_core.package_identification:_identify(ros2_ws/install) by extensions ['ignore', 'ignore_ament_install']
[0.147s] Level 1:colcon.colcon_core.package_identification:_identify(ros2_ws/install) by extension 'ignore'
[0.147s] Level 1:colcon.colcon_core.package_identification:_identify(ros2_ws/install) ignored
[0.147s] Level 1:colcon.colcon_core.package_identification:_identify(ros2_ws/launch) by extensions ['ignore', 'ignore_ament_install']
[0.147s] Level 1:colcon.colcon_core.package_identification:_identify(ros2_ws/launch) by extension 'ignore'
[0.147s] Level 1:colcon.colcon_core.package_identification:_identify(ros2_ws/launch) by extension 'ignore_ament_install'
[0.147s] Level 1:colcon.colcon_core.package_identification:_identify(ros2_ws/launch) by extensions ['colcon_pkg']
[0.147s] Level 1:colcon.colcon_core.package_identification:_identify(ros2_ws/launch) by extension 'colcon_pkg'
[0.147s] Level 1:colcon.colcon_core.package_identification:_identify(ros2_ws/launch) by extensions ['colcon_meta']
[0.147s] Level 1:colcon.colcon_core.package_identification:_identify(ros2_ws/launch) by extension 'colcon_meta'
[0.147s] Level 1:colcon.colcon_core.package_identification:_identify(ros2_ws/launch) by extensions ['ros']
[0.147s] Level 1:colcon.colcon_core.package_identification:_identify(ros2_ws/launch) by extension 'ros'
[0.147s] Level 1:colcon.colcon_core.package_identification:_identify(ros2_ws/launch) by extensions ['cmake', 'python']
[0.147s] Level 1:colcon.colcon_core.package_identification:_identify(ros2_ws/launch) by extension 'cmake'
[0.147s] Level 1:colcon.colcon_core.package_identification:_identify(ros2_ws/launch) by extension 'python'
[0.147s] Level 1:colcon.colcon_core.package_identification:_identify(ros2_ws/launch) by extensions ['python_setup_py']
[0.147s] Level 1:colcon.colcon_core.package_identification:_identify(ros2_ws/launch) by extension 'python_setup_py'
[0.147s] Level 1:colcon.colcon_core.package_identification:_identify(ros2_ws/launch/__pycache__) by extensions ['ignore', 'ignore_ament_install']
[0.147s] Level 1:colcon.colcon_core.package_identification:_identify(ros2_ws/launch/__pycache__) by extension 'ignore'
[0.147s] Level 1:colcon.colcon_core.package_identification:_identify(ros2_ws/launch/__pycache__) by extension 'ignore_ament_install'
[0.147s] Level 1:colcon.colcon_core.package_identification:_identify(ros2_ws/launch/__pycache__) by extensions ['colcon_pkg']
[0.148s] Level 1:colcon.colcon_core.package_identification:_identify(ros2_ws/launch/__pycache__) by extension 'colcon_pkg'
[0.148s] Level 1:colcon.colcon_core.package_identification:_identify(ros2_ws/launch/__pycache__) by extensions ['colcon_meta']
[0.148s] Level 1:colcon.colcon_core.package_identification:_identify(ros2_ws/launch/__pycache__) by extension 'colcon_meta'
[0.148s] Level 1:colcon.colcon_core.package_identification:_identify(ros2_ws/launch/__pycache__) by extensions ['ros']
[0.148s] Level 1:colcon.colcon_core.package_identification:_identify(ros2_ws/launch/__pycache__) by extension 'ros'
[0.148s] Level 1:colcon.colcon_core.package_identification:_identify(ros2_ws/launch/__pycache__) by extensions ['cmake', 'python']
[0.148s] Level 1:colcon.colcon_core.package_identification:_identify(ros2_ws/launch/__pycache__) by extension 'cmake'
[0.148s] Level 1:colcon.colcon_core.package_identification:_identify(ros2_ws/launch/__pycache__) by extension 'python'
[0.148s] Level 1:colcon.colcon_core.package_identification:_identify(ros2_ws/launch/__pycache__) by extensions ['python_setup_py']
[0.148s] Level 1:colcon.colcon_core.package_identification:_identify(ros2_ws/launch/__pycache__) by extension 'python_setup_py'
[0.148s] Level 1:colcon.colcon_core.package_identification:_identify(ros2_ws/log) by extensions ['ignore', 'ignore_ament_install']
[0.148s] Level 1:colcon.colcon_core.package_identification:_identify(ros2_ws/log) by extension 'ignore'
[0.148s] Level 1:colcon.colcon_core.package_identification:_identify(ros2_ws/log) ignored
[0.148s] Level 1:colcon.colcon_core.package_identification:_identify(ros2_ws/src) by extensions ['ignore', 'ignore_ament_install']
[0.148s] Level 1:colcon.colcon_core.package_identification:_identify(ros2_ws/src) by extension 'ignore'
[0.148s] Level 1:colcon.colcon_core.package_identification:_identify(ros2_ws/src) by extension 'ignore_ament_install'
[0.148s] Level 1:colcon.colcon_core.package_identification:_identify(ros2_ws/src) by extensions ['colcon_pkg']
[0.148s] Level 1:colcon.colcon_core.package_identification:_identify(ros2_ws/src) by extension 'colcon_pkg'
[0.148s] Level 1:colcon.colcon_core.package_identification:_identify(ros2_ws/src) by extensions ['colcon_meta']
[0.148s] Level 1:colcon.colcon_core.package_identification:_identify(ros2_ws/src) by extension 'colcon_meta'
[0.148s] Level 1:colcon.colcon_core.package_identification:_identify(ros2_ws/src) by extensions ['ros']
[0.148s] Level 1:colcon.colcon_core.package_identification:_identify(ros2_ws/src) by extension 'ros'
[0.148s] Level 1:colcon.colcon_core.package_identification:_identify(ros2_ws/src) by extensions ['cmake', 'python']
[0.148s] Level 1:colcon.colcon_core.package_identification:_identify(ros2_ws/src) by extension 'cmake'
[0.148s] Level 1:colcon.colcon_core.package_identification:_identify(ros2_ws/src) by extension 'python'
[0.148s] Level 1:colcon.colcon_core.package_identification:_identify(ros2_ws/src) by extensions ['python_setup_py']
[0.148s] Level 1:colcon.colcon_core.package_identification:_identify(ros2_ws/src) by extension 'python_setup_py'
[0.148s] Level 1:colcon.colcon_core.package_identification:_identify(ros2_ws/src/image_transport_plugins) by extensions ['ignore', 'ignore_ament_install']
[0.149s] Level 1:colcon.colcon_core.package_identification:_identify(ros2_ws/src/image_transport_plugins) by extension 'ignore'
[0.149s] Level 1:colcon.colcon_core.package_identification:_identify(ros2_ws/src/image_transport_plugins) by extension 'ignore_ament_install'
[0.149s] Level 1:colcon.colcon_core.package_identification:_identify(ros2_ws/src/image_transport_plugins) by extensions ['colcon_pkg']
[0.149s] Level 1:colcon.colcon_core.package_identification:_identify(ros2_ws/src/image_transport_plugins) by extension 'colcon_pkg'
[0.149s] Level 1:colcon.colcon_core.package_identification:_identify(ros2_ws/src/image_transport_plugins) by extensions ['colcon_meta']
[0.149s] Level 1:colcon.colcon_core.package_identification:_identify(ros2_ws/src/image_transport_plugins) by extension 'colcon_meta'
[0.149s] Level 1:colcon.colcon_core.package_identification:_identify(ros2_ws/src/image_transport_plugins) by extensions ['ros']
[0.149s] Level 1:colcon.colcon_core.package_identification:_identify(ros2_ws/src/image_transport_plugins) by extension 'ros'
[0.149s] Level 1:colcon.colcon_core.package_identification:_identify(ros2_ws/src/image_transport_plugins) by extensions ['cmake', 'python']
[0.149s] Level 1:colcon.colcon_core.package_identification:_identify(ros2_ws/src/image_transport_plugins) by extension 'cmake'
[0.149s] Level 1:colcon.colcon_core.package_identification:_identify(ros2_ws/src/image_transport_plugins) by extension 'python'
[0.149s] Level 1:colcon.colcon_core.package_identification:_identify(ros2_ws/src/image_transport_plugins) by extensions ['python_setup_py']
[0.149s] Level 1:colcon.colcon_core.package_identification:_identify(ros2_ws/src/image_transport_plugins) by extension 'python_setup_py'
[0.149s] Level 1:colcon.colcon_core.package_identification:_identify(ros2_ws/src/image_transport_plugins/compressed_depth_image_transport) by extensions ['ignore', 'ignore_ament_install']
[0.149s] Level 1:colcon.colcon_core.package_identification:_identify(ros2_ws/src/image_transport_plugins/compressed_depth_image_transport) by extension 'ignore'
[0.149s] Level 1:colcon.colcon_core.package_identification:_identify(ros2_ws/src/image_transport_plugins/compressed_depth_image_transport) by extension 'ignore_ament_install'
[0.149s] Level 1:colcon.colcon_core.package_identification:_identify(ros2_ws/src/image_transport_plugins/compressed_depth_image_transport) by extensions ['colcon_pkg']
[0.149s] Level 1:colcon.colcon_core.package_identification:_identify(ros2_ws/src/image_transport_plugins/compressed_depth_image_transport) by extension 'colcon_pkg'
[0.149s] Level 1:colcon.colcon_core.package_identification:_identify(ros2_ws/src/image_transport_plugins/compressed_depth_image_transport) by extensions ['colcon_meta']
[0.149s] Level 1:colcon.colcon_core.package_identification:_identify(ros2_ws/src/image_transport_plugins/compressed_depth_image_transport) by extension 'colcon_meta'
[0.149s] Level 1:colcon.colcon_core.package_identification:_identify(ros2_ws/src/image_transport_plugins/compressed_depth_image_transport) by extensions ['ros']
[0.149s] Level 1:colcon.colcon_core.package_identification:_identify(ros2_ws/src/image_transport_plugins/compressed_depth_image_transport) by extension 'ros'
[0.152s] DEBUG:colcon.colcon_core.package_identification:Package 'ros2_ws/src/image_transport_plugins/compressed_depth_image_transport' with type 'ros.ament_cmake' and name 'compressed_depth_image_transport'
[0.152s] Level 1:colcon.colcon_core.package_identification:_identify(ros2_ws/src/image_transport_plugins/compressed_image_transport) by extensions ['ignore', 'ignore_ament_install']
[0.152s] Level 1:colcon.colcon_core.package_identification:_identify(ros2_ws/src/image_transport_plugins/compressed_image_transport) by extension 'ignore'
[0.152s] Level 1:colcon.colcon_core.package_identification:_identify(ros2_ws/src/image_transport_plugins/compressed_image_transport) by extension 'ignore_ament_install'
[0.152s] Level 1:colcon.colcon_core.package_identification:_identify(ros2_ws/src/image_transport_plugins/compressed_image_transport) by extensions ['colcon_pkg']
[0.152s] Level 1:colcon.colcon_core.package_identification:_identify(ros2_ws/src/image_transport_plugins/compressed_image_transport) by extension 'colcon_pkg'
[0.152s] Level 1:colcon.colcon_core.package_identification:_identify(ros2_ws/src/image_transport_plugins/compressed_image_transport) by extensions ['colcon_meta']
[0.152s] Level 1:colcon.colcon_core.package_identification:_identify(ros2_ws/src/image_transport_plugins/compressed_image_transport) by extension 'colcon_meta'
[0.152s] Level 1:colcon.colcon_core.package_identification:_identify(ros2_ws/src/image_transport_plugins/compressed_image_transport) by extensions ['ros']
[0.152s] Level 1:colcon.colcon_core.package_identification:_identify(ros2_ws/src/image_transport_plugins/compressed_image_transport) by extension 'ros'
[0.153s] DEBUG:colcon.colcon_core.package_identification:Package 'ros2_ws/src/image_transport_plugins/compressed_image_transport' with type 'ros.ament_cmake' and name 'compressed_image_transport'
[0.153s] Level 1:colcon.colcon_core.package_identification:_identify(ros2_ws/src/image_transport_plugins/image_transport_plugins) by extensions ['ignore', 'ignore_ament_install']
[0.153s] Level 1:colcon.colcon_core.package_identification:_identify(ros2_ws/src/image_transport_plugins/image_transport_plugins) by extension 'ignore'
[0.153s] Level 1:colcon.colcon_core.package_identification:_identify(ros2_ws/src/image_transport_plugins/image_transport_plugins) by extension 'ignore_ament_install'
[0.153s] Level 1:colcon.colcon_core.package_identification:_identify(ros2_ws/src/image_transport_plugins/image_transport_plugins) by extensions ['colcon_pkg']
[0.153s] Level 1:colcon.colcon_core.package_identification:_identify(ros2_ws/src/image_transport_plugins/image_transport_plugins) by extension 'colcon_pkg'
[0.153s] Level 1:colcon.colcon_core.package_identification:_identify(ros2_ws/src/image_transport_plugins/image_transport_plugins) by extensions ['colcon_meta']
[0.153s] Level 1:colcon.colcon_core.package_identification:_identify(ros2_ws/src/image_transport_plugins/image_transport_plugins) by extension 'colcon_meta'
[0.153s] Level 1:colcon.colcon_core.package_identification:_identify(ros2_ws/src/image_transport_plugins/image_transport_plugins) by extensions ['ros']
[0.153s] Level 1:colcon.colcon_core.package_identification:_identify(ros2_ws/src/image_transport_plugins/image_transport_plugins) by extension 'ros'
[0.153s] DEBUG:colcon.colcon_core.package_identification:Package 'ros2_ws/src/image_transport_plugins/image_transport_plugins' with type 'ros.ament_cmake' and name 'image_transport_plugins'
[0.153s] Level 1:colcon.colcon_core.package_identification:_identify(ros2_ws/src/image_transport_plugins/theora_image_transport) by extensions ['ignore', 'ignore_ament_install']
[0.154s] Level 1:colcon.colcon_core.package_identification:_identify(ros2_ws/src/image_transport_plugins/theora_image_transport) by extension 'ignore'
[0.154s] Level 1:colcon.colcon_core.package_identification:_identify(ros2_ws/src/image_transport_plugins/theora_image_transport) by extension 'ignore_ament_install'
[0.154s] Level 1:colcon.colcon_core.package_identification:_identify(ros2_ws/src/image_transport_plugins/theora_image_transport) by extensions ['colcon_pkg']
[0.154s] Level 1:colcon.colcon_core.package_identification:_identify(ros2_ws/src/image_transport_plugins/theora_image_transport) by extension 'colcon_pkg'
[0.154s] Level 1:colcon.colcon_core.package_identification:_identify(ros2_ws/src/image_transport_plugins/theora_image_transport) by extensions ['colcon_meta']
[0.154s] Level 1:colcon.colcon_core.package_identification:_identify(ros2_ws/src/image_transport_plugins/theora_image_transport) by extension 'colcon_meta'
[0.154s] Level 1:colcon.colcon_core.package_identification:_identify(ros2_ws/src/image_transport_plugins/theora_image_transport) by extensions ['ros']
[0.154s] Level 1:colcon.colcon_core.package_identification:_identify(ros2_ws/src/image_transport_plugins/theora_image_transport) by extension 'ros'
[0.154s] DEBUG:colcon.colcon_core.package_identification:Package 'ros2_ws/src/image_transport_plugins/theora_image_transport' with type 'ros.ament_cmake' and name 'theora_image_transport'
[0.155s] Level 1:colcon.colcon_core.package_identification:_identify(ros2_ws/src/image_transport_plugins/zstd_image_transport) by extensions ['ignore', 'ignore_ament_install']
[0.155s] Level 1:colcon.colcon_core.package_identification:_identify(ros2_ws/src/image_transport_plugins/zstd_image_transport) by extension 'ignore'
[0.155s] Level 1:colcon.colcon_core.package_identification:_identify(ros2_ws/src/image_transport_plugins/zstd_image_transport) by extension 'ignore_ament_install'
[0.155s] Level 1:colcon.colcon_core.package_identification:_identify(ros2_ws/src/image_transport_plugins/zstd_image_transport) by extensions ['colcon_pkg']
[0.155s] Level 1:colcon.colcon_core.package_identification:_identify(ros2_ws/src/image_transport_plugins/zstd_image_transport) by extension 'colcon_pkg'
[0.155s] Level 1:colcon.colcon_core.package_identification:_identify(ros2_ws/src/image_transport_plugins/zstd_image_transport) by extensions ['colcon_meta']
[0.155s] Level 1:colcon.colcon_core.package_identification:_identify(ros2_ws/src/image_transport_plugins/zstd_image_transport) by extension 'colcon_meta'
[0.155s] Level 1:colcon.colcon_core.package_identification:_identify(ros2_ws/src/image_transport_plugins/zstd_image_transport) by extensions ['ros']
[0.155s] Level 1:colcon.colcon_core.package_identification:_identify(ros2_ws/src/image_transport_plugins/zstd_image_transport) by extension 'ros'
[0.155s] Level 1:colcon.colcon_core.package_identification:_identify(ros2_ws/src/image_transport_plugins/zstd_image_transport) by extensions ['cmake', 'python']
[0.155s] Level 1:colcon.colcon_core.package_identification:_identify(ros2_ws/src/image_transport_plugins/zstd_image_transport) by extension 'cmake'
[0.155s] Level 1:colcon.colcon_core.package_identification:_identify(ros2_ws/src/image_transport_plugins/zstd_image_transport) by extension 'python'
[0.155s] Level 1:colcon.colcon_core.package_identification:_identify(ros2_ws/src/image_transport_plugins/zstd_image_transport) by extensions ['python_setup_py']
[0.155s] Level 1:colcon.colcon_core.package_identification:_identify(ros2_ws/src/image_transport_plugins/zstd_image_transport) by extension 'python_setup_py'
[0.155s] Level 1:colcon.colcon_core.package_identification:_identify(ros2_ws/src/image_transport_plugins/zstd_image_transport/src) by extensions ['ignore', 'ignore_ament_install']
[0.155s] Level 1:colcon.colcon_core.package_identification:_identify(ros2_ws/src/image_transport_plugins/zstd_image_transport/src) by extension 'ignore'
[0.155s] Level 1:colcon.colcon_core.package_identification:_identify(ros2_ws/src/image_transport_plugins/zstd_image_transport/src) by extension 'ignore_ament_install'
[0.155s] Level 1:colcon.colcon_core.package_identification:_identify(ros2_ws/src/image_transport_plugins/zstd_image_transport/src) by extensions ['colcon_pkg']
[0.155s] Level 1:colcon.colcon_core.package_identification:_identify(ros2_ws/src/image_transport_plugins/zstd_image_transport/src) by extension 'colcon_pkg'
[0.155s] Level 1:colcon.colcon_core.package_identification:_identify(ros2_ws/src/image_transport_plugins/zstd_image_transport/src) by extensions ['colcon_meta']
[0.155s] Level 1:colcon.colcon_core.package_identification:_identify(ros2_ws/src/image_transport_plugins/zstd_image_transport/src) by extension 'colcon_meta'
[0.155s] Level 1:colcon.colcon_core.package_identification:_identify(ros2_ws/src/image_transport_plugins/zstd_image_transport/src) by extensions ['ros']
[0.155s] Level 1:colcon.colcon_core.package_identification:_identify(ros2_ws/src/image_transport_plugins/zstd_image_transport/src) by extension 'ros'
[0.155s] Level 1:colcon.colcon_core.package_identification:_identify(ros2_ws/src/image_transport_plugins/zstd_image_transport/src) by extensions ['cmake', 'python']
[0.155s] Level 1:colcon.colcon_core.package_identification:_identify(ros2_ws/src/image_transport_plugins/zstd_image_transport/src) by extension 'cmake'
[0.155s] Level 1:colcon.colcon_core.package_identification:_identify(ros2_ws/src/image_transport_plugins/zstd_image_transport/src) by extension 'python'
[0.155s] Level 1:colcon.colcon_core.package_identification:_identify(ros2_ws/src/image_transport_plugins/zstd_image_transport/src) by extensions ['python_setup_py']
[0.155s] Level 1:colcon.colcon_core.package_identification:_identify(ros2_ws/src/image_transport_plugins/zstd_image_transport/src) by extension 'python_setup_py'
[0.155s] Level 1:colcon.colcon_core.package_identification:_identify(ros2_ws/src/limo_control) by extensions ['ignore', 'ignore_ament_install']
[0.155s] Level 1:colcon.colcon_core.package_identification:_identify(ros2_ws/src/limo_control) by extension 'ignore'
[0.155s] Level 1:colcon.colcon_core.package_identification:_identify(ros2_ws/src/limo_control) by extension 'ignore_ament_install'
[0.156s] Level 1:colcon.colcon_core.package_identification:_identify(ros2_ws/src/limo_control) by extensions ['colcon_pkg']
[0.156s] Level 1:colcon.colcon_core.package_identification:_identify(ros2_ws/src/limo_control) by extension 'colcon_pkg'
[0.156s] Level 1:colcon.colcon_core.package_identification:_identify(ros2_ws/src/limo_control) by extensions ['colcon_meta']
[0.156s] Level 1:colcon.colcon_core.package_identification:_identify(ros2_ws/src/limo_control) by extension 'colcon_meta'
[0.156s] Level 1:colcon.colcon_core.package_identification:_identify(ros2_ws/src/limo_control) by extensions ['ros']
[0.156s] Level 1:colcon.colcon_core.package_identification:_identify(ros2_ws/src/limo_control) by extension 'ros'
[0.156s] DEBUG:colcon.colcon_core.package_identification:Package 'ros2_ws/src/limo_control' with type 'ros.ament_python' and name 'limo_control'
[0.156s] Level 1:colcon.colcon_core.package_identification:_identify(ros2_ws/src/limo_description) by extensions ['ignore', 'ignore_ament_install']
[0.156s] Level 1:colcon.colcon_core.package_identification:_identify(ros2_ws/src/limo_description) by extension 'ignore'
[0.156s] Level 1:colcon.colcon_core.package_identification:_identify(ros2_ws/src/limo_description) by extension 'ignore_ament_install'
[0.156s] Level 1:colcon.colcon_core.package_identification:_identify(ros2_ws/src/limo_description) by extensions ['colcon_pkg']
[0.156s] Level 1:colcon.colcon_core.package_identification:_identify(ros2_ws/src/limo_description) by extension 'colcon_pkg'
[0.156s] Level 1:colcon.colcon_core.package_identification:_identify(ros2_ws/src/limo_description) by extensions ['colcon_meta']
[0.156s] Level 1:colcon.colcon_core.package_identification:_identify(ros2_ws/src/limo_description) by extension 'colcon_meta'
[0.156s] Level 1:colcon.colcon_core.package_identification:_identify(ros2_ws/src/limo_description) by extensions ['ros']
[0.156s] Level 1:colcon.colcon_core.package_identification:_identify(ros2_ws/src/limo_description) by extension 'ros'
[0.157s] DEBUG:colcon.colcon_core.package_identification:Package 'ros2_ws/src/limo_description' with type 'ros.ament_python' and name 'limo_description'
[0.157s] Level 1:colcon.colcon_core.package_identification:_identify(ros2_ws/src/localization) by extensions ['ignore', 'ignore_ament_install']
[0.157s] Level 1:colcon.colcon_core.package_identification:_identify(ros2_ws/src/localization) by extension 'ignore'
[0.157s] Level 1:colcon.colcon_core.package_identification:_identify(ros2_ws/src/localization) by extension 'ignore_ament_install'
[0.157s] Level 1:colcon.colcon_core.package_identification:_identify(ros2_ws/src/localization) by extensions ['colcon_pkg']
[0.157s] Level 1:colcon.colcon_core.package_identification:_identify(ros2_ws/src/localization) by extension 'colcon_pkg'
[0.157s] Level 1:colcon.colcon_core.package_identification:_identify(ros2_ws/src/localization) by extensions ['colcon_meta']
[0.157s] Level 1:colcon.colcon_core.package_identification:_identify(ros2_ws/src/localization) by extension 'colcon_meta'
[0.157s] Level 1:colcon.colcon_core.package_identification:_identify(ros2_ws/src/localization) by extensions ['ros']
[0.157s] Level 1:colcon.colcon_core.package_identification:_identify(ros2_ws/src/localization) by extension 'ros'
[0.157s] DEBUG:colcon.colcon_core.package_identification:Package 'ros2_ws/src/localization' with type 'ros.ament_python' and name 'localization'
[0.157s] Level 1:colcon.colcon_core.package_identification:_identify(ros2_ws/src/plots) by extensions ['ignore', 'ignore_ament_install']
[0.157s] Level 1:colcon.colcon_core.package_identification:_identify(ros2_ws/src/plots) by extension 'ignore'
[0.157s] Level 1:colcon.colcon_core.package_identification:_identify(ros2_ws/src/plots) by extension 'ignore_ament_install'
[0.157s] Level 1:colcon.colcon_core.package_identification:_identify(ros2_ws/src/plots) by extensions ['colcon_pkg']
[0.157s] Level 1:colcon.colcon_core.package_identification:_identify(ros2_ws/src/plots) by extension 'colcon_pkg'
[0.157s] Level 1:colcon.colcon_core.package_identification:_identify(ros2_ws/src/plots) by extensions ['colcon_meta']
[0.157s] Level 1:colcon.colcon_core.package_identification:_identify(ros2_ws/src/plots) by extension 'colcon_meta'
[0.157s] Level 1:colcon.colcon_core.package_identification:_identify(ros2_ws/src/plots) by extensions ['ros']
[0.158s] Level 1:colcon.colcon_core.package_identification:_identify(ros2_ws/src/plots) by extension 'ros'
[0.158s] DEBUG:colcon.colcon_core.package_identification:Package 'ros2_ws/src/plots' with type 'ros.ament_python' and name 'plots'
[0.158s] Level 1:colcon.colcon_core.package_identification:_identify(ros2_ws/src/project_interfaces) by extensions ['ignore', 'ignore_ament_install']
[0.158s] Level 1:colcon.colcon_core.package_identification:_identify(ros2_ws/src/project_interfaces) by extension 'ignore'
[0.158s] Level 1:colcon.colcon_core.package_identification:_identify(ros2_ws/src/project_interfaces) by extension 'ignore_ament_install'
[0.158s] Level 1:colcon.colcon_core.package_identification:_identify(ros2_ws/src/project_interfaces) by extensions ['colcon_pkg']
[0.158s] Level 1:colcon.colcon_core.package_identification:_identify(ros2_ws/src/project_interfaces) by extension 'colcon_pkg'
[0.158s] Level 1:colcon.colcon_core.package_identification:_identify(ros2_ws/src/project_interfaces) by extensions ['colcon_meta']
[0.158s] Level 1:colcon.colcon_core.package_identification:_identify(ros2_ws/src/project_interfaces) by extension 'colcon_meta'
[0.158s] Level 1:colcon.colcon_core.package_identification:_identify(ros2_ws/src/project_interfaces) by extensions ['ros']
[0.158s] Level 1:colcon.colcon_core.package_identification:_identify(ros2_ws/src/project_interfaces) by extension 'ros'
[0.159s] DEBUG:colcon.colcon_core.package_identification:Package 'ros2_ws/src/project_interfaces' with type 'ros.ament_cmake' and name 'project_interfaces'
[0.159s] Level 1:colcon.colcon_core.package_identification:_identify(ros2_ws/src/simulation) by extensions ['ignore', 'ignore_ament_install']
[0.159s] Level 1:colcon.colcon_core.package_identification:_identify(ros2_ws/src/simulation) by extension 'ignore'
[0.159s] Level 1:colcon.colcon_core.package_identification:_identify(ros2_ws/src/simulation) by extension 'ignore_ament_install'
[0.159s] Level 1:colcon.colcon_core.package_identification:_identify(ros2_ws/src/simulation) by extensions ['colcon_pkg']
[0.159s] Level 1:colcon.colcon_core.package_identification:_identify(ros2_ws/src/simulation) by extension 'colcon_pkg'
[0.159s] Level 1:colcon.colcon_core.package_identification:_identify(ros2_ws/src/simulation) by extensions ['colcon_meta']
[0.159s] Level 1:colcon.colcon_core.package_identification:_identify(ros2_ws/src/simulation) by extension 'colcon_meta'
[0.159s] Level 1:colcon.colcon_core.package_identification:_identify(ros2_ws/src/simulation) by extensions ['ros']
[0.159s] Level 1:colcon.colcon_core.package_identification:_identify(ros2_ws/src/simulation) by extension 'ros'
[0.159s] DEBUG:colcon.colcon_core.package_identification:Package 'ros2_ws/src/simulation' with type 'ros.ament_python' and name 'simulation'
[0.159s] Level 1:colcon.colcon_core.package_identification:_identify(ros2_ws/src/vision) by extensions ['ignore', 'ignore_ament_install']
[0.159s] Level 1:colcon.colcon_core.package_identification:_identify(ros2_ws/src/vision) by extension 'ignore'
[0.159s] Level 1:colcon.colcon_core.package_identification:_identify(ros2_ws/src/vision) by extension 'ignore_ament_install'
[0.159s] Level 1:colcon.colcon_core.package_identification:_identify(ros2_ws/src/vision) by extensions ['colcon_pkg']
[0.159s] Level 1:colcon.colcon_core.package_identification:_identify(ros2_ws/src/vision) by extension 'colcon_pkg'
[0.159s] Level 1:colcon.colcon_core.package_identification:_identify(ros2_ws/src/vision) by extensions ['colcon_meta']
[0.159s] Level 1:colcon.colcon_core.package_identification:_identify(ros2_ws/src/vision) by extension 'colcon_meta'
[0.159s] Level 1:colcon.colcon_core.package_identification:_identify(ros2_ws/src/vision) by extensions ['ros']
[0.159s] Level 1:colcon.colcon_core.package_identification:_identify(ros2_ws/src/vision) by extension 'ros'
[0.160s] DEBUG:colcon.colcon_core.package_identification:Package 'ros2_ws/src/vision' with type 'ros.ament_python' and name 'vision'
[0.160s] Level 1:colcon.colcon_core.package_discovery:discover_packages(recursive) using defaults
[0.160s] Level 1:colcon.colcon_core.package_discovery:discover_packages(ignore) discover
[0.160s] Level 1:colcon.colcon_core.package_discovery:discover_packages(ignore) using defaults
[0.160s] Level 1:colcon.colcon_core.package_discovery:discover_packages(path) discover
[0.160s] Level 1:colcon.colcon_core.package_discovery:discover_packages(path) using defaults
[0.178s] Level 1:colcon.colcon_core.package_discovery:discover_packages(prefix_path) check parameters
[0.178s] Level 1:colcon.colcon_core.package_discovery:discover_packages(prefix_path) discover
[0.179s] DEBUG:colcon.colcon_installed_package_information.package_discovery:Found 235 installed packages in /opt/ros/humble
[0.180s] Level 1:colcon.colcon_core.package_discovery:discover_packages(prefix_path) using defaults
[0.218s] Level 5:colcon.colcon_core.verb:set package 'compressed_depth_image_transport' build argument 'cmake_args' from command line to 'None'
[0.218s] Level 5:colcon.colcon_core.verb:set package 'compressed_depth_image_transport' build argument 'cmake_target' from command line to 'None'
[0.218s] Level 5:colcon.colcon_core.verb:set package 'compressed_depth_image_transport' build argument 'cmake_target_skip_unavailable' from command line to 'False'
[0.218s] Level 5:colcon.colcon_core.verb:set package 'compressed_depth_image_transport' build argument 'cmake_clean_cache' from command line to 'False'
[0.218s] Level 5:colcon.colcon_core.verb:set package 'compressed_depth_image_transport' build argument 'cmake_clean_first' from command line to 'False'
[0.218s] Level 5:colcon.colcon_core.verb:set package 'compressed_depth_image_transport' build argument 'cmake_force_configure' from command line to 'False'
[0.218s] Level 5:colcon.colcon_core.verb:set package 'compressed_depth_image_transport' build argument 'ament_cmake_args' from command line to 'None'
[0.218s] Level 5:colcon.colcon_core.verb:set package 'compressed_depth_image_transport' build argument 'catkin_cmake_args' from command line to 'None'
[0.218s] Level 5:colcon.colcon_core.verb:set package 'compressed_depth_image_transport' build argument 'catkin_skip_building_tests' from command line to 'False'
[0.218s] DEBUG:colcon.colcon_core.verb:Building package 'compressed_depth_image_transport' with the following arguments: {'ament_cmake_args': None, 'build_base': '/home/marco/marco/uni/magistrale/IDS_project/build/compressed_depth_image_transport', 'catkin_cmake_args': None, 'catkin_skip_building_tests': False, 'cmake_args': None, 'cmake_clean_cache': False, 'cmake_clean_first': False, 'cmake_force_configure': False, 'cmake_target': None, 'cmake_target_skip_unavailable': False, 'install_base': '/home/marco/marco/uni/magistrale/IDS_project/install/compressed_depth_image_transport', 'merge_install': False, 'path': '/home/marco/marco/uni/magistrale/IDS_project/ros2_ws/src/image_transport_plugins/compressed_depth_image_transport', 'symlink_install': False, 'test_result_base': None}
[0.218s] Level 5:colcon.colcon_core.verb:set package 'compressed_image_transport' build argument 'cmake_args' from command line to 'None'
[0.218s] Level 5:colcon.colcon_core.verb:set package 'compressed_image_transport' build argument 'cmake_target' from command line to 'None'
[0.218s] Level 5:colcon.colcon_core.verb:set package 'compressed_image_transport' build argument 'cmake_target_skip_unavailable' from command line to 'False'
[0.219s] Level 5:colcon.colcon_core.verb:set package 'compressed_image_transport' build argument 'cmake_clean_cache' from command line to 'False'
[0.219s] Level 5:colcon.colcon_core.verb:set package 'compressed_image_transport' build argument 'cmake_clean_first' from command line to 'False'
[0.219s] Level 5:colcon.colcon_core.verb:set package 'compressed_image_transport' build argument 'cmake_force_configure' from command line to 'False'
[0.219s] Level 5:colcon.colcon_core.verb:set package 'compressed_image_transport' build argument 'ament_cmake_args' from command line to 'None'
[0.219s] Level 5:colcon.colcon_core.verb:set package 'compressed_image_transport' build argument 'catkin_cmake_args' from command line to 'None'
[0.219s] Level 5:colcon.colcon_core.verb:set package 'compressed_image_transport' build argument 'catkin_skip_building_tests' from command line to 'False'
[0.219s] DEBUG:colcon.colcon_core.verb:Building package 'compressed_image_transport' with the following arguments: {'ament_cmake_args': None, 'build_base': '/home/marco/marco/uni/magistrale/IDS_project/build/compressed_image_transport', 'catkin_cmake_args': None, 'catkin_skip_building_tests': False, 'cmake_args': None, 'cmake_clean_cache': False, 'cmake_clean_first': False, 'cmake_force_configure': False, 'cmake_target': None, 'cmake_target_skip_unavailable': False, 'install_base': '/home/marco/marco/uni/magistrale/IDS_project/install/compressed_image_transport', 'merge_install': False, 'path': '/home/marco/marco/uni/magistrale/IDS_project/ros2_ws/src/image_transport_plugins/compressed_image_transport', 'symlink_install': False, 'test_result_base': None}
[0.219s] Level 5:colcon.colcon_core.verb:set package 'limo_control' build argument 'cmake_args' from command line to 'None'
[0.219s] Level 5:colcon.colcon_core.verb:set package 'limo_control' build argument 'cmake_target' from command line to 'None'
[0.219s] Level 5:colcon.colcon_core.verb:set package 'limo_control' build argument 'cmake_target_skip_unavailable' from command line to 'False'
[0.219s] Level 5:colcon.colcon_core.verb:set package 'limo_control' build argument 'cmake_clean_cache' from command line to 'False'
[0.219s] Level 5:colcon.colcon_core.verb:set package 'limo_control' build argument 'cmake_clean_first' from command line to 'False'
[0.219s] Level 5:colcon.colcon_core.verb:set package 'limo_control' build argument 'cmake_force_configure' from command line to 'False'
[0.219s] Level 5:colcon.colcon_core.verb:set package 'limo_control' build argument 'ament_cmake_args' from command line to 'None'
[0.219s] Level 5:colcon.colcon_core.verb:set package 'limo_control' build argument 'catkin_cmake_args' from command line to 'None'
[0.219s] Level 5:colcon.colcon_core.verb:set package 'limo_control' build argument 'catkin_skip_building_tests' from command line to 'False'
[0.219s] DEBUG:colcon.colcon_core.verb:Building package 'limo_control' with the following arguments: {'ament_cmake_args': None, 'build_base': '/home/marco/marco/uni/magistrale/IDS_project/build/limo_control', 'catkin_cmake_args': None, 'catkin_skip_building_tests': False, 'cmake_args': None, 'cmake_clean_cache': False, 'cmake_clean_first': False, 'cmake_force_configure': False, 'cmake_target': None, 'cmake_target_skip_unavailable': False, 'install_base': '/home/marco/marco/uni/magistrale/IDS_project/install/limo_control', 'merge_install': False, 'path': '/home/marco/marco/uni/magistrale/IDS_project/ros2_ws/src/limo_control', 'symlink_install': False, 'test_result_base': None}
[0.219s] Level 5:colcon.colcon_core.verb:set package 'limo_description' build argument 'cmake_args' from command line to 'None'
[0.219s] Level 5:colcon.colcon_core.verb:set package 'limo_description' build argument 'cmake_target' from command line to 'None'
[0.219s] Level 5:colcon.colcon_core.verb:set package 'limo_description' build argument 'cmake_target_skip_unavailable' from command line to 'False'
[0.219s] Level 5:colcon.colcon_core.verb:set package 'limo_description' build argument 'cmake_clean_cache' from command line to 'False'
[0.219s] Level 5:colcon.colcon_core.verb:set package 'limo_description' build argument 'cmake_clean_first' from command line to 'False'
[0.219s] Level 5:colcon.colcon_core.verb:set package 'limo_description' build argument 'cmake_force_configure' from command line to 'False'
[0.220s] Level 5:colcon.colcon_core.verb:set package 'limo_description' build argument 'ament_cmake_args' from command line to 'None'
[0.220s] Level 5:colcon.colcon_core.verb:set package 'limo_description' build argument 'catkin_cmake_args' from command line to 'None'
[0.220s] Level 5:colcon.colcon_core.verb:set package 'limo_description' build argument 'catkin_skip_building_tests' from command line to 'False'
[0.220s] DEBUG:colcon.colcon_core.verb:Building package 'limo_description' with the following arguments: {'ament_cmake_args': None, 'build_base': '/home/marco/marco/uni/magistrale/IDS_project/build/limo_description', 'catkin_cmake_args': None, 'catkin_skip_building_tests': False, 'cmake_args': None, 'cmake_clean_cache': False, 'cmake_clean_first': False, 'cmake_force_configure': False, 'cmake_target': None, 'cmake_target_skip_unavailable': False, 'install_base': '/home/marco/marco/uni/magistrale/IDS_project/install/limo_description', 'merge_install': False, 'path': '/home/marco/marco/uni/magistrale/IDS_project/ros2_ws/src/limo_description', 'symlink_install': False, 'test_result_base': None}
[0.220s] Level 5:colcon.colcon_core.verb:set package 'localization' build argument 'cmake_args' from command line to 'None'
[0.220s] Level 5:colcon.colcon_core.verb:set package 'localization' build argument 'cmake_target' from command line to 'None'
[0.220s] Level 5:colcon.colcon_core.verb:set package 'localization' build argument 'cmake_target_skip_unavailable' from command line to 'False'
[0.220s] Level 5:colcon.colcon_core.verb:set package 'localization' build argument 'cmake_clean_cache' from command line to 'False'
[0.220s] Level 5:colcon.colcon_core.verb:set package 'localization' build argument 'cmake_clean_first' from command line to 'False'
[0.220s] Level 5:colcon.colcon_core.verb:set package 'localization' build argument 'cmake_force_configure' from command line to 'False'
[0.220s] Level 5:colcon.colcon_core.verb:set package 'localization' build argument 'ament_cmake_args' from command line to 'None'
[0.220s] Level 5:colcon.colcon_core.verb:set package 'localization' build argument 'catkin_cmake_args' from command line to 'None'
[0.220s] Level 5:colcon.colcon_core.verb:set package 'localization' build argument 'catkin_skip_building_tests' from command line to 'False'
[0.220s] DEBUG:colcon.colcon_core.verb:Building package 'localization' with the following arguments: {'ament_cmake_args': None, 'build_base': '/home/marco/marco/uni/magistrale/IDS_project/build/localization', 'catkin_cmake_args': None, 'catkin_skip_building_tests': False, 'cmake_args': None, 'cmake_clean_cache': False, 'cmake_clean_first': False, 'cmake_force_configure': False, 'cmake_target': None, 'cmake_target_skip_unavailable': False, 'install_base': '/home/marco/marco/uni/magistrale/IDS_project/install/localization', 'merge_install': False, 'path': '/home/marco/marco/uni/magistrale/IDS_project/ros2_ws/src/localization', 'symlink_install': False, 'test_result_base': None}
[0.220s] Level 5:colcon.colcon_core.verb:set package 'plots' build argument 'cmake_args' from command line to 'None'
[0.220s] Level 5:colcon.colcon_core.verb:set package 'plots' build argument 'cmake_target' from command line to 'None'
[0.220s] Level 5:colcon.colcon_core.verb:set package 'plots' build argument 'cmake_target_skip_unavailable' from command line to 'False'
[0.220s] Level 5:colcon.colcon_core.verb:set package 'plots' build argument 'cmake_clean_cache' from command line to 'False'
[0.220s] Level 5:colcon.colcon_core.verb:set package 'plots' build argument 'cmake_clean_first' from command line to 'False'
[0.220s] Level 5:colcon.colcon_core.verb:set package 'plots' build argument 'cmake_force_configure' from command line to 'False'
[0.220s] Level 5:colcon.colcon_core.verb:set package 'plots' build argument 'ament_cmake_args' from command line to 'None'
[0.220s] Level 5:colcon.colcon_core.verb:set package 'plots' build argument 'catkin_cmake_args' from command line to 'None'
[0.220s] Level 5:colcon.colcon_core.verb:set package 'plots' build argument 'catkin_skip_building_tests' from command line to 'False'
[0.220s] DEBUG:colcon.colcon_core.verb:Building package 'plots' with the following arguments: {'ament_cmake_args': None, 'build_base': '/home/marco/marco/uni/magistrale/IDS_project/build/plots', 'catkin_cmake_args': None, 'catkin_skip_building_tests': False, 'cmake_args': None, 'cmake_clean_cache': False, 'cmake_clean_first': False, 'cmake_force_configure': False, 'cmake_target': None, 'cmake_target_skip_unavailable': False, 'install_base': '/home/marco/marco/uni/magistrale/IDS_project/install/plots', 'merge_install': False, 'path': '/home/marco/marco/uni/magistrale/IDS_project/ros2_ws/src/plots', 'symlink_install': False, 'test_result_base': None}
[0.221s] Level 5:colcon.colcon_core.verb:set package 'project_interfaces' build argument 'cmake_args' from command line to 'None'
[0.221s] Level 5:colcon.colcon_core.verb:set package 'project_interfaces' build argument 'cmake_target' from command line to 'None'
[0.221s] Level 5:colcon.colcon_core.verb:set package 'project_interfaces' build argument 'cmake_target_skip_unavailable' from command line to 'False'
[0.221s] Level 5:colcon.colcon_core.verb:set package 'project_interfaces' build argument 'cmake_clean_cache' from command line to 'False'
[0.221s] Level 5:colcon.colcon_core.verb:set package 'project_interfaces' build argument 'cmake_clean_first' from command line to 'False'
[0.221s] Level 5:colcon.colcon_core.verb:set package 'project_interfaces' build argument 'cmake_force_configure' from command line to 'False'
[0.221s] Level 5:colcon.colcon_core.verb:set package 'project_interfaces' build argument 'ament_cmake_args' from command line to 'None'
[0.221s] Level 5:colcon.colcon_core.verb:set package 'project_interfaces' build argument 'catkin_cmake_args' from command line to 'None'
[0.221s] Level 5:colcon.colcon_core.verb:set package 'project_interfaces' build argument 'catkin_skip_building_tests' from command line to 'False'
[0.221s] DEBUG:colcon.colcon_core.verb:Building package 'project_interfaces' with the following arguments: {'ament_cmake_args': None, 'build_base': '/home/marco/marco/uni/magistrale/IDS_project/build/project_interfaces', 'catkin_cmake_args': None, 'catkin_skip_building_tests': False, 'cmake_args': None, 'cmake_clean_cache': False, 'cmake_clean_first': False, 'cmake_force_configure': False, 'cmake_target': None, 'cmake_target_skip_unavailable': False, 'install_base': '/home/marco/marco/uni/magistrale/IDS_project/install/project_interfaces', 'merge_install': False, 'path': '/home/marco/marco/uni/magistrale/IDS_project/ros2_ws/src/project_interfaces', 'symlink_install': False, 'test_result_base': None}
[0.221s] Level 5:colcon.colcon_core.verb:set package 'simulation' build argument 'cmake_args' from command line to 'None'
[0.221s] Level 5:colcon.colcon_core.verb:set package 'simulation' build argument 'cmake_target' from command line to 'None'
[0.221s] Level 5:colcon.colcon_core.verb:set package 'simulation' build argument 'cmake_target_skip_unavailable' from command line to 'False'
[0.221s] Level 5:colcon.colcon_core.verb:set package 'simulation' build argument 'cmake_clean_cache' from command line to 'False'
[0.221s] Level 5:colcon.colcon_core.verb:set package 'simulation' build argument 'cmake_clean_first' from command line to 'False'
[0.221s] Level 5:colcon.colcon_core.verb:set package 'simulation' build argument 'cmake_force_configure' from command line to 'False'
[0.221s] Level 5:colcon.colcon_core.verb:set package 'simulation' build argument 'ament_cmake_args' from command line to 'None'
[0.221s] Level 5:colcon.colcon_core.verb:set package 'simulation' build argument 'catkin_cmake_args' from command line to 'None'
[0.221s] Level 5:colcon.colcon_core.verb:set package 'simulation' build argument 'catkin_skip_building_tests' from command line to 'False'
[0.221s] DEBUG:colcon.colcon_core.verb:Building package 'simulation' with the following arguments: {'ament_cmake_args': None, 'build_base': '/home/marco/marco/uni/magistrale/IDS_project/build/simulation', 'catkin_cmake_args': None, 'catkin_skip_building_tests': False, 'cmake_args': None, 'cmake_clean_cache': False, 'cmake_clean_first': False, 'cmake_force_configure': False, 'cmake_target': None, 'cmake_target_skip_unavailable': False, 'install_base': '/home/marco/marco/uni/magistrale/IDS_project/install/simulation', 'merge_install': False, 'path': '/home/marco/marco/uni/magistrale/IDS_project/ros2_ws/src/simulation', 'symlink_install': False, 'test_result_base': None}
[0.221s] Level 5:colcon.colcon_core.verb:set package 'theora_image_transport' build argument 'cmake_args' from command line to 'None'
[0.221s] Level 5:colcon.colcon_core.verb:set package 'theora_image_transport' build argument 'cmake_target' from command line to 'None'
[0.221s] Level 5:colcon.colcon_core.verb:set package 'theora_image_transport' build argument 'cmake_target_skip_unavailable' from command line to 'False'
[0.221s] Level 5:colcon.colcon_core.verb:set package 'theora_image_transport' build argument 'cmake_clean_cache' from command line to 'False'
[0.221s] Level 5:colcon.colcon_core.verb:set package 'theora_image_transport' build argument 'cmake_clean_first' from command line to 'False'
[0.221s] Level 5:colcon.colcon_core.verb:set package 'theora_image_transport' build argument 'cmake_force_configure' from command line to 'False'
[0.221s] Level 5:colcon.colcon_core.verb:set package 'theora_image_transport' build argument 'ament_cmake_args' from command line to 'None'
[0.221s] Level 5:colcon.colcon_core.verb:set package 'theora_image_transport' build argument 'catkin_cmake_args' from command line to 'None'
[0.221s] Level 5:colcon.colcon_core.verb:set package 'theora_image_transport' build argument 'catkin_skip_building_tests' from command line to 'False'
[0.221s] DEBUG:colcon.colcon_core.verb:Building package 'theora_image_transport' with the following arguments: {'ament_cmake_args': None, 'build_base': '/home/marco/marco/uni/magistrale/IDS_project/build/theora_image_transport', 'catkin_cmake_args': None, 'catkin_skip_building_tests': False, 'cmake_args': None, 'cmake_clean_cache': False, 'cmake_clean_first': False, 'cmake_force_configure': False, 'cmake_target': None, 'cmake_target_skip_unavailable': False, 'install_base': '/home/marco/marco/uni/magistrale/IDS_project/install/theora_image_transport', 'merge_install': False, 'path': '/home/marco/marco/uni/magistrale/IDS_project/ros2_ws/src/image_transport_plugins/theora_image_transport', 'symlink_install': False, 'test_result_base': None}
[0.221s] Level 5:colcon.colcon_core.verb:set package 'vision' build argument 'cmake_args' from command line to 'None'
[0.221s] Level 5:colcon.colcon_core.verb:set package 'vision' build argument 'cmake_target' from command line to 'None'
[0.221s] Level 5:colcon.colcon_core.verb:set package 'vision' build argument 'cmake_target_skip_unavailable' from command line to 'False'
[0.221s] Level 5:colcon.colcon_core.verb:set package 'vision' build argument 'cmake_clean_cache' from command line to 'False'
[0.221s] Level 5:colcon.colcon_core.verb:set package 'vision' build argument 'cmake_clean_first' from command line to 'False'
[0.221s] Level 5:colcon.colcon_core.verb:set package 'vision' build argument 'cmake_force_configure' from command line to 'False'
[0.221s] Level 5:colcon.colcon_core.verb:set package 'vision' build argument 'ament_cmake_args' from command line to 'None'
[0.221s] Level 5:colcon.colcon_core.verb:set package 'vision' build argument 'catkin_cmake_args' from command line to 'None'
[0.221s] Level 5:colcon.colcon_core.verb:set package 'vision' build argument 'catkin_skip_building_tests' from command line to 'False'
[0.222s] DEBUG:colcon.colcon_core.verb:Building package 'vision' with the following arguments: {'ament_cmake_args': None, 'build_base': '/home/marco/marco/uni/magistrale/IDS_project/build/vision', 'catkin_cmake_args': None, 'catkin_skip_building_tests': False, 'cmake_args': None, 'cmake_clean_cache': False, 'cmake_clean_first': False, 'cmake_force_configure': False, 'cmake_target': None, 'cmake_target_skip_unavailable': False, 'install_base': '/home/marco/marco/uni/magistrale/IDS_project/install/vision', 'merge_install': False, 'path': '/home/marco/marco/uni/magistrale/IDS_project/ros2_ws/src/vision', 'symlink_install': False, 'test_result_base': None}
[0.222s] Level 5:colcon.colcon_core.verb:set package 'image_transport_plugins' build argument 'cmake_args' from command line to 'None'
[0.222s] Level 5:colcon.colcon_core.verb:set package 'image_transport_plugins' build argument 'cmake_target' from command line to 'None'
[0.222s] Level 5:colcon.colcon_core.verb:set package 'image_transport_plugins' build argument 'cmake_target_skip_unavailable' from command line to 'False'
[0.222s] Level 5:colcon.colcon_core.verb:set package 'image_transport_plugins' build argument 'cmake_clean_cache' from command line to 'False'
[0.222s] Level 5:colcon.colcon_core.verb:set package 'image_transport_plugins' build argument 'cmake_clean_first' from command line to 'False'
[0.222s] Level 5:colcon.colcon_core.verb:set package 'image_transport_plugins' build argument 'cmake_force_configure' from command line to 'False'
[0.222s] Level 5:colcon.colcon_core.verb:set package 'image_transport_plugins' build argument 'ament_cmake_args' from command line to 'None'
[0.222s] Level 5:colcon.colcon_core.verb:set package 'image_transport_plugins' build argument 'catkin_cmake_args' from command line to 'None'
[0.222s] Level 5:colcon.colcon_core.verb:set package 'image_transport_plugins' build argument 'catkin_skip_building_tests' from command line to 'False'
[0.222s] DEBUG:colcon.colcon_core.verb:Building package 'image_transport_plugins' with the following arguments: {'ament_cmake_args': None, 'build_base': '/home/marco/marco/uni/magistrale/IDS_project/build/image_transport_plugins', 'catkin_cmake_args': None, 'catkin_skip_building_tests': False, 'cmake_args': None, 'cmake_clean_cache': False, 'cmake_clean_first': False, 'cmake_force_configure': False, 'cmake_target': None, 'cmake_target_skip_unavailable': False, 'install_base': '/home/marco/marco/uni/magistrale/IDS_project/install/image_transport_plugins', 'merge_install': False, 'path': '/home/marco/marco/uni/magistrale/IDS_project/ros2_ws/src/image_transport_plugins/image_transport_plugins', 'symlink_install': False, 'test_result_base': None}
[0.222s] INFO:colcon.colcon_core.executor:Executing jobs using 'parallel' executor
[0.223s] DEBUG:colcon.colcon_parallel_executor.executor.parallel:run_until_complete
[0.223s] INFO:colcon.colcon_ros.task.ament_cmake.build:Building ROS package in '/home/marco/marco/uni/magistrale/IDS_project/ros2_ws/src/image_transport_plugins/compressed_depth_image_transport' with build type 'ament_cmake'
[0.223s] INFO:colcon.colcon_cmake.task.cmake.build:Building CMake package in '/home/marco/marco/uni/magistrale/IDS_project/ros2_ws/src/image_transport_plugins/compressed_depth_image_transport'
[0.225s] INFO:colcon.colcon_core.plugin_system:Skipping extension 'colcon_core.shell.bat': Not used on non-Windows systems
[0.225s] INFO:colcon.colcon_core.shell:Skip shell extension 'powershell' for command environment: Not usable outside of PowerShell
[0.225s] DEBUG:colcon.colcon_core.shell:Skip shell extension 'dsv' for command environment
[0.227s] INFO:colcon.colcon_ros.task.ament_cmake.build:Building ROS package in '/home/marco/marco/uni/magistrale/IDS_project/ros2_ws/src/image_transport_plugins/compressed_image_transport' with build type 'ament_cmake'
[0.227s] INFO:colcon.colcon_cmake.task.cmake.build:Building CMake package in '/home/marco/marco/uni/magistrale/IDS_project/ros2_ws/src/image_transport_plugins/compressed_image_transport'
[0.227s] INFO:colcon.colcon_core.shell:Skip shell extension 'powershell' for command environment: Not usable outside of PowerShell
[0.227s] DEBUG:colcon.colcon_core.shell:Skip shell extension 'dsv' for command environment
[0.229s] INFO:colcon.colcon_ros.task.ament_cmake.build:Building ROS package in '/home/marco/marco/uni/magistrale/IDS_project/ros2_ws/src/image_transport_plugins/theora_image_transport' with build type 'ament_cmake'
[0.229s] INFO:colcon.colcon_cmake.task.cmake.build:Building CMake package in '/home/marco/marco/uni/magistrale/IDS_project/ros2_ws/src/image_transport_plugins/theora_image_transport'
[0.229s] INFO:colcon.colcon_core.shell:Skip shell extension 'powershell' for command environment: Not usable outside of PowerShell
[0.229s] DEBUG:colcon.colcon_core.shell:Skip shell extension 'dsv' for command environment
[0.231s] INFO:colcon.colcon_ros.task.ament_python.build:Building ROS package in '/home/marco/marco/uni/magistrale/IDS_project/ros2_ws/src/limo_control' with build type 'ament_python'
[0.231s] Level 1:colcon.colcon_core.shell:create_environment_hook('limo_control', 'ament_prefix_path')
[0.231s] INFO:colcon.colcon_core.shell:Creating environment hook '/home/marco/marco/uni/magistrale/IDS_project/install/limo_control/share/limo_control/hook/ament_prefix_path.ps1'
[0.232s] INFO:colcon.colcon_core.shell:Creating environment descriptor '/home/marco/marco/uni/magistrale/IDS_project/install/limo_control/share/limo_control/hook/ament_prefix_path.dsv'
[0.232s] INFO:colcon.colcon_core.shell:Creating environment hook '/home/marco/marco/uni/magistrale/IDS_project/install/limo_control/share/limo_control/hook/ament_prefix_path.sh'
[0.232s] INFO:colcon.colcon_core.shell:Skip shell extension 'powershell' for command environment: Not usable outside of PowerShell
[0.233s] DEBUG:colcon.colcon_core.shell:Skip shell extension 'dsv' for command environment
[0.234s] INFO:colcon.colcon_ros.task.ament_python.build:Building ROS package in '/home/marco/marco/uni/magistrale/IDS_project/ros2_ws/src/limo_description' with build type 'ament_python'
[0.234s] Level 1:colcon.colcon_core.shell:create_environment_hook('limo_description', 'ament_prefix_path')
[0.234s] INFO:colcon.colcon_core.shell:Creating environment hook '/home/marco/marco/uni/magistrale/IDS_project/install/limo_description/share/limo_description/hook/ament_prefix_path.ps1'
[0.235s] INFO:colcon.colcon_core.shell:Creating environment descriptor '/home/marco/marco/uni/magistrale/IDS_project/install/limo_description/share/limo_description/hook/ament_prefix_path.dsv'
[0.235s] INFO:colcon.colcon_core.shell:Creating environment hook '/home/marco/marco/uni/magistrale/IDS_project/install/limo_description/share/limo_description/hook/ament_prefix_path.sh'
[0.235s] INFO:colcon.colcon_core.shell:Skip shell extension 'powershell' for command environment: Not usable outside of PowerShell
[0.235s] DEBUG:colcon.colcon_core.shell:Skip shell extension 'dsv' for command environment
[0.238s] INFO:colcon.colcon_ros.task.ament_python.build:Building ROS package in '/home/marco/marco/uni/magistrale/IDS_project/ros2_ws/src/localization' with build type 'ament_python'
[0.238s] Level 1:colcon.colcon_core.shell:create_environment_hook('localization', 'ament_prefix_path')
[0.238s] INFO:colcon.colcon_core.shell:Creating environment hook '/home/marco/marco/uni/magistrale/IDS_project/install/localization/share/localization/hook/ament_prefix_path.ps1'
[0.239s] INFO:colcon.colcon_core.shell:Creating environment descriptor '/home/marco/marco/uni/magistrale/IDS_project/install/localization/share/localization/hook/ament_prefix_path.dsv'
[0.240s] INFO:colcon.colcon_core.shell:Creating environment hook '/home/marco/marco/uni/magistrale/IDS_project/install/localization/share/localization/hook/ament_prefix_path.sh'
[0.240s] INFO:colcon.colcon_core.shell:Skip shell extension 'powershell' for command environment: Not usable outside of PowerShell
[0.240s] DEBUG:colcon.colcon_core.shell:Skip shell extension 'dsv' for command environment
[0.243s] INFO:colcon.colcon_ros.task.ament_python.build:Building ROS package in '/home/marco/marco/uni/magistrale/IDS_project/ros2_ws/src/plots' with build type 'ament_python'
[0.243s] Level 1:colcon.colcon_core.shell:create_environment_hook('plots', 'ament_prefix_path')
[0.244s] INFO:colcon.colcon_core.shell:Creating environment hook '/home/marco/marco/uni/magistrale/IDS_project/install/plots/share/plots/hook/ament_prefix_path.ps1'
[0.244s] INFO:colcon.colcon_core.shell:Creating environment descriptor '/home/marco/marco/uni/magistrale/IDS_project/install/plots/share/plots/hook/ament_prefix_path.dsv'
[0.244s] INFO:colcon.colcon_core.shell:Creating environment hook '/home/marco/marco/uni/magistrale/IDS_project/install/plots/share/plots/hook/ament_prefix_path.sh'
[0.245s] INFO:colcon.colcon_core.shell:Skip shell extension 'powershell' for command environment: Not usable outside of PowerShell
[0.245s] DEBUG:colcon.colcon_core.shell:Skip shell extension 'dsv' for command environment
[0.247s] INFO:colcon.colcon_ros.task.ament_cmake.build:Building ROS package in '/home/marco/marco/uni/magistrale/IDS_project/ros2_ws/src/project_interfaces' with build type 'ament_cmake'
[0.248s] INFO:colcon.colcon_cmake.task.cmake.build:Building CMake package in '/home/marco/marco/uni/magistrale/IDS_project/ros2_ws/src/project_interfaces'
[0.248s] INFO:colcon.colcon_core.shell:Skip shell extension 'powershell' for command environment: Not usable outside of PowerShell
[0.248s] DEBUG:colcon.colcon_core.shell:Skip shell extension 'dsv' for command environment
[0.255s] DEBUG:colcon.colcon_core.event_handler.log_command:Invoking command in '/home/marco/marco/uni/magistrale/IDS_project/build/compressed_depth_image_transport': CMAKE_PREFIX_PATH=/opt/ros/humble /usr/bin/cmake /home/marco/marco/uni/magistrale/IDS_project/ros2_ws/src/image_transport_plugins/compressed_depth_image_transport -DCMAKE_INSTALL_PREFIX=/home/marco/marco/uni/magistrale/IDS_project/install/compressed_depth_image_transport
[0.263s] DEBUG:colcon.colcon_core.event_handler.log_command:Invoking command in '/home/marco/marco/uni/magistrale/IDS_project/build/compressed_image_transport': CMAKE_PREFIX_PATH=/opt/ros/humble /usr/bin/cmake /home/marco/marco/uni/magistrale/IDS_project/ros2_ws/src/image_transport_plugins/compressed_image_transport -DCMAKE_INSTALL_PREFIX=/home/marco/marco/uni/magistrale/IDS_project/install/compressed_image_transport
[0.268s] DEBUG:colcon.colcon_core.event_handler.log_command:Invoking command in '/home/marco/marco/uni/magistrale/IDS_project/build/theora_image_transport': CMAKE_PREFIX_PATH=/opt/ros/humble /usr/bin/cmake /home/marco/marco/uni/magistrale/IDS_project/ros2_ws/src/image_transport_plugins/theora_image_transport -DCMAKE_INSTALL_PREFIX=/home/marco/marco/uni/magistrale/IDS_project/install/theora_image_transport
[0.482s] INFO:colcon.colcon_core.task.python.build:Building Python package in '/home/marco/marco/uni/magistrale/IDS_project/ros2_ws/src/limo_control'
[0.483s] INFO:colcon.colcon_core.shell:Skip shell extension 'powershell' for command environment: Not usable outside of PowerShell
[0.483s] DEBUG:colcon.colcon_core.shell:Skip shell extension 'dsv' for command environment
[0.723s] INFO:colcon.colcon_core.task.python.build:Building Python package in '/home/marco/marco/uni/magistrale/IDS_project/ros2_ws/src/limo_description'
[0.724s] INFO:colcon.colcon_core.shell:Skip shell extension 'powershell' for command environment: Not usable outside of PowerShell
[0.724s] DEBUG:colcon.colcon_core.shell:Skip shell extension 'dsv' for command environment
[1.083s] DEBUG:colcon.colcon_parallel_executor.executor.parallel:run_until_complete was interrupted
[1.083s] DEBUG:colcon.colcon_parallel_executor.executor.parallel:run_until_complete again
[1.363s] INFO:colcon.colcon_core.task.python.build:Building Python package in '/home/marco/marco/uni/magistrale/IDS_project/ros2_ws/src/plots'
[1.363s] INFO:colcon.colcon_core.shell:Skip shell extension 'powershell' for command environment: Not usable outside of PowerShell
[1.363s] DEBUG:colcon.colcon_core.shell:Skip shell extension 'dsv' for command environment
[1.383s] DEBUG:colcon.colcon_parallel_executor.executor.parallel:run_until_complete finished
[1.384s] DEBUG:colcon.colcon_parallel_executor.executor.parallel:closing loop
[1.384s] DEBUG:colcon.colcon_parallel_executor.executor.parallel:loop closed
[1.384s] DEBUG:colcon.colcon_core.event_reactor:joining thread
[1.395s] INFO:colcon.colcon_core.plugin_system:Skipping extension 'colcon_notification.desktop_notification.terminal_notifier': Not used on non-Darwin systems
[1.395s] INFO:colcon.colcon_core.plugin_system:Skipping extension 'colcon_notification.desktop_notification.win32': Not used on non-Windows systems
[1.395s] INFO:colcon.colcon_notification.desktop_notification:Sending desktop notification using 'notify2'
[1.410s] DEBUG:colcon.colcon_core.event_reactor:joined thread
[1.411s] INFO:colcon.colcon_core.shell:Creating prefix script '/home/marco/marco/uni/magistrale/IDS_project/install/local_setup.ps1'
[1.412s] INFO:colcon.colcon_core.shell:Creating prefix util module '/home/marco/marco/uni/magistrale/IDS_project/install/_local_setup_util_ps1.py'
[1.413s] INFO:colcon.colcon_core.shell:Creating prefix chain script '/home/marco/marco/uni/magistrale/IDS_project/install/setup.ps1'
[1.415s] INFO:colcon.colcon_core.shell:Creating prefix script '/home/marco/marco/uni/magistrale/IDS_project/install/local_setup.sh'
[1.415s] INFO:colcon.colcon_core.shell:Creating prefix util module '/home/marco/marco/uni/magistrale/IDS_project/install/_local_setup_util_sh.py'
[1.416s] INFO:colcon.colcon_core.shell:Creating prefix chain script '/home/marco/marco/uni/magistrale/IDS_project/install/setup.sh'
[1.417s] INFO:colcon.colcon_core.shell:Creating prefix script '/home/marco/marco/uni/magistrale/IDS_project/install/local_setup.bash'
[1.417s] INFO:colcon.colcon_core.shell:Creating prefix chain script '/home/marco/marco/uni/magistrale/IDS_project/install/setup.bash'
[1.419s] INFO:colcon.colcon_core.shell:Creating prefix script '/home/marco/marco/uni/magistrale/IDS_project/install/local_setup.zsh'
[1.420s] INFO:colcon.colcon_core.shell:Creating prefix chain script '/home/marco/marco/uni/magistrale/IDS_project/install/setup.zsh'
