-- The C compiler identification is GNU 11.4.0
-- The CXX compiler identification is GNU 11.4.0
-- Detecting C compiler ABI info
-- Detecting C compiler ABI info - done
-- Check for working C compiler: /usr/bin/cc - skipped
-- Detecting C compile features
-- Detecting C compile features - done
-- Detecting CXX compiler ABI info
-- Detecting CXX compiler ABI info - done
-- Check for working CXX compiler: /usr/bin/c++ - skipped
-- Detecting CXX compile features
-- Detecting CXX compile features - done
-- Found ament_cmake: 1.3.14 (/opt/ros/humble/share/ament_cmake/cmake)
-- Found Python3: /usr/bin/python3 (found version "3.10.12") found components: Interpreter 
-- Found image_transport: 3.1.12 (/opt/ros/humble/share/image_transport/cmake)
-- Found rosidl_generator_c: 3.1.8 (/opt/ros/humble/share/rosidl_generator_c/cmake)
-- Found rosidl_adapter: 3.1.8 (/opt/ros/humble/share/rosidl_adapter/cmake)
-- Found rosidl_generator_cpp: 3.1.8 (/opt/ros/humble/share/rosidl_generator_cpp/cmake)
-- Using all available rosidl_typesupport_c: rosidl_typesupport_fastrtps_c;rosidl_typesupport_introspection_c
-- Using all available rosidl_typesupport_cpp: rosidl_typesupport_fastrtps_cpp;rosidl_typesupport_introspection_cpp
-- Found rmw_implementation_cmake: 6.1.2 (/opt/ros/humble/share/rmw_implementation_cmake/cmake)
-- Found rmw_fastrtps_cpp: 6.2.10 (/opt/ros/humble/share/rmw_fastrtps_cpp/cmake)
-- Found OpenSSL: /usr/lib/x86_64-linux-gnu/libcrypto.so (found version "3.0.2")  
-- Found FastRTPS: /opt/ros/humble/include  
-- Using RMW implementation 'rmw_fastrtps_cpp' as default
-- Looking for pthread.h
-- Looking for pthread.h - found
-- Performing Test CMAKE_HAVE_LIBC_PTHREAD
-- Performing Test CMAKE_HAVE_LIBC_PTHREAD - Success
-- Found Threads: TRUE  
-- Found cv_bridge: 3.2.1 (/opt/ros/humble/share/cv_bridge/cmake)
-- Found OpenCV: /usr (found version "4.5.4") 
-- Configuring done
-- Generating done
-- Build files have been written to: /home/marco/marco/uni/magistrale/IDS_project/build/compressed_image_transport
[ 50%] [32mBuilding CXX object CMakeFiles/compressed_image_transport.dir/src/manifest.cpp.o[0m
[ 50%] [32mBuilding CXX object CMakeFiles/compressed_image_transport.dir/src/compressed_subscriber.cpp.o[0m
[ 75%] [32mBuilding CXX object CMakeFiles/compressed_image_transport.dir/src/compressed_publisher.cpp.o[0m
[100%] [32m[1mLinking CXX shared library libcompressed_image_transport.so[0m
[100%] Built target compressed_image_transport
-- Install configuration: ""
-- Installing: /home/marco/marco/uni/magistrale/IDS_project/install/compressed_image_transport/lib/libcompressed_image_transport.so
-- Set runtime path of "/home/marco/marco/uni/magistrale/IDS_project/install/compressed_image_transport/lib/libcompressed_image_transport.so" to ""
-- Installing: /home/marco/marco/uni/magistrale/IDS_project/install/compressed_image_transport/include
-- Installing: /home/marco/marco/uni/magistrale/IDS_project/install/compressed_image_transport/include/compressed_image_transport
-- Installing: /home/marco/marco/uni/magistrale/IDS_project/install/compressed_image_transport/include/compressed_image_transport/compression_common.h
-- Installing: /home/marco/marco/uni/magistrale/IDS_project/install/compressed_image_transport/include/compressed_image_transport/compressed_publisher.h
-- Installing: /home/marco/marco/uni/magistrale/IDS_project/install/compressed_image_transport/include/compressed_image_transport/compressed_subscriber.h
-- Installing: /home/marco/marco/uni/magistrale/IDS_project/install/compressed_image_transport/share/compressed_image_transport/compressed_plugins.xml
-- Installing: /home/marco/marco/uni/magistrale/IDS_project/install/compressed_image_transport/share/ament_index/resource_index/package_run_dependencies/compressed_image_transport
-- Installing: /home/marco/marco/uni/magistrale/IDS_project/install/compressed_image_transport/share/ament_index/resource_index/parent_prefix_path/compressed_image_transport
-- Installing: /home/marco/marco/uni/magistrale/IDS_project/install/compressed_image_transport/share/compressed_image_transport/environment/ament_prefix_path.sh
-- Installing: /home/marco/marco/uni/magistrale/IDS_project/install/compressed_image_transport/share/compressed_image_transport/environment/ament_prefix_path.dsv
-- Installing: /home/marco/marco/uni/magistrale/IDS_project/install/compressed_image_transport/share/compressed_image_transport/environment/path.sh
-- Installing: /home/marco/marco/uni/magistrale/IDS_project/install/compressed_image_transport/share/compressed_image_transport/environment/path.dsv
-- Installing: /home/marco/marco/uni/magistrale/IDS_project/install/compressed_image_transport/share/compressed_image_transport/local_setup.bash
-- Installing: /home/marco/marco/uni/magistrale/IDS_project/install/compressed_image_transport/share/compressed_image_transport/local_setup.sh
-- Installing: /home/marco/marco/uni/magistrale/IDS_project/install/compressed_image_transport/share/compressed_image_transport/local_setup.zsh
-- Installing: /home/marco/marco/uni/magistrale/IDS_project/install/compressed_image_transport/share/compressed_image_transport/local_setup.dsv
-- Installing: /home/marco/marco/uni/magistrale/IDS_project/install/compressed_image_transport/share/compressed_image_transport/package.dsv
-- Installing: /home/marco/marco/uni/magistrale/IDS_project/install/compressed_image_transport/share/ament_index/resource_index/packages/compressed_image_transport
-- Installing: /home/marco/marco/uni/magistrale/IDS_project/install/compressed_image_transport/share/ament_index/resource_index/image_transport__pluginlib__plugin/compressed_image_transport
-- Installing: /home/marco/marco/uni/magistrale/IDS_project/install/compressed_image_transport/share/compressed_image_transport/cmake/compressed_image_transportConfig.cmake
-- Installing: /home/marco/marco/uni/magistrale/IDS_project/install/compressed_image_transport/share/compressed_image_transport/cmake/compressed_image_transportConfig-version.cmake
-- Installing: /home/marco/marco/uni/magistrale/IDS_project/install/compressed_image_transport/share/compressed_image_transport/package.xml
