[0.020s] Invoking command in '/home/marco/marco/uni/magistrale/IDS_project/build/compressed_image_transport': CMAKE_PREFIX_PATH=/opt/ros/humble /usr/bin/cmake /home/marco/marco/uni/magistrale/IDS_project/ros2_ws/src/image_transport_plugins/compressed_image_transport -DCMAKE_INSTALL_PREFIX=/home/marco/marco/uni/magistrale/IDS_project/install/compressed_image_transport
[0.766s] -- The C compiler identification is GNU 11.4.0
[0.766s] -- The CXX compiler identification is GNU 11.4.0
[0.767s] -- Detecting C compiler ABI info
[0.767s] -- Detecting C compiler ABI info - done
[0.768s] -- Check for working C compiler: /usr/bin/cc - skipped
[0.768s] -- Detecting C compile features
[0.768s] -- Detecting C compile features - done
[0.768s] -- Detecting CXX compiler ABI info
[0.768s] -- Detecting CXX compiler ABI info - done
[0.768s] -- Check for working CXX compiler: /usr/bin/c++ - skipped
[0.768s] -- Detecting CXX compile features
[0.768s] -- Detecting CXX compile features - done
[0.768s] -- Found ament_cmake: 1.3.14 (/opt/ros/humble/share/ament_cmake/cmake)
[0.768s] -- Found Python3: /usr/bin/python3 (found version "3.10.12") found components: Interpreter 
[0.768s] -- Found image_transport: 3.1.12 (/opt/ros/humble/share/image_transport/cmake)
[0.768s] -- Found rosidl_generator_c: 3.1.8 (/opt/ros/humble/share/rosidl_generator_c/cmake)
[0.768s] -- Found rosidl_adapter: 3.1.8 (/opt/ros/humble/share/rosidl_adapter/cmake)
[0.768s] -- Found rosidl_generator_cpp: 3.1.8 (/opt/ros/humble/share/rosidl_generator_cpp/cmake)
[0.768s] -- Using all available rosidl_typesupport_c: rosidl_typesupport_fastrtps_c;rosidl_typesupport_introspection_c
[0.782s] -- Using all available rosidl_typesupport_cpp: rosidl_typesupport_fastrtps_cpp;rosidl_typesupport_introspection_cpp
[0.853s] -- Found rmw_implementation_cmake: 6.1.2 (/opt/ros/humble/share/rmw_implementation_cmake/cmake)
[0.858s] -- Found rmw_fastrtps_cpp: 6.2.10 (/opt/ros/humble/share/rmw_fastrtps_cpp/cmake)
[0.974s] -- Found OpenSSL: /usr/lib/x86_64-linux-gnu/libcrypto.so (found version "3.0.2")  
[1.016s] -- Found FastRTPS: /opt/ros/humble/include  
[1.069s] -- Using RMW implementation 'rmw_fastrtps_cpp' as default
[1.079s] -- Looking for pthread.h
[1.167s] -- Looking for pthread.h - found
[1.167s] -- Performing Test CMAKE_HAVE_LIBC_PTHREAD
[1.249s] -- Performing Test CMAKE_HAVE_LIBC_PTHREAD - Success
[1.251s] -- Found Threads: TRUE  
[1.446s] -- Found cv_bridge: 3.2.1 (/opt/ros/humble/share/cv_bridge/cmake)
[1.467s] -- Found OpenCV: /usr (found version "4.5.4") 
[1.611s] -- Configuring done
[1.639s] -- Generating done
[1.654s] -- Build files have been written to: /home/marco/marco/uni/magistrale/IDS_project/build/compressed_image_transport
[1.675s] Invoked command in '/home/marco/marco/uni/magistrale/IDS_project/build/compressed_image_transport' returned '0': CMAKE_PREFIX_PATH=/opt/ros/humble /usr/bin/cmake /home/marco/marco/uni/magistrale/IDS_project/ros2_ws/src/image_transport_plugins/compressed_image_transport -DCMAKE_INSTALL_PREFIX=/home/marco/marco/uni/magistrale/IDS_project/install/compressed_image_transport
[1.676s] Invoking command in '/home/marco/marco/uni/magistrale/IDS_project/build/compressed_image_transport': CMAKE_PREFIX_PATH=/opt/ros/humble /usr/bin/cmake --build /home/marco/marco/uni/magistrale/IDS_project/build/compressed_image_transport -- -j8 -l8
[2.102s] [ 50%] [32mBuilding CXX object CMakeFiles/compressed_image_transport.dir/src/manifest.cpp.o[0m
[2.102s] [ 50%] [32mBuilding CXX object CMakeFiles/compressed_image_transport.dir/src/compressed_subscriber.cpp.o[0m
[2.102s] [ 75%] [32mBuilding CXX object CMakeFiles/compressed_image_transport.dir/src/compressed_publisher.cpp.o[0m
[20.198s] [100%] [32m[1mLinking CXX shared library libcompressed_image_transport.so[0m
[21.201s] [100%] Built target compressed_image_transport
[21.219s] Invoked command in '/home/marco/marco/uni/magistrale/IDS_project/build/compressed_image_transport' returned '0': CMAKE_PREFIX_PATH=/opt/ros/humble /usr/bin/cmake --build /home/marco/marco/uni/magistrale/IDS_project/build/compressed_image_transport -- -j8 -l8
[21.221s] Invoking command in '/home/marco/marco/uni/magistrale/IDS_project/build/compressed_image_transport': CMAKE_PREFIX_PATH=/opt/ros/humble /usr/bin/cmake --install /home/marco/marco/uni/magistrale/IDS_project/build/compressed_image_transport
[21.229s] -- Install configuration: ""
[21.231s] -- Installing: /home/marco/marco/uni/magistrale/IDS_project/install/compressed_image_transport/lib/libcompressed_image_transport.so
[21.233s] -- Set runtime path of "/home/marco/marco/uni/magistrale/IDS_project/install/compressed_image_transport/lib/libcompressed_image_transport.so" to ""
[21.234s] -- Installing: /home/marco/marco/uni/magistrale/IDS_project/install/compressed_image_transport/include
[21.234s] -- Installing: /home/marco/marco/uni/magistrale/IDS_project/install/compressed_image_transport/include/compressed_image_transport
[21.234s] -- Installing: /home/marco/marco/uni/magistrale/IDS_project/install/compressed_image_transport/include/compressed_image_transport/compression_common.h
[21.234s] -- Installing: /home/marco/marco/uni/magistrale/IDS_project/install/compressed_image_transport/include/compressed_image_transport/compressed_publisher.h
[21.234s] -- Installing: /home/marco/marco/uni/magistrale/IDS_project/install/compressed_image_transport/include/compressed_image_transport/compressed_subscriber.h
[21.234s] -- Installing: /home/marco/marco/uni/magistrale/IDS_project/install/compressed_image_transport/share/compressed_image_transport/compressed_plugins.xml
[21.234s] -- Installing: /home/marco/marco/uni/magistrale/IDS_project/install/compressed_image_transport/share/ament_index/resource_index/package_run_dependencies/compressed_image_transport
[21.234s] -- Installing: /home/marco/marco/uni/magistrale/IDS_project/install/compressed_image_transport/share/ament_index/resource_index/parent_prefix_path/compressed_image_transport
[21.234s] -- Installing: /home/marco/marco/uni/magistrale/IDS_project/install/compressed_image_transport/share/compressed_image_transport/environment/ament_prefix_path.sh
[21.235s] -- Installing: /home/marco/marco/uni/magistrale/IDS_project/install/compressed_image_transport/share/compressed_image_transport/environment/ament_prefix_path.dsv
[21.235s] -- Installing: /home/marco/marco/uni/magistrale/IDS_project/install/compressed_image_transport/share/compressed_image_transport/environment/path.sh
[21.235s] -- Installing: /home/marco/marco/uni/magistrale/IDS_project/install/compressed_image_transport/share/compressed_image_transport/environment/path.dsv
[21.235s] -- Installing: /home/marco/marco/uni/magistrale/IDS_project/install/compressed_image_transport/share/compressed_image_transport/local_setup.bash
[21.235s] -- Installing: /home/marco/marco/uni/magistrale/IDS_project/install/compressed_image_transport/share/compressed_image_transport/local_setup.sh
[21.235s] -- Installing: /home/marco/marco/uni/magistrale/IDS_project/install/compressed_image_transport/share/compressed_image_transport/local_setup.zsh
[21.235s] -- Installing: /home/marco/marco/uni/magistrale/IDS_project/install/compressed_image_transport/share/compressed_image_transport/local_setup.dsv
[21.235s] -- Installing: /home/marco/marco/uni/magistrale/IDS_project/install/compressed_image_transport/share/compressed_image_transport/package.dsv
[21.235s] -- Installing: /home/marco/marco/uni/magistrale/IDS_project/install/compressed_image_transport/share/ament_index/resource_index/packages/compressed_image_transport
[21.235s] -- Installing: /home/marco/marco/uni/magistrale/IDS_project/install/compressed_image_transport/share/ament_index/resource_index/image_transport__pluginlib__plugin/compressed_image_transport
[21.235s] -- Installing: /home/marco/marco/uni/magistrale/IDS_project/install/compressed_image_transport/share/compressed_image_transport/cmake/compressed_image_transportConfig.cmake
[21.236s] -- Installing: /home/marco/marco/uni/magistrale/IDS_project/install/compressed_image_transport/share/compressed_image_transport/cmake/compressed_image_transportConfig-version.cmake
[21.236s] -- Installing: /home/marco/marco/uni/magistrale/IDS_project/install/compressed_image_transport/share/compressed_image_transport/package.xml
[21.239s] Invoked command in '/home/marco/marco/uni/magistrale/IDS_project/build/compressed_image_transport' returned '0': CMAKE_PREFIX_PATH=/opt/ros/humble /usr/bin/cmake --install /home/marco/marco/uni/magistrale/IDS_project/build/compressed_image_transport
