[1.766s] Invoking command in '/home/marco/marco/uni/magistrale/IDS_project/ros2_ws/src/vision': PYTHONPATH=/home/marco/marco/uni/magistrale/IDS_project/build/vision/prefix_override:/usr/lib/python3/dist-packages/colcon_core/task/python/colcon_distutils_commands:/home/marco/marco/uni/magistrale/IDS_project/install/vision/lib/python3.10/site-packages:${PYTHONPATH} /usr/bin/python3 -W ignore:setup.py install is deprecated -W ignore:easy_install command is deprecated setup.py egg_info --egg-base ../../../build/vision build --build-base /home/marco/marco/uni/magistrale/IDS_project/build/vision/build install --record /home/marco/marco/uni/magistrale/IDS_project/build/vision/install.log --single-version-externally-managed install_data
[2.179s] running egg_info
[2.200s] creating ../../../build/vision/vision.egg-info
[2.201s] writing ../../../build/vision/vision.egg-info/PKG-INFO
[2.201s] writing dependency_links to ../../../build/vision/vision.egg-info/dependency_links.txt
[2.201s] writing entry points to ../../../build/vision/vision.egg-info/entry_points.txt
[2.202s] writing requirements to ../../../build/vision/vision.egg-info/requires.txt
[2.202s] writing top-level names to ../../../build/vision/vision.egg-info/top_level.txt
[2.202s] writing manifest file '../../../build/vision/vision.egg-info/SOURCES.txt'
[2.249s] reading manifest file '../../../build/vision/vision.egg-info/SOURCES.txt'
[2.252s] writing manifest file '../../../build/vision/vision.egg-info/SOURCES.txt'
[2.252s] running build
[2.252s] running build_py
[2.253s] creating /home/marco/marco/uni/magistrale/IDS_project/build/vision/build/lib/vision
[2.253s] copying vision/Vision_class.py -> /home/marco/marco/uni/magistrale/IDS_project/build/vision/build/lib/vision
[2.253s] copying vision/vision_node.py -> /home/marco/marco/uni/magistrale/IDS_project/build/vision/build/lib/vision
[2.253s] copying vision/__init__.py -> /home/marco/marco/uni/magistrale/IDS_project/build/vision/build/lib/vision
[2.253s] running install
[2.264s] running install_lib
[2.277s] creating /home/marco/marco/uni/magistrale/IDS_project/install/vision/lib/python3.10/site-packages/vision
[2.277s] copying /home/marco/marco/uni/magistrale/IDS_project/build/vision/build/lib/vision/Vision_class.py -> /home/marco/marco/uni/magistrale/IDS_project/install/vision/lib/python3.10/site-packages/vision
[2.277s] copying /home/marco/marco/uni/magistrale/IDS_project/build/vision/build/lib/vision/vision_node.py -> /home/marco/marco/uni/magistrale/IDS_project/install/vision/lib/python3.10/site-packages/vision
[2.277s] copying /home/marco/marco/uni/magistrale/IDS_project/build/vision/build/lib/vision/__init__.py -> /home/marco/marco/uni/magistrale/IDS_project/install/vision/lib/python3.10/site-packages/vision
[2.278s] byte-compiling /home/marco/marco/uni/magistrale/IDS_project/install/vision/lib/python3.10/site-packages/vision/Vision_class.py to Vision_class.cpython-310.pyc
[2.282s] byte-compiling /home/marco/marco/uni/magistrale/IDS_project/install/vision/lib/python3.10/site-packages/vision/vision_node.py to vision_node.cpython-310.pyc
[2.283s] byte-compiling /home/marco/marco/uni/magistrale/IDS_project/install/vision/lib/python3.10/site-packages/vision/__init__.py to __init__.cpython-310.pyc
[2.283s] running install_data
[2.284s] creating /home/marco/marco/uni/magistrale/IDS_project/install/vision/share/ament_index/resource_index/packages
[2.291s] copying resource/vision -> /home/marco/marco/uni/magistrale/IDS_project/install/vision/share/ament_index/resource_index/packages
[2.291s] copying package.xml -> /home/marco/marco/uni/magistrale/IDS_project/install/vision/share/vision
[2.291s] running install_egg_info
[2.305s] Copying ../../../build/vision/vision.egg-info to /home/marco/marco/uni/magistrale/IDS_project/install/vision/lib/python3.10/site-packages/vision-0.0.0-py3.10.egg-info
[2.306s] running install_scripts
[2.448s] Installing vision_node script to /home/marco/marco/uni/magistrale/IDS_project/install/vision/lib/vision
[2.448s] writing list of installed files to '/home/marco/marco/uni/magistrale/IDS_project/build/vision/install.log'
[2.504s] Invoked command in '/home/marco/marco/uni/magistrale/IDS_project/ros2_ws/src/vision' returned '0': PYTHONPATH=/home/marco/marco/uni/magistrale/IDS_project/build/vision/prefix_override:/usr/lib/python3/dist-packages/colcon_core/task/python/colcon_distutils_commands:/home/marco/marco/uni/magistrale/IDS_project/install/vision/lib/python3.10/site-packages:${PYTHONPATH} /usr/bin/python3 -W ignore:setup.py install is deprecated -W ignore:easy_install command is deprecated setup.py egg_info --egg-base ../../../build/vision build --build-base /home/marco/marco/uni/magistrale/IDS_project/build/vision/build install --record /home/marco/marco/uni/magistrale/IDS_project/build/vision/install.log --single-version-externally-managed install_data
