[0.006s] Invoking command in '/home/marco/marco/uni/magistrale/IDS_project/build/image_transport_plugins': AMENT_PREFIX_PATH=/home/marco/marco/uni/magistrale/IDS_project/install/theora_image_transport:/home/marco/marco/uni/magistrale/IDS_project/install/compressed_image_transport:/home/marco/marco/uni/magistrale/IDS_project/install/compressed_depth_image_transport:${AMENT_PREFIX_PATH} CMAKE_PREFIX_PATH=/home/marco/marco/uni/magistrale/IDS_project/install/theora_image_transport:/home/marco/marco/uni/magistrale/IDS_project/install/compressed_image_transport:/home/marco/marco/uni/magistrale/IDS_project/install/compressed_depth_image_transport:/opt/ros/humble LD_LIBRARY_PATH=/home/marco/marco/uni/magistrale/IDS_project/install/theora_image_transport/lib:/home/marco/marco/uni/magistrale/IDS_project/install/compressed_image_transport/lib:/home/marco/marco/uni/magistrale/IDS_project/install/compressed_depth_image_transport/lib:${LD_LIBRARY_PATH} PYTHONPATH=/home/marco/marco/uni/magistrale/IDS_project/install/theora_image_transport/local/lib/python3.10/dist-packages:${PYTHONPATH} /usr/bin/cmake /home/marco/marco/uni/magistrale/IDS_project/ros2_ws/src/image_transport_plugins/image_transport_plugins -DCMAKE_INSTALL_PREFIX=/home/marco/marco/uni/magistrale/IDS_project/install/image_transport_plugins
[0.047s] -- The C compiler identification is GNU 11.4.0
[0.085s] -- The CXX compiler identification is GNU 11.4.0
[0.091s] -- Detecting C compiler ABI info
[0.149s] -- Detecting C compiler ABI info - done
[0.155s] -- Check for working C compiler: /usr/bin/cc - skipped
[0.155s] -- Detecting C compile features
[0.155s] -- Detecting C compile features - done
[0.157s] -- Detecting CXX compiler ABI info
[0.211s] -- Detecting CXX compiler ABI info - done
[0.217s] -- Check for working CXX compiler: /usr/bin/c++ - skipped
[0.217s] -- Detecting CXX compile features
[0.218s] -- Detecting CXX compile features - done
[0.220s] -- Found ament_cmake: 1.3.14 (/opt/ros/humble/share/ament_cmake/cmake)
[0.474s] -- Found Python3: /usr/bin/python3 (found version "3.10.12") found components: Interpreter 
[0.595s] -- Configuring done
[0.597s] -- Generating done
[0.598s] -- Build files have been written to: /home/marco/marco/uni/magistrale/IDS_project/build/image_transport_plugins
[0.604s] Invoked command in '/home/marco/marco/uni/magistrale/IDS_project/build/image_transport_plugins' returned '0': AMENT_PREFIX_PATH=/home/marco/marco/uni/magistrale/IDS_project/install/theora_image_transport:/home/marco/marco/uni/magistrale/IDS_project/install/compressed_image_transport:/home/marco/marco/uni/magistrale/IDS_project/install/compressed_depth_image_transport:${AMENT_PREFIX_PATH} CMAKE_PREFIX_PATH=/home/marco/marco/uni/magistrale/IDS_project/install/theora_image_transport:/home/marco/marco/uni/magistrale/IDS_project/install/compressed_image_transport:/home/marco/marco/uni/magistrale/IDS_project/install/compressed_depth_image_transport:/opt/ros/humble LD_LIBRARY_PATH=/home/marco/marco/uni/magistrale/IDS_project/install/theora_image_transport/lib:/home/marco/marco/uni/magistrale/IDS_project/install/compressed_image_transport/lib:/home/marco/marco/uni/magistrale/IDS_project/install/compressed_depth_image_transport/lib:${LD_LIBRARY_PATH} PYTHONPATH=/home/marco/marco/uni/magistrale/IDS_project/install/theora_image_transport/local/lib/python3.10/dist-packages:${PYTHONPATH} /usr/bin/cmake /home/marco/marco/uni/magistrale/IDS_project/ros2_ws/src/image_transport_plugins/image_transport_plugins -DCMAKE_INSTALL_PREFIX=/home/marco/marco/uni/magistrale/IDS_project/install/image_transport_plugins
[0.607s] Invoking command in '/home/marco/marco/uni/magistrale/IDS_project/build/image_transport_plugins': AMENT_PREFIX_PATH=/home/marco/marco/uni/magistrale/IDS_project/install/theora_image_transport:/home/marco/marco/uni/magistrale/IDS_project/install/compressed_image_transport:/home/marco/marco/uni/magistrale/IDS_project/install/compressed_depth_image_transport:${AMENT_PREFIX_PATH} CMAKE_PREFIX_PATH=/home/marco/marco/uni/magistrale/IDS_project/install/theora_image_transport:/home/marco/marco/uni/magistrale/IDS_project/install/compressed_image_transport:/home/marco/marco/uni/magistrale/IDS_project/install/compressed_depth_image_transport:/opt/ros/humble LD_LIBRARY_PATH=/home/marco/marco/uni/magistrale/IDS_project/install/theora_image_transport/lib:/home/marco/marco/uni/magistrale/IDS_project/install/compressed_image_transport/lib:/home/marco/marco/uni/magistrale/IDS_project/install/compressed_depth_image_transport/lib:${LD_LIBRARY_PATH} PYTHONPATH=/home/marco/marco/uni/magistrale/IDS_project/install/theora_image_transport/local/lib/python3.10/dist-packages:${PYTHONPATH} /usr/bin/cmake --build /home/marco/marco/uni/magistrale/IDS_project/build/image_transport_plugins -- -j8 -l8
[0.637s] Invoked command in '/home/marco/marco/uni/magistrale/IDS_project/build/image_transport_plugins' returned '0': AMENT_PREFIX_PATH=/home/marco/marco/uni/magistrale/IDS_project/install/theora_image_transport:/home/marco/marco/uni/magistrale/IDS_project/install/compressed_image_transport:/home/marco/marco/uni/magistrale/IDS_project/install/compressed_depth_image_transport:${AMENT_PREFIX_PATH} CMAKE_PREFIX_PATH=/home/marco/marco/uni/magistrale/IDS_project/install/theora_image_transport:/home/marco/marco/uni/magistrale/IDS_project/install/compressed_image_transport:/home/marco/marco/uni/magistrale/IDS_project/install/compressed_depth_image_transport:/opt/ros/humble LD_LIBRARY_PATH=/home/marco/marco/uni/magistrale/IDS_project/install/theora_image_transport/lib:/home/marco/marco/uni/magistrale/IDS_project/install/compressed_image_transport/lib:/home/marco/marco/uni/magistrale/IDS_project/install/compressed_depth_image_transport/lib:${LD_LIBRARY_PATH} PYTHONPATH=/home/marco/marco/uni/magistrale/IDS_project/install/theora_image_transport/local/lib/python3.10/dist-packages:${PYTHONPATH} /usr/bin/cmake --build /home/marco/marco/uni/magistrale/IDS_project/build/image_transport_plugins -- -j8 -l8
[0.638s] Invoking command in '/home/marco/marco/uni/magistrale/IDS_project/build/image_transport_plugins': AMENT_PREFIX_PATH=/home/marco/marco/uni/magistrale/IDS_project/install/theora_image_transport:/home/marco/marco/uni/magistrale/IDS_project/install/compressed_image_transport:/home/marco/marco/uni/magistrale/IDS_project/install/compressed_depth_image_transport:${AMENT_PREFIX_PATH} CMAKE_PREFIX_PATH=/home/marco/marco/uni/magistrale/IDS_project/install/theora_image_transport:/home/marco/marco/uni/magistrale/IDS_project/install/compressed_image_transport:/home/marco/marco/uni/magistrale/IDS_project/install/compressed_depth_image_transport:/opt/ros/humble LD_LIBRARY_PATH=/home/marco/marco/uni/magistrale/IDS_project/install/theora_image_transport/lib:/home/marco/marco/uni/magistrale/IDS_project/install/compressed_image_transport/lib:/home/marco/marco/uni/magistrale/IDS_project/install/compressed_depth_image_transport/lib:${LD_LIBRARY_PATH} PYTHONPATH=/home/marco/marco/uni/magistrale/IDS_project/install/theora_image_transport/local/lib/python3.10/dist-packages:${PYTHONPATH} /usr/bin/cmake --install /home/marco/marco/uni/magistrale/IDS_project/build/image_transport_plugins
[0.643s] -- Install configuration: ""
[0.643s] -- Installing: /home/marco/marco/uni/magistrale/IDS_project/install/image_transport_plugins/share/ament_index/resource_index/package_run_dependencies/image_transport_plugins
[0.644s] -- Installing: /home/marco/marco/uni/magistrale/IDS_project/install/image_transport_plugins/share/ament_index/resource_index/parent_prefix_path/image_transport_plugins
[0.644s] -- Installing: /home/marco/marco/uni/magistrale/IDS_project/install/image_transport_plugins/share/image_transport_plugins/environment/ament_prefix_path.sh
[0.644s] -- Installing: /home/marco/marco/uni/magistrale/IDS_project/install/image_transport_plugins/share/image_transport_plugins/environment/ament_prefix_path.dsv
[0.644s] -- Installing: /home/marco/marco/uni/magistrale/IDS_project/install/image_transport_plugins/share/image_transport_plugins/environment/path.sh
[0.644s] -- Installing: /home/marco/marco/uni/magistrale/IDS_project/install/image_transport_plugins/share/image_transport_plugins/environment/path.dsv
[0.644s] -- Installing: /home/marco/marco/uni/magistrale/IDS_project/install/image_transport_plugins/share/image_transport_plugins/local_setup.bash
[0.644s] -- Installing: /home/marco/marco/uni/magistrale/IDS_project/install/image_transport_plugins/share/image_transport_plugins/local_setup.sh
[0.644s] -- Installing: /home/marco/marco/uni/magistrale/IDS_project/install/image_transport_plugins/share/image_transport_plugins/local_setup.zsh
[0.644s] -- Installing: /home/marco/marco/uni/magistrale/IDS_project/install/image_transport_plugins/share/image_transport_plugins/local_setup.dsv
[0.644s] -- Installing: /home/marco/marco/uni/magistrale/IDS_project/install/image_transport_plugins/share/image_transport_plugins/package.dsv
[0.644s] -- Installing: /home/marco/marco/uni/magistrale/IDS_project/install/image_transport_plugins/share/ament_index/resource_index/packages/image_transport_plugins
[0.644s] -- Installing: /home/marco/marco/uni/magistrale/IDS_project/install/image_transport_plugins/share/image_transport_plugins/cmake/image_transport_pluginsConfig.cmake
[0.645s] -- Installing: /home/marco/marco/uni/magistrale/IDS_project/install/image_transport_plugins/share/image_transport_plugins/cmake/image_transport_pluginsConfig-version.cmake
[0.645s] -- Installing: /home/marco/marco/uni/magistrale/IDS_project/install/image_transport_plugins/share/image_transport_plugins/package.xml
[0.646s] Invoked command in '/home/marco/marco/uni/magistrale/IDS_project/build/image_transport_plugins' returned '0': AMENT_PREFIX_PATH=/home/marco/marco/uni/magistrale/IDS_project/install/theora_image_transport:/home/marco/marco/uni/magistrale/IDS_project/install/compressed_image_transport:/home/marco/marco/uni/magistrale/IDS_project/install/compressed_depth_image_transport:${AMENT_PREFIX_PATH} CMAKE_PREFIX_PATH=/home/marco/marco/uni/magistrale/IDS_project/install/theora_image_transport:/home/marco/marco/uni/magistrale/IDS_project/install/compressed_image_transport:/home/marco/marco/uni/magistrale/IDS_project/install/compressed_depth_image_transport:/opt/ros/humble LD_LIBRARY_PATH=/home/marco/marco/uni/magistrale/IDS_project/install/theora_image_transport/lib:/home/marco/marco/uni/magistrale/IDS_project/install/compressed_image_transport/lib:/home/marco/marco/uni/magistrale/IDS_project/install/compressed_depth_image_transport/lib:${LD_LIBRARY_PATH} PYTHONPATH=/home/marco/marco/uni/magistrale/IDS_project/install/theora_image_transport/local/lib/python3.10/dist-packages:${PYTHONPATH} /usr/bin/cmake --install /home/marco/marco/uni/magistrale/IDS_project/build/image_transport_plugins
