-- The C compiler identification is GNU 11.4.0
-- The CXX compiler identification is GNU 11.4.0
-- Detecting C compiler ABI info
-- Detecting C compiler ABI info - done
-- Check for working C compiler: /usr/bin/cc - skipped
-- Detecting C compile features
-- Detecting C compile features - done
-- Detecting CXX compiler ABI info
-- Detecting CXX compiler ABI info - done
-- Check for working CXX compiler: /usr/bin/c++ - skipped
-- Detecting CXX compile features
-- Detecting CXX compile features - done
-- Found ament_cmake: 1.3.14 (/opt/ros/humble/share/ament_cmake/cmake)
-- Found Python3: /usr/bin/python3 (found version "3.10.12") found components: Interpreter 
-- Found image_transport: 3.1.12 (/opt/ros/humble/share/image_transport/cmake)
-- Found rosidl_generator_c: 3.1.8 (/opt/ros/humble/share/rosidl_generator_c/cmake)
-- Found rosidl_adapter: 3.1.8 (/opt/ros/humble/share/rosidl_adapter/cmake)
-- Found rosidl_generator_cpp: 3.1.8 (/opt/ros/humble/share/rosidl_generator_cpp/cmake)
-- Using all available rosidl_typesupport_c: rosidl_typesupport_fastrtps_c;rosidl_typesupport_introspection_c
-- Using all available rosidl_typesupport_cpp: rosidl_typesupport_fastrtps_cpp;rosidl_typesupport_introspection_cpp
-- Found rmw_implementation_cmake: 6.1.2 (/opt/ros/humble/share/rmw_implementation_cmake/cmake)
-- Found rmw_fastrtps_cpp: 6.2.10 (/opt/ros/humble/share/rmw_fastrtps_cpp/cmake)
-- Found OpenSSL: /usr/lib/x86_64-linux-gnu/libcrypto.so (found version "3.0.2")  
-- Found FastRTPS: /opt/ros/humble/include  
-- Using RMW implementation 'rmw_fastrtps_cpp' as default
-- Looking for pthread.h
-- Looking for pthread.h - found
-- Performing Test CMAKE_HAVE_LIBC_PTHREAD
-- Performing Test CMAKE_HAVE_LIBC_PTHREAD - Success
-- Found Threads: TRUE  
-- Found cv_bridge: 3.2.1 (/opt/ros/humble/share/cv_bridge/cmake)
-- Found rosidl_default_generators: 1.2.1 (/opt/ros/humble/share/rosidl_default_generators/cmake)
-- Found OpenCV: /usr (found version "4.5.4") found components: imgproc 
-- Found PkgConfig: /usr/bin/pkg-config (found version "0.29.2") 
-- Checking for module 'ogg'
--   Found ogg, version 1.3.5
-- Checking for module 'theora'
--   Found theora, version 1.1.1
-- Checking for module 'theoraenc'
--   Found theoraenc, version 1.1.1
-- Checking for module 'theoradec'
--   Found theoradec, version 1.1.1
-- Found ament_cmake_cppcheck: 0.12.15 (/opt/ros/humble/share/ament_cmake_cppcheck/cmake)
-- Found ament_cmake_cpplint: 0.12.15 (/opt/ros/humble/share/ament_cmake_cpplint/cmake)
-- Found ament_cmake_uncrustify: 0.12.15 (/opt/ros/humble/share/ament_cmake_uncrustify/cmake)
-- Found ament_cmake_ros: 0.10.0 (/opt/ros/humble/share/ament_cmake_ros/cmake)
-- Using all available rosidl_typesupport_c: rosidl_typesupport_fastrtps_c;rosidl_typesupport_introspection_c
-- Using all available rosidl_typesupport_cpp: rosidl_typesupport_fastrtps_cpp;rosidl_typesupport_introspection_cpp
-- Found PythonInterp: /usr/bin/python3 (found suitable version "3.10.12", minimum required is "3.6") 
-- Found python_cmake_module: 0.10.0 (/opt/ros/humble/share/python_cmake_module/cmake)
-- Found PythonLibs: /usr/lib/x86_64-linux-gnu/libpython3.10.so (found suitable version "3.10.12", minimum required is "3.5") 
-- Using PYTHON_EXECUTABLE: /usr/bin/python3
-- Using PYTHON_INCLUDE_DIRS: /usr/include/python3.10
-- Using PYTHON_LIBRARIES: /usr/lib/x86_64-linux-gnu/libpython3.10.so
-- Found PythonExtra: .so  
-- Found ament_cmake_flake8: 0.12.15 (/opt/ros/humble/share/ament_cmake_flake8/cmake)
-- Found ament_cmake_pep257: 0.12.15 (/opt/ros/humble/share/ament_cmake_pep257/cmake)
-- Configuring done
-- Generating done
-- Build files have been written to: /home/marco/marco/uni/magistrale/IDS_project/build/theora_image_transport
[  2%] [34m[1mGenerating C code for ROS interfaces[0m
[  5%] [34m[1mGenerating Rust code for ROS interfaces[0m
[  7%] [34m[1mGenerating C++ code for ROS interfaces[0m
[  7%] Built target ament_cmake_python_copy_theora_image_transport
running egg_info
creating theora_image_transport.egg-info
writing theora_image_transport.egg-info/PKG-INFO
writing dependency_links to theora_image_transport.egg-info/dependency_links.txt
writing top-level names to theora_image_transport.egg-info/top_level.txt
writing manifest file 'theora_image_transport.egg-info/SOURCES.txt'
reading manifest file 'theora_image_transport.egg-info/SOURCES.txt'
writing manifest file 'theora_image_transport.egg-info/SOURCES.txt'
[  7%] Built target ament_cmake_python_build_theora_image_transport_egg
[  7%] Built target theora_image_transport__cpp
[ 10%] [34m[1mGenerating C++ introspection for ROS interfaces[0m
[ 13%] [34m[1mGenerating C++ type support for eProsima Fast-RTPS[0m
[ 15%] [34m[1mGenerating C++ type support dispatch for ROS interfaces[0m
[ 15%] Built target theora_image_transport__rs
[ 18%] [32mBuilding C object CMakeFiles/theora_image_transport__rosidl_generator_c.dir/rosidl_generator_c/theora_image_transport/msg/detail/packet__functions.c.o[0m
[ 21%] [32m[1mLinking C shared library libtheora_image_transport__rosidl_generator_c.so[0m
[ 21%] Built target theora_image_transport__rosidl_generator_c
[ 23%] [32mBuilding CXX object CMakeFiles/theora_image_transport__rosidl_typesupport_introspection_cpp.dir/rosidl_typesupport_introspection_cpp/theora_image_transport/msg/detail/packet__type_support.cpp.o[0m
[ 26%] [34m[1mGenerating C type support for eProsima Fast-RTPS[0m
[ 28%] [34m[1mGenerating C type support dispatch for ROS interfaces[0m
[ 31%] [34m[1mGenerating C introspection for ROS interfaces[0m
[ 34%] [32mBuilding CXX object CMakeFiles/theora_image_transport__rosidl_typesupport_fastrtps_cpp.dir/rosidl_typesupport_fastrtps_cpp/theora_image_transport/msg/detail/dds_fastrtps/packet__type_support.cpp.o[0m
[ 36%] [32mBuilding CXX object CMakeFiles/theora_image_transport__rosidl_typesupport_fastrtps_c.dir/rosidl_typesupport_fastrtps_c/theora_image_transport/msg/detail/packet__type_support_c.cpp.o[0m
[ 39%] [32mBuilding CXX object CMakeFiles/theora_image_transport__rosidl_typesupport_cpp.dir/rosidl_typesupport_cpp/theora_image_transport/msg/packet__type_support.cpp.o[0m
[ 42%] [32m[1mLinking CXX shared library libtheora_image_transport__rosidl_typesupport_introspection_cpp.so[0m
[ 44%] [32mBuilding CXX object CMakeFiles/theora_image_transport__rosidl_typesupport_c.dir/rosidl_typesupport_c/theora_image_transport/msg/packet__type_support.cpp.o[0m
[ 47%] [32m[1mLinking CXX shared library libtheora_image_transport__rosidl_typesupport_c.so[0m
[ 47%] Built target theora_image_transport__rosidl_typesupport_introspection_cpp
[ 47%] Built target theora_image_transport__rosidl_typesupport_c
[ 50%] [32m[1mLinking CXX shared library libtheora_image_transport__rosidl_typesupport_cpp.so[0m
[ 52%] [32mBuilding C object CMakeFiles/theora_image_transport__rosidl_typesupport_introspection_c.dir/rosidl_typesupport_introspection_c/theora_image_transport/msg/detail/packet__type_support.c.o[0m
[ 55%] [32m[1mLinking CXX shared library libtheora_image_transport__rosidl_typesupport_fastrtps_cpp.so[0m
[ 55%] Built target theora_image_transport__rosidl_typesupport_cpp
[ 57%] [32m[1mLinking C shared library libtheora_image_transport__rosidl_typesupport_introspection_c.so[0m
[ 60%] [32mBuilding CXX object CMakeFiles/ogg_saver.dir/src/ogg_saver.cpp.o[0m
[ 63%] [32m[1mLinking CXX shared library libtheora_image_transport__rosidl_typesupport_fastrtps_c.so[0m
[ 63%] Built target theora_image_transport__rosidl_typesupport_introspection_c
[ 63%] Built target theora_image_transport__rosidl_typesupport_fastrtps_cpp
[ 65%] [32mBuilding CXX object CMakeFiles/theora_image_transport_component.dir/src/theora_publisher.cpp.o[0m
[ 68%] [32mBuilding CXX object CMakeFiles/theora_image_transport_component.dir/src/theora_subscriber.cpp.o[0m
[ 71%] [32mBuilding CXX object CMakeFiles/theora_image_transport_component.dir/src/manifest.cpp.o[0m
[ 71%] Built target theora_image_transport__rosidl_typesupport_fastrtps_c
[ 71%] Built target theora_image_transport
[ 73%] [34m[1mGenerating Python code for ROS interfaces[0m
[ 73%] Built target theora_image_transport__py
[ 76%] [32mBuilding C object CMakeFiles/theora_image_transport__rosidl_generator_py.dir/rosidl_generator_py/theora_image_transport/msg/_packet_s.c.o[0m
[ 78%] [32m[1mLinking C shared library rosidl_generator_py/theora_image_transport/libtheora_image_transport__rosidl_generator_py.so[0m
[ 78%] Built target theora_image_transport__rosidl_generator_py
[ 81%] [32mBuilding C object CMakeFiles/theora_image_transport__rosidl_typesupport_introspection_c__pyext.dir/rosidl_generator_py/theora_image_transport/_theora_image_transport_s.ep.rosidl_typesupport_introspection_c.c.o[0m
[ 84%] [32mBuilding C object CMakeFiles/theora_image_transport__rosidl_typesupport_fastrtps_c__pyext.dir/rosidl_generator_py/theora_image_transport/_theora_image_transport_s.ep.rosidl_typesupport_fastrtps_c.c.o[0m
[ 86%] [32mBuilding C object CMakeFiles/theora_image_transport__rosidl_typesupport_c__pyext.dir/rosidl_generator_py/theora_image_transport/_theora_image_transport_s.ep.rosidl_typesupport_c.c.o[0m
[ 89%] [32m[1mLinking C shared library rosidl_generator_py/theora_image_transport/theora_image_transport_s__rosidl_typesupport_introspection_c.cpython-310-x86_64-linux-gnu.so[0m
[ 92%] [32m[1mLinking C shared library rosidl_generator_py/theora_image_transport/theora_image_transport_s__rosidl_typesupport_fastrtps_c.cpython-310-x86_64-linux-gnu.so[0m
[ 92%] Built target theora_image_transport__rosidl_typesupport_introspection_c__pyext
[ 94%] [32m[1mLinking C shared library rosidl_generator_py/theora_image_transport/theora_image_transport_s__rosidl_typesupport_c.cpython-310-x86_64-linux-gnu.so[0m
[ 94%] Built target theora_image_transport__rosidl_typesupport_fastrtps_c__pyext
[ 94%] Built target theora_image_transport__rosidl_typesupport_c__pyext
[ 97%] [32m[1mLinking CXX executable ogg_saver[0m
[ 97%] Built target ogg_saver
[100%] [32m[1mLinking CXX shared library libtheora_image_transport_component.so[0m
[100%] Built target theora_image_transport_component
-- Install configuration: ""
-- Installing: /home/marco/marco/uni/magistrale/IDS_project/install/theora_image_transport/share/ament_index/resource_index/rosidl_interfaces/theora_image_transport
-- Installing: /home/marco/marco/uni/magistrale/IDS_project/install/theora_image_transport/include/theora_image_transport/theora_image_transport
-- Installing: /home/marco/marco/uni/magistrale/IDS_project/install/theora_image_transport/include/theora_image_transport/theora_image_transport/msg
-- Installing: /home/marco/marco/uni/magistrale/IDS_project/install/theora_image_transport/include/theora_image_transport/theora_image_transport/msg/detail
-- Installing: /home/marco/marco/uni/magistrale/IDS_project/install/theora_image_transport/include/theora_image_transport/theora_image_transport/msg/detail/packet__functions.c
-- Installing: /home/marco/marco/uni/magistrale/IDS_project/install/theora_image_transport/include/theora_image_transport/theora_image_transport/msg/detail/packet__struct.h
-- Installing: /home/marco/marco/uni/magistrale/IDS_project/install/theora_image_transport/include/theora_image_transport/theora_image_transport/msg/detail/packet__type_support.h
-- Installing: /home/marco/marco/uni/magistrale/IDS_project/install/theora_image_transport/include/theora_image_transport/theora_image_transport/msg/detail/packet__functions.h
-- Installing: /home/marco/marco/uni/magistrale/IDS_project/install/theora_image_transport/include/theora_image_transport/theora_image_transport/msg/packet.h
-- Installing: /home/marco/marco/uni/magistrale/IDS_project/install/theora_image_transport/include/theora_image_transport/theora_image_transport/msg/rosidl_generator_c__visibility_control.h
-- Installing: /home/marco/marco/uni/magistrale/IDS_project/install/theora_image_transport/share/theora_image_transport/environment/library_path.sh
-- Installing: /home/marco/marco/uni/magistrale/IDS_project/install/theora_image_transport/share/theora_image_transport/environment/library_path.dsv
-- Installing: /home/marco/marco/uni/magistrale/IDS_project/install/theora_image_transport/lib/libtheora_image_transport__rosidl_generator_c.so
-- Set runtime path of "/home/marco/marco/uni/magistrale/IDS_project/install/theora_image_transport/lib/libtheora_image_transport__rosidl_generator_c.so" to ""
-- Up-to-date: /home/marco/marco/uni/magistrale/IDS_project/install/theora_image_transport/include/theora_image_transport/theora_image_transport
-- Up-to-date: /home/marco/marco/uni/magistrale/IDS_project/install/theora_image_transport/include/theora_image_transport/theora_image_transport/msg
-- Up-to-date: /home/marco/marco/uni/magistrale/IDS_project/install/theora_image_transport/include/theora_image_transport/theora_image_transport/msg/detail
-- Installing: /home/marco/marco/uni/magistrale/IDS_project/install/theora_image_transport/include/theora_image_transport/theora_image_transport/msg/detail/packet__rosidl_typesupport_fastrtps_c.h
-- Installing: /home/marco/marco/uni/magistrale/IDS_project/install/theora_image_transport/include/theora_image_transport/theora_image_transport/msg/rosidl_typesupport_fastrtps_c__visibility_control.h
-- Installing: /home/marco/marco/uni/magistrale/IDS_project/install/theora_image_transport/lib/libtheora_image_transport__rosidl_typesupport_fastrtps_c.so
-- Set runtime path of "/home/marco/marco/uni/magistrale/IDS_project/install/theora_image_transport/lib/libtheora_image_transport__rosidl_typesupport_fastrtps_c.so" to ""
-- Up-to-date: /home/marco/marco/uni/magistrale/IDS_project/install/theora_image_transport/include/theora_image_transport/theora_image_transport
-- Up-to-date: /home/marco/marco/uni/magistrale/IDS_project/install/theora_image_transport/include/theora_image_transport/theora_image_transport/msg
-- Up-to-date: /home/marco/marco/uni/magistrale/IDS_project/install/theora_image_transport/include/theora_image_transport/theora_image_transport/msg/detail
-- Installing: /home/marco/marco/uni/magistrale/IDS_project/install/theora_image_transport/include/theora_image_transport/theora_image_transport/msg/detail/packet__type_support.hpp
-- Installing: /home/marco/marco/uni/magistrale/IDS_project/install/theora_image_transport/include/theora_image_transport/theora_image_transport/msg/detail/packet__builder.hpp
-- Installing: /home/marco/marco/uni/magistrale/IDS_project/install/theora_image_transport/include/theora_image_transport/theora_image_transport/msg/detail/packet__traits.hpp
-- Installing: /home/marco/marco/uni/magistrale/IDS_project/install/theora_image_transport/include/theora_image_transport/theora_image_transport/msg/detail/packet__struct.hpp
-- Installing: /home/marco/marco/uni/magistrale/IDS_project/install/theora_image_transport/include/theora_image_transport/theora_image_transport/msg/packet.hpp
-- Installing: /home/marco/marco/uni/magistrale/IDS_project/install/theora_image_transport/include/theora_image_transport/theora_image_transport/msg/rosidl_generator_cpp__visibility_control.hpp
-- Up-to-date: /home/marco/marco/uni/magistrale/IDS_project/install/theora_image_transport/include/theora_image_transport/theora_image_transport
-- Up-to-date: /home/marco/marco/uni/magistrale/IDS_project/install/theora_image_transport/include/theora_image_transport/theora_image_transport/msg
-- Up-to-date: /home/marco/marco/uni/magistrale/IDS_project/install/theora_image_transport/include/theora_image_transport/theora_image_transport/msg/detail
-- Installing: /home/marco/marco/uni/magistrale/IDS_project/install/theora_image_transport/include/theora_image_transport/theora_image_transport/msg/detail/dds_fastrtps
-- Installing: /home/marco/marco/uni/magistrale/IDS_project/install/theora_image_transport/include/theora_image_transport/theora_image_transport/msg/detail/packet__rosidl_typesupport_fastrtps_cpp.hpp
-- Installing: /home/marco/marco/uni/magistrale/IDS_project/install/theora_image_transport/include/theora_image_transport/theora_image_transport/msg/rosidl_typesupport_fastrtps_cpp__visibility_control.h
-- Installing: /home/marco/marco/uni/magistrale/IDS_project/install/theora_image_transport/lib/libtheora_image_transport__rosidl_typesupport_fastrtps_cpp.so
-- Set runtime path of "/home/marco/marco/uni/magistrale/IDS_project/install/theora_image_transport/lib/libtheora_image_transport__rosidl_typesupport_fastrtps_cpp.so" to ""
-- Up-to-date: /home/marco/marco/uni/magistrale/IDS_project/install/theora_image_transport/include/theora_image_transport/theora_image_transport
-- Up-to-date: /home/marco/marco/uni/magistrale/IDS_project/install/theora_image_transport/include/theora_image_transport/theora_image_transport/msg
-- Up-to-date: /home/marco/marco/uni/magistrale/IDS_project/install/theora_image_transport/include/theora_image_transport/theora_image_transport/msg/detail
-- Installing: /home/marco/marco/uni/magistrale/IDS_project/install/theora_image_transport/include/theora_image_transport/theora_image_transport/msg/detail/packet__rosidl_typesupport_introspection_c.h
-- Installing: /home/marco/marco/uni/magistrale/IDS_project/install/theora_image_transport/include/theora_image_transport/theora_image_transport/msg/detail/packet__type_support.c
-- Installing: /home/marco/marco/uni/magistrale/IDS_project/install/theora_image_transport/include/theora_image_transport/theora_image_transport/msg/rosidl_typesupport_introspection_c__visibility_control.h
-- Installing: /home/marco/marco/uni/magistrale/IDS_project/install/theora_image_transport/lib/libtheora_image_transport__rosidl_typesupport_introspection_c.so
-- Set runtime path of "/home/marco/marco/uni/magistrale/IDS_project/install/theora_image_transport/lib/libtheora_image_transport__rosidl_typesupport_introspection_c.so" to ""
-- Installing: /home/marco/marco/uni/magistrale/IDS_project/install/theora_image_transport/lib/libtheora_image_transport__rosidl_typesupport_c.so
-- Set runtime path of "/home/marco/marco/uni/magistrale/IDS_project/install/theora_image_transport/lib/libtheora_image_transport__rosidl_typesupport_c.so" to ""
-- Up-to-date: /home/marco/marco/uni/magistrale/IDS_project/install/theora_image_transport/include/theora_image_transport/theora_image_transport
-- Up-to-date: /home/marco/marco/uni/magistrale/IDS_project/install/theora_image_transport/include/theora_image_transport/theora_image_transport/msg
-- Up-to-date: /home/marco/marco/uni/magistrale/IDS_project/install/theora_image_transport/include/theora_image_transport/theora_image_transport/msg/detail
-- Installing: /home/marco/marco/uni/magistrale/IDS_project/install/theora_image_transport/include/theora_image_transport/theora_image_transport/msg/detail/packet__type_support.cpp
-- Installing: /home/marco/marco/uni/magistrale/IDS_project/install/theora_image_transport/include/theora_image_transport/theora_image_transport/msg/detail/packet__rosidl_typesupport_introspection_cpp.hpp
-- Installing: /home/marco/marco/uni/magistrale/IDS_project/install/theora_image_transport/lib/libtheora_image_transport__rosidl_typesupport_introspection_cpp.so
-- Set runtime path of "/home/marco/marco/uni/magistrale/IDS_project/install/theora_image_transport/lib/libtheora_image_transport__rosidl_typesupport_introspection_cpp.so" to ""
-- Installing: /home/marco/marco/uni/magistrale/IDS_project/install/theora_image_transport/lib/libtheora_image_transport__rosidl_typesupport_cpp.so
-- Set runtime path of "/home/marco/marco/uni/magistrale/IDS_project/install/theora_image_transport/lib/libtheora_image_transport__rosidl_typesupport_cpp.so" to ""
-- Installing: /home/marco/marco/uni/magistrale/IDS_project/install/theora_image_transport/share/theora_image_transport/environment/pythonpath.sh
-- Installing: /home/marco/marco/uni/magistrale/IDS_project/install/theora_image_transport/share/theora_image_transport/environment/pythonpath.dsv
-- Installing: /home/marco/marco/uni/magistrale/IDS_project/install/theora_image_transport/local/lib/python3.10/dist-packages/theora_image_transport-2.5.5-py3.10.egg-info
-- Installing: /home/marco/marco/uni/magistrale/IDS_project/install/theora_image_transport/local/lib/python3.10/dist-packages/theora_image_transport-2.5.5-py3.10.egg-info/PKG-INFO
-- Installing: /home/marco/marco/uni/magistrale/IDS_project/install/theora_image_transport/local/lib/python3.10/dist-packages/theora_image_transport-2.5.5-py3.10.egg-info/dependency_links.txt
-- Installing: /home/marco/marco/uni/magistrale/IDS_project/install/theora_image_transport/local/lib/python3.10/dist-packages/theora_image_transport-2.5.5-py3.10.egg-info/top_level.txt
-- Installing: /home/marco/marco/uni/magistrale/IDS_project/install/theora_image_transport/local/lib/python3.10/dist-packages/theora_image_transport-2.5.5-py3.10.egg-info/SOURCES.txt
-- Installing: /home/marco/marco/uni/magistrale/IDS_project/install/theora_image_transport/local/lib/python3.10/dist-packages/theora_image_transport
-- Installing: /home/marco/marco/uni/magistrale/IDS_project/install/theora_image_transport/local/lib/python3.10/dist-packages/theora_image_transport/_theora_image_transport_s.ep.rosidl_typesupport_fastrtps_c.c
-- Installing: /home/marco/marco/uni/magistrale/IDS_project/install/theora_image_transport/local/lib/python3.10/dist-packages/theora_image_transport/theora_image_transport_s__rosidl_typesupport_fastrtps_c.cpython-310-x86_64-linux-gnu.so
-- Installing: /home/marco/marco/uni/magistrale/IDS_project/install/theora_image_transport/local/lib/python3.10/dist-packages/theora_image_transport/_theora_image_transport_s.ep.rosidl_typesupport_c.c
-- Installing: /home/marco/marco/uni/magistrale/IDS_project/install/theora_image_transport/local/lib/python3.10/dist-packages/theora_image_transport/libtheora_image_transport__rosidl_generator_py.so
-- Installing: /home/marco/marco/uni/magistrale/IDS_project/install/theora_image_transport/local/lib/python3.10/dist-packages/theora_image_transport/_theora_image_transport_s.ep.rosidl_typesupport_introspection_c.c
-- Installing: /home/marco/marco/uni/magistrale/IDS_project/install/theora_image_transport/local/lib/python3.10/dist-packages/theora_image_transport/theora_image_transport_s__rosidl_typesupport_introspection_c.cpython-310-x86_64-linux-gnu.so
-- Installing: /home/marco/marco/uni/magistrale/IDS_project/install/theora_image_transport/local/lib/python3.10/dist-packages/theora_image_transport/msg
-- Installing: /home/marco/marco/uni/magistrale/IDS_project/install/theora_image_transport/local/lib/python3.10/dist-packages/theora_image_transport/msg/_packet.py
-- Installing: /home/marco/marco/uni/magistrale/IDS_project/install/theora_image_transport/local/lib/python3.10/dist-packages/theora_image_transport/msg/_packet_s.c
-- Installing: /home/marco/marco/uni/magistrale/IDS_project/install/theora_image_transport/local/lib/python3.10/dist-packages/theora_image_transport/msg/__init__.py
-- Installing: /home/marco/marco/uni/magistrale/IDS_project/install/theora_image_transport/local/lib/python3.10/dist-packages/theora_image_transport/theora_image_transport_s__rosidl_typesupport_c.cpython-310-x86_64-linux-gnu.so
-- Installing: /home/marco/marco/uni/magistrale/IDS_project/install/theora_image_transport/local/lib/python3.10/dist-packages/theora_image_transport/__init__.py
Listing '/home/marco/marco/uni/magistrale/IDS_project/install/theora_image_transport/local/lib/python3.10/dist-packages/theora_image_transport'...
Compiling '/home/marco/marco/uni/magistrale/IDS_project/install/theora_image_transport/local/lib/python3.10/dist-packages/theora_image_transport/__init__.py'...
Listing '/home/marco/marco/uni/magistrale/IDS_project/install/theora_image_transport/local/lib/python3.10/dist-packages/theora_image_transport/msg'...
Compiling '/home/marco/marco/uni/magistrale/IDS_project/install/theora_image_transport/local/lib/python3.10/dist-packages/theora_image_transport/msg/__init__.py'...
Compiling '/home/marco/marco/uni/magistrale/IDS_project/install/theora_image_transport/local/lib/python3.10/dist-packages/theora_image_transport/msg/_packet.py'...
-- Installing: /home/marco/marco/uni/magistrale/IDS_project/install/theora_image_transport/local/lib/python3.10/dist-packages/theora_image_transport/theora_image_transport_s__rosidl_typesupport_fastrtps_c.cpython-310-x86_64-linux-gnu.so
-- Set runtime path of "/home/marco/marco/uni/magistrale/IDS_project/install/theora_image_transport/local/lib/python3.10/dist-packages/theora_image_transport/theora_image_transport_s__rosidl_typesupport_fastrtps_c.cpython-310-x86_64-linux-gnu.so" to ""
-- Installing: /home/marco/marco/uni/magistrale/IDS_project/install/theora_image_transport/local/lib/python3.10/dist-packages/theora_image_transport/theora_image_transport_s__rosidl_typesupport_introspection_c.cpython-310-x86_64-linux-gnu.so
-- Set runtime path of "/home/marco/marco/uni/magistrale/IDS_project/install/theora_image_transport/local/lib/python3.10/dist-packages/theora_image_transport/theora_image_transport_s__rosidl_typesupport_introspection_c.cpython-310-x86_64-linux-gnu.so" to ""
-- Installing: /home/marco/marco/uni/magistrale/IDS_project/install/theora_image_transport/local/lib/python3.10/dist-packages/theora_image_transport/theora_image_transport_s__rosidl_typesupport_c.cpython-310-x86_64-linux-gnu.so
-- Set runtime path of "/home/marco/marco/uni/magistrale/IDS_project/install/theora_image_transport/local/lib/python3.10/dist-packages/theora_image_transport/theora_image_transport_s__rosidl_typesupport_c.cpython-310-x86_64-linux-gnu.so" to ""
-- Installing: /home/marco/marco/uni/magistrale/IDS_project/install/theora_image_transport/lib/libtheora_image_transport__rosidl_generator_py.so
-- Set runtime path of "/home/marco/marco/uni/magistrale/IDS_project/install/theora_image_transport/lib/libtheora_image_transport__rosidl_generator_py.so" to ""
-- Installing: /home/marco/marco/uni/magistrale/IDS_project/install/theora_image_transport/share/ament_index/resource_index/rust_packages/theora_image_transport
-- Installing: /home/marco/marco/uni/magistrale/IDS_project/install/theora_image_transport/share/theora_image_transport/rust
-- Installing: /home/marco/marco/uni/magistrale/IDS_project/install/theora_image_transport/share/theora_image_transport/rust/build.rs
-- Installing: /home/marco/marco/uni/magistrale/IDS_project/install/theora_image_transport/share/theora_image_transport/rust/Cargo.toml
-- Installing: /home/marco/marco/uni/magistrale/IDS_project/install/theora_image_transport/share/theora_image_transport/rust/src
-- Installing: /home/marco/marco/uni/magistrale/IDS_project/install/theora_image_transport/share/theora_image_transport/rust/src/lib.rs
-- Installing: /home/marco/marco/uni/magistrale/IDS_project/install/theora_image_transport/share/theora_image_transport/rust/src/msg
-- Installing: /home/marco/marco/uni/magistrale/IDS_project/install/theora_image_transport/share/theora_image_transport/rust/src/msg/rmw.rs
-- Installing: /home/marco/marco/uni/magistrale/IDS_project/install/theora_image_transport/share/theora_image_transport/rust/src/msg.rs
-- Installing: /home/marco/marco/uni/magistrale/IDS_project/install/theora_image_transport/share/theora_image_transport/msg/Packet.idl
-- Installing: /home/marco/marco/uni/magistrale/IDS_project/install/theora_image_transport/share/theora_image_transport/msg/Packet.msg
-- Installing: /home/marco/marco/uni/magistrale/IDS_project/install/theora_image_transport/lib/libtheora_image_transport_component.so
-- Set runtime path of "/home/marco/marco/uni/magistrale/IDS_project/install/theora_image_transport/lib/libtheora_image_transport_component.so" to ""
-- Installing: /home/marco/marco/uni/magistrale/IDS_project/install/theora_image_transport/lib/theora_image_transport/ogg_saver
-- Set runtime path of "/home/marco/marco/uni/magistrale/IDS_project/install/theora_image_transport/lib/theora_image_transport/ogg_saver" to ""
-- Up-to-date: /home/marco/marco/uni/magistrale/IDS_project/install/theora_image_transport/include/theora_image_transport
-- Up-to-date: /home/marco/marco/uni/magistrale/IDS_project/install/theora_image_transport/include/theora_image_transport/theora_image_transport
-- Installing: /home/marco/marco/uni/magistrale/IDS_project/install/theora_image_transport/include/theora_image_transport/theora_image_transport/theora_subscriber.h
-- Installing: /home/marco/marco/uni/magistrale/IDS_project/install/theora_image_transport/include/theora_image_transport/theora_image_transport/theora_publisher.h
-- Installing: /home/marco/marco/uni/magistrale/IDS_project/install/theora_image_transport/share/theora_image_transport/theora_plugins.xml
-- Installing: /home/marco/marco/uni/magistrale/IDS_project/install/theora_image_transport/share/ament_index/resource_index/package_run_dependencies/theora_image_transport
-- Installing: /home/marco/marco/uni/magistrale/IDS_project/install/theora_image_transport/share/ament_index/resource_index/parent_prefix_path/theora_image_transport
-- Installing: /home/marco/marco/uni/magistrale/IDS_project/install/theora_image_transport/share/theora_image_transport/environment/ament_prefix_path.sh
-- Installing: /home/marco/marco/uni/magistrale/IDS_project/install/theora_image_transport/share/theora_image_transport/environment/ament_prefix_path.dsv
-- Installing: /home/marco/marco/uni/magistrale/IDS_project/install/theora_image_transport/share/theora_image_transport/environment/path.sh
-- Installing: /home/marco/marco/uni/magistrale/IDS_project/install/theora_image_transport/share/theora_image_transport/environment/path.dsv
-- Installing: /home/marco/marco/uni/magistrale/IDS_project/install/theora_image_transport/share/theora_image_transport/local_setup.bash
-- Installing: /home/marco/marco/uni/magistrale/IDS_project/install/theora_image_transport/share/theora_image_transport/local_setup.sh
-- Installing: /home/marco/marco/uni/magistrale/IDS_project/install/theora_image_transport/share/theora_image_transport/local_setup.zsh
-- Installing: /home/marco/marco/uni/magistrale/IDS_project/install/theora_image_transport/share/theora_image_transport/local_setup.dsv
-- Installing: /home/marco/marco/uni/magistrale/IDS_project/install/theora_image_transport/share/theora_image_transport/package.dsv
-- Installing: /home/marco/marco/uni/magistrale/IDS_project/install/theora_image_transport/share/ament_index/resource_index/packages/theora_image_transport
-- Installing: /home/marco/marco/uni/magistrale/IDS_project/install/theora_image_transport/share/ament_index/resource_index/image_transport__pluginlib__plugin/theora_image_transport
-- Installing: /home/marco/marco/uni/magistrale/IDS_project/install/theora_image_transport/share/theora_image_transport/cmake/export_theora_image_transport__rosidl_generator_cExport.cmake
-- Installing: /home/marco/marco/uni/magistrale/IDS_project/install/theora_image_transport/share/theora_image_transport/cmake/export_theora_image_transport__rosidl_generator_cExport-noconfig.cmake
-- Installing: /home/marco/marco/uni/magistrale/IDS_project/install/theora_image_transport/share/theora_image_transport/cmake/export_theora_image_transport__rosidl_typesupport_fastrtps_cExport.cmake
-- Installing: /home/marco/marco/uni/magistrale/IDS_project/install/theora_image_transport/share/theora_image_transport/cmake/export_theora_image_transport__rosidl_typesupport_fastrtps_cExport-noconfig.cmake
-- Installing: /home/marco/marco/uni/magistrale/IDS_project/install/theora_image_transport/share/theora_image_transport/cmake/export_theora_image_transport__rosidl_generator_cppExport.cmake
-- Installing: /home/marco/marco/uni/magistrale/IDS_project/install/theora_image_transport/share/theora_image_transport/cmake/export_theora_image_transport__rosidl_typesupport_fastrtps_cppExport.cmake
-- Installing: /home/marco/marco/uni/magistrale/IDS_project/install/theora_image_transport/share/theora_image_transport/cmake/export_theora_image_transport__rosidl_typesupport_fastrtps_cppExport-noconfig.cmake
-- Installing: /home/marco/marco/uni/magistrale/IDS_project/install/theora_image_transport/share/theora_image_transport/cmake/theora_image_transport__rosidl_typesupport_introspection_cExport.cmake
-- Installing: /home/marco/marco/uni/magistrale/IDS_project/install/theora_image_transport/share/theora_image_transport/cmake/theora_image_transport__rosidl_typesupport_introspection_cExport-noconfig.cmake
-- Installing: /home/marco/marco/uni/magistrale/IDS_project/install/theora_image_transport/share/theora_image_transport/cmake/theora_image_transport__rosidl_typesupport_cExport.cmake
-- Installing: /home/marco/marco/uni/magistrale/IDS_project/install/theora_image_transport/share/theora_image_transport/cmake/theora_image_transport__rosidl_typesupport_cExport-noconfig.cmake
-- Installing: /home/marco/marco/uni/magistrale/IDS_project/install/theora_image_transport/share/theora_image_transport/cmake/theora_image_transport__rosidl_typesupport_introspection_cppExport.cmake
-- Installing: /home/marco/marco/uni/magistrale/IDS_project/install/theora_image_transport/share/theora_image_transport/cmake/theora_image_transport__rosidl_typesupport_introspection_cppExport-noconfig.cmake
-- Installing: /home/marco/marco/uni/magistrale/IDS_project/install/theora_image_transport/share/theora_image_transport/cmake/theora_image_transport__rosidl_typesupport_cppExport.cmake
-- Installing: /home/marco/marco/uni/magistrale/IDS_project/install/theora_image_transport/share/theora_image_transport/cmake/theora_image_transport__rosidl_typesupport_cppExport-noconfig.cmake
-- Installing: /home/marco/marco/uni/magistrale/IDS_project/install/theora_image_transport/share/theora_image_transport/cmake/export_theora_image_transport__rosidl_generator_pyExport.cmake
-- Installing: /home/marco/marco/uni/magistrale/IDS_project/install/theora_image_transport/share/theora_image_transport/cmake/export_theora_image_transport__rosidl_generator_pyExport-noconfig.cmake
-- Installing: /home/marco/marco/uni/magistrale/IDS_project/install/theora_image_transport/share/theora_image_transport/cmake/export_theora_image_transport_componentExport.cmake
-- Installing: /home/marco/marco/uni/magistrale/IDS_project/install/theora_image_transport/share/theora_image_transport/cmake/export_theora_image_transport_componentExport-noconfig.cmake
-- Installing: /home/marco/marco/uni/magistrale/IDS_project/install/theora_image_transport/share/theora_image_transport/cmake/rosidl_cmake-extras.cmake
-- Installing: /home/marco/marco/uni/magistrale/IDS_project/install/theora_image_transport/share/theora_image_transport/cmake/ament_cmake_export_dependencies-extras.cmake
-- Installing: /home/marco/marco/uni/magistrale/IDS_project/install/theora_image_transport/share/theora_image_transport/cmake/ament_cmake_export_include_directories-extras.cmake
-- Installing: /home/marco/marco/uni/magistrale/IDS_project/install/theora_image_transport/share/theora_image_transport/cmake/ament_cmake_export_libraries-extras.cmake
-- Installing: /home/marco/marco/uni/magistrale/IDS_project/install/theora_image_transport/share/theora_image_transport/cmake/ament_cmake_export_targets-extras.cmake
-- Installing: /home/marco/marco/uni/magistrale/IDS_project/install/theora_image_transport/share/theora_image_transport/cmake/rosidl_cmake_export_typesupport_targets-extras.cmake
-- Installing: /home/marco/marco/uni/magistrale/IDS_project/install/theora_image_transport/share/theora_image_transport/cmake/rosidl_cmake_export_typesupport_libraries-extras.cmake
-- Installing: /home/marco/marco/uni/magistrale/IDS_project/install/theora_image_transport/share/theora_image_transport/cmake/theora_image_transportConfig.cmake
-- Installing: /home/marco/marco/uni/magistrale/IDS_project/install/theora_image_transport/share/theora_image_transport/cmake/theora_image_transportConfig-version.cmake
-- Installing: /home/marco/marco/uni/magistrale/IDS_project/install/theora_image_transport/share/theora_image_transport/package.xml
