[0.020s] Invoking command in '/home/marco/marco/uni/magistrale/IDS_project/build/theora_image_transport': CMAKE_PREFIX_PATH=/opt/ros/humble /usr/bin/cmake /home/marco/marco/uni/magistrale/IDS_project/ros2_ws/src/image_transport_plugins/theora_image_transport -DCMAKE_INSTALL_PREFIX=/home/marco/marco/uni/magistrale/IDS_project/install/theora_image_transport
[0.767s] -- The C compiler identification is GNU 11.4.0
[0.767s] -- The CXX compiler identification is GNU 11.4.0
[0.767s] -- Detecting C compiler ABI info
[0.767s] -- Detecting C compiler ABI info - done
[0.767s] -- Check for working C compiler: /usr/bin/cc - skipped
[0.768s] -- Detecting C compile features
[0.768s] -- Detecting C compile features - done
[0.768s] -- Detecting CXX compiler ABI info
[0.768s] -- Detecting CXX compiler ABI info - done
[0.768s] -- Check for working CXX compiler: /usr/bin/c++ - skipped
[0.768s] -- Detecting CXX compile features
[0.768s] -- Detecting CXX compile features - done
[0.768s] -- Found ament_cmake: 1.3.14 (/opt/ros/humble/share/ament_cmake/cmake)
[0.768s] -- Found Python3: /usr/bin/python3 (found version "3.10.12") found components: Interpreter 
[0.768s] -- Found image_transport: 3.1.12 (/opt/ros/humble/share/image_transport/cmake)
[0.768s] -- Found rosidl_generator_c: 3.1.8 (/opt/ros/humble/share/rosidl_generator_c/cmake)
[0.768s] -- Found rosidl_adapter: 3.1.8 (/opt/ros/humble/share/rosidl_adapter/cmake)
[0.768s] -- Found rosidl_generator_cpp: 3.1.8 (/opt/ros/humble/share/rosidl_generator_cpp/cmake)
[0.768s] -- Using all available rosidl_typesupport_c: rosidl_typesupport_fastrtps_c;rosidl_typesupport_introspection_c
[0.780s] -- Using all available rosidl_typesupport_cpp: rosidl_typesupport_fastrtps_cpp;rosidl_typesupport_introspection_cpp
[0.852s] -- Found rmw_implementation_cmake: 6.1.2 (/opt/ros/humble/share/rmw_implementation_cmake/cmake)
[0.855s] -- Found rmw_fastrtps_cpp: 6.2.10 (/opt/ros/humble/share/rmw_fastrtps_cpp/cmake)
[0.972s] -- Found OpenSSL: /usr/lib/x86_64-linux-gnu/libcrypto.so (found version "3.0.2")  
[1.004s] -- Found FastRTPS: /opt/ros/humble/include  
[1.061s] -- Using RMW implementation 'rmw_fastrtps_cpp' as default
[1.073s] -- Looking for pthread.h
[1.176s] -- Looking for pthread.h - found
[1.176s] -- Performing Test CMAKE_HAVE_LIBC_PTHREAD
[1.298s] -- Performing Test CMAKE_HAVE_LIBC_PTHREAD - Success
[1.299s] -- Found Threads: TRUE  
[1.448s] -- Found cv_bridge: 3.2.1 (/opt/ros/humble/share/cv_bridge/cmake)
[1.464s] -- Found rosidl_default_generators: 1.2.1 (/opt/ros/humble/share/rosidl_default_generators/cmake)
[1.485s] -- Found OpenCV: /usr (found version "4.5.4") found components: imgproc 
[1.494s] -- Found PkgConfig: /usr/bin/pkg-config (found version "0.29.2") 
[1.495s] -- Checking for module 'ogg'
[1.524s] --   Found ogg, version 1.3.5
[1.574s] -- Checking for module 'theora'
[1.593s] --   Found theora, version 1.1.1
[1.637s] -- Checking for module 'theoraenc'
[1.653s] --   Found theoraenc, version 1.1.1
[1.692s] -- Checking for module 'theoradec'
[1.712s] --   Found theoradec, version 1.1.1
[2.492s] -- Found ament_cmake_cppcheck: 0.12.15 (/opt/ros/humble/share/ament_cmake_cppcheck/cmake)
[2.495s] -- Found ament_cmake_cpplint: 0.12.15 (/opt/ros/humble/share/ament_cmake_cpplint/cmake)
[2.498s] -- Found ament_cmake_uncrustify: 0.12.15 (/opt/ros/humble/share/ament_cmake_uncrustify/cmake)
[2.503s] -- Found ament_cmake_ros: 0.10.0 (/opt/ros/humble/share/ament_cmake_ros/cmake)
[3.534s] -- Using all available rosidl_typesupport_c: rosidl_typesupport_fastrtps_c;rosidl_typesupport_introspection_c
[3.724s] -- Using all available rosidl_typesupport_cpp: rosidl_typesupport_fastrtps_cpp;rosidl_typesupport_introspection_cpp
[3.785s] -- Found PythonInterp: /usr/bin/python3 (found suitable version "3.10.12", minimum required is "3.6") 
[3.793s] -- Found python_cmake_module: 0.10.0 (/opt/ros/humble/share/python_cmake_module/cmake)
[3.858s] -- Found PythonLibs: /usr/lib/x86_64-linux-gnu/libpython3.10.so (found suitable version "3.10.12", minimum required is "3.5") 
[3.858s] -- Using PYTHON_EXECUTABLE: /usr/bin/python3
[3.859s] -- Using PYTHON_INCLUDE_DIRS: /usr/include/python3.10
[3.859s] -- Using PYTHON_LIBRARIES: /usr/lib/x86_64-linux-gnu/libpython3.10.so
[3.941s] -- Found PythonExtra: .so  
[4.096s] -- Found ament_cmake_flake8: 0.12.15 (/opt/ros/humble/share/ament_cmake_flake8/cmake)
[4.099s] -- Found ament_cmake_pep257: 0.12.15 (/opt/ros/humble/share/ament_cmake_pep257/cmake)
[4.327s] -- Configuring done
[4.462s] -- Generating done
[4.526s] -- Build files have been written to: /home/marco/marco/uni/magistrale/IDS_project/build/theora_image_transport
[4.606s] Invoked command in '/home/marco/marco/uni/magistrale/IDS_project/build/theora_image_transport' returned '0': CMAKE_PREFIX_PATH=/opt/ros/humble /usr/bin/cmake /home/marco/marco/uni/magistrale/IDS_project/ros2_ws/src/image_transport_plugins/theora_image_transport -DCMAKE_INSTALL_PREFIX=/home/marco/marco/uni/magistrale/IDS_project/install/theora_image_transport
[4.607s] Invoking command in '/home/marco/marco/uni/magistrale/IDS_project/build/theora_image_transport': CMAKE_PREFIX_PATH=/opt/ros/humble /usr/bin/cmake --build /home/marco/marco/uni/magistrale/IDS_project/build/theora_image_transport -- -j8 -l8
[4.764s] [  2%] [34m[1mGenerating C code for ROS interfaces[0m
[4.796s] [  5%] [34m[1mGenerating Rust code for ROS interfaces[0m
[4.818s] [  7%] [34m[1mGenerating C++ code for ROS interfaces[0m
[4.855s] [  7%] Built target ament_cmake_python_copy_theora_image_transport
[5.281s] running egg_info
[5.295s] creating theora_image_transport.egg-info
[5.296s] writing theora_image_transport.egg-info/PKG-INFO
[5.296s] writing dependency_links to theora_image_transport.egg-info/dependency_links.txt
[5.296s] writing top-level names to theora_image_transport.egg-info/top_level.txt
[5.297s] writing manifest file 'theora_image_transport.egg-info/SOURCES.txt'
[5.356s] reading manifest file 'theora_image_transport.egg-info/SOURCES.txt'
[5.357s] writing manifest file 'theora_image_transport.egg-info/SOURCES.txt'
[5.396s] [  7%] Built target ament_cmake_python_build_theora_image_transport_egg
[5.478s] [  7%] Built target theora_image_transport__cpp
[5.510s] [ 10%] [34m[1mGenerating C++ introspection for ROS interfaces[0m
[5.513s] [ 13%] [34m[1mGenerating C++ type support for eProsima Fast-RTPS[0m
[5.520s] [ 15%] [34m[1mGenerating C++ type support dispatch for ROS interfaces[0m
[5.664s] [ 15%] Built target theora_image_transport__rs
[5.975s] [ 18%] [32mBuilding C object CMakeFiles/theora_image_transport__rosidl_generator_c.dir/rosidl_generator_c/theora_image_transport/msg/detail/packet__functions.c.o[0m
[6.114s] [ 21%] [32m[1mLinking C shared library libtheora_image_transport__rosidl_generator_c.so[0m
[6.224s] [ 21%] Built target theora_image_transport__rosidl_generator_c
[6.242s] [ 23%] [32mBuilding CXX object CMakeFiles/theora_image_transport__rosidl_typesupport_introspection_cpp.dir/rosidl_typesupport_introspection_cpp/theora_image_transport/msg/detail/packet__type_support.cpp.o[0m
[6.275s] [ 26%] [34m[1mGenerating C type support for eProsima Fast-RTPS[0m
[6.276s] [ 28%] [34m[1mGenerating C type support dispatch for ROS interfaces[0m
[6.291s] [ 31%] [34m[1mGenerating C introspection for ROS interfaces[0m
[6.291s] [ 34%] [32mBuilding CXX object CMakeFiles/theora_image_transport__rosidl_typesupport_fastrtps_cpp.dir/rosidl_typesupport_fastrtps_cpp/theora_image_transport/msg/detail/dds_fastrtps/packet__type_support.cpp.o[0m
[6.925s] [ 36%] [32mBuilding CXX object CMakeFiles/theora_image_transport__rosidl_typesupport_fastrtps_c.dir/rosidl_typesupport_fastrtps_c/theora_image_transport/msg/detail/packet__type_support_c.cpp.o[0m
[6.951s] [ 39%] [32mBuilding CXX object CMakeFiles/theora_image_transport__rosidl_typesupport_cpp.dir/rosidl_typesupport_cpp/theora_image_transport/msg/packet__type_support.cpp.o[0m
[7.010s] [ 42%] [32m[1mLinking CXX shared library libtheora_image_transport__rosidl_typesupport_introspection_cpp.so[0m
[7.075s] [ 44%] [32mBuilding CXX object CMakeFiles/theora_image_transport__rosidl_typesupport_c.dir/rosidl_typesupport_c/theora_image_transport/msg/packet__type_support.cpp.o[0m
[7.206s] [ 47%] [32m[1mLinking CXX shared library libtheora_image_transport__rosidl_typesupport_c.so[0m
[7.303s] [ 47%] Built target theora_image_transport__rosidl_typesupport_introspection_cpp
[7.341s] [ 47%] Built target theora_image_transport__rosidl_typesupport_c
[8.095s] [ 50%] [32m[1mLinking CXX shared library libtheora_image_transport__rosidl_typesupport_cpp.so[0m
[8.144s] [ 52%] [32mBuilding C object CMakeFiles/theora_image_transport__rosidl_typesupport_introspection_c.dir/rosidl_typesupport_introspection_c/theora_image_transport/msg/detail/packet__type_support.c.o[0m
[8.148s] [ 55%] [32m[1mLinking CXX shared library libtheora_image_transport__rosidl_typesupport_fastrtps_cpp.so[0m
[8.194s] [ 55%] Built target theora_image_transport__rosidl_typesupport_cpp
[8.219s] [ 57%] [32m[1mLinking C shared library libtheora_image_transport__rosidl_typesupport_introspection_c.so[0m
[8.251s] [ 60%] [32mBuilding CXX object CMakeFiles/ogg_saver.dir/src/ogg_saver.cpp.o[0m
[8.275s] [ 63%] [32m[1mLinking CXX shared library libtheora_image_transport__rosidl_typesupport_fastrtps_c.so[0m
[8.309s] [ 63%] Built target theora_image_transport__rosidl_typesupport_introspection_c
[8.315s] [ 63%] Built target theora_image_transport__rosidl_typesupport_fastrtps_cpp
[8.316s] [ 65%] [32mBuilding CXX object CMakeFiles/theora_image_transport_component.dir/src/theora_publisher.cpp.o[0m
[8.332s] [ 68%] [32mBuilding CXX object CMakeFiles/theora_image_transport_component.dir/src/theora_subscriber.cpp.o[0m
[8.347s] [ 71%] [32mBuilding CXX object CMakeFiles/theora_image_transport_component.dir/src/manifest.cpp.o[0m
[8.683s] [ 71%] Built target theora_image_transport__rosidl_typesupport_fastrtps_c
[8.752s] [ 71%] Built target theora_image_transport
[8.813s] [ 73%] [34m[1mGenerating Python code for ROS interfaces[0m
[10.290s] [ 73%] Built target theora_image_transport__py
[10.340s] [ 76%] [32mBuilding C object CMakeFiles/theora_image_transport__rosidl_generator_py.dir/rosidl_generator_py/theora_image_transport/msg/_packet_s.c.o[0m
[10.791s] [ 78%] [32m[1mLinking C shared library rosidl_generator_py/theora_image_transport/libtheora_image_transport__rosidl_generator_py.so[0m
[10.880s] [ 78%] Built target theora_image_transport__rosidl_generator_py
[10.930s] [ 81%] [32mBuilding C object CMakeFiles/theora_image_transport__rosidl_typesupport_introspection_c__pyext.dir/rosidl_generator_py/theora_image_transport/_theora_image_transport_s.ep.rosidl_typesupport_introspection_c.c.o[0m
[10.935s] [ 84%] [32mBuilding C object CMakeFiles/theora_image_transport__rosidl_typesupport_fastrtps_c__pyext.dir/rosidl_generator_py/theora_image_transport/_theora_image_transport_s.ep.rosidl_typesupport_fastrtps_c.c.o[0m
[10.961s] [ 86%] [32mBuilding C object CMakeFiles/theora_image_transport__rosidl_typesupport_c__pyext.dir/rosidl_generator_py/theora_image_transport/_theora_image_transport_s.ep.rosidl_typesupport_c.c.o[0m
[11.106s] [ 89%] [32m[1mLinking C shared library rosidl_generator_py/theora_image_transport/theora_image_transport_s__rosidl_typesupport_introspection_c.cpython-310-x86_64-linux-gnu.so[0m
[11.208s] [ 92%] [32m[1mLinking C shared library rosidl_generator_py/theora_image_transport/theora_image_transport_s__rosidl_typesupport_fastrtps_c.cpython-310-x86_64-linux-gnu.so[0m
[11.217s] [ 92%] Built target theora_image_transport__rosidl_typesupport_introspection_c__pyext
[11.323s] [ 94%] [32m[1mLinking C shared library rosidl_generator_py/theora_image_transport/theora_image_transport_s__rosidl_typesupport_c.cpython-310-x86_64-linux-gnu.so[0m
[11.329s] [ 94%] Built target theora_image_transport__rosidl_typesupport_fastrtps_c__pyext
[11.393s] [ 94%] Built target theora_image_transport__rosidl_typesupport_c__pyext
[21.048s] [ 97%] [32m[1mLinking CXX executable ogg_saver[0m
[21.519s] [ 97%] Built target ogg_saver
[21.634s] [100%] [32m[1mLinking CXX shared library libtheora_image_transport_component.so[0m
[22.065s] [100%] Built target theora_image_transport_component
[22.077s] Invoked command in '/home/marco/marco/uni/magistrale/IDS_project/build/theora_image_transport' returned '0': CMAKE_PREFIX_PATH=/opt/ros/humble /usr/bin/cmake --build /home/marco/marco/uni/magistrale/IDS_project/build/theora_image_transport -- -j8 -l8
[22.078s] Invoking command in '/home/marco/marco/uni/magistrale/IDS_project/build/theora_image_transport': CMAKE_PREFIX_PATH=/opt/ros/humble /usr/bin/cmake --install /home/marco/marco/uni/magistrale/IDS_project/build/theora_image_transport
[22.084s] -- Install configuration: ""
[22.084s] -- Installing: /home/marco/marco/uni/magistrale/IDS_project/install/theora_image_transport/share/ament_index/resource_index/rosidl_interfaces/theora_image_transport
[22.084s] -- Installing: /home/marco/marco/uni/magistrale/IDS_project/install/theora_image_transport/include/theora_image_transport/theora_image_transport
[22.084s] -- Installing: /home/marco/marco/uni/magistrale/IDS_project/install/theora_image_transport/include/theora_image_transport/theora_image_transport/msg
[22.084s] -- Installing: /home/marco/marco/uni/magistrale/IDS_project/install/theora_image_transport/include/theora_image_transport/theora_image_transport/msg/detail
[22.084s] -- Installing: /home/marco/marco/uni/magistrale/IDS_project/install/theora_image_transport/include/theora_image_transport/theora_image_transport/msg/detail/packet__functions.c
[22.084s] -- Installing: /home/marco/marco/uni/magistrale/IDS_project/install/theora_image_transport/include/theora_image_transport/theora_image_transport/msg/detail/packet__struct.h
[22.084s] -- Installing: /home/marco/marco/uni/magistrale/IDS_project/install/theora_image_transport/include/theora_image_transport/theora_image_transport/msg/detail/packet__type_support.h
[22.084s] -- Installing: /home/marco/marco/uni/magistrale/IDS_project/install/theora_image_transport/include/theora_image_transport/theora_image_transport/msg/detail/packet__functions.h
[22.084s] -- Installing: /home/marco/marco/uni/magistrale/IDS_project/install/theora_image_transport/include/theora_image_transport/theora_image_transport/msg/packet.h
[22.084s] -- Installing: /home/marco/marco/uni/magistrale/IDS_project/install/theora_image_transport/include/theora_image_transport/theora_image_transport/msg/rosidl_generator_c__visibility_control.h
[22.084s] -- Installing: /home/marco/marco/uni/magistrale/IDS_project/install/theora_image_transport/share/theora_image_transport/environment/library_path.sh
[22.084s] -- Installing: /home/marco/marco/uni/magistrale/IDS_project/install/theora_image_transport/share/theora_image_transport/environment/library_path.dsv
[22.084s] -- Installing: /home/marco/marco/uni/magistrale/IDS_project/install/theora_image_transport/lib/libtheora_image_transport__rosidl_generator_c.so
[22.085s] -- Set runtime path of "/home/marco/marco/uni/magistrale/IDS_project/install/theora_image_transport/lib/libtheora_image_transport__rosidl_generator_c.so" to ""
[22.085s] -- Up-to-date: /home/marco/marco/uni/magistrale/IDS_project/install/theora_image_transport/include/theora_image_transport/theora_image_transport
[22.085s] -- Up-to-date: /home/marco/marco/uni/magistrale/IDS_project/install/theora_image_transport/include/theora_image_transport/theora_image_transport/msg
[22.085s] -- Up-to-date: /home/marco/marco/uni/magistrale/IDS_project/install/theora_image_transport/include/theora_image_transport/theora_image_transport/msg/detail
[22.085s] -- Installing: /home/marco/marco/uni/magistrale/IDS_project/install/theora_image_transport/include/theora_image_transport/theora_image_transport/msg/detail/packet__rosidl_typesupport_fastrtps_c.h
[22.085s] -- Installing: /home/marco/marco/uni/magistrale/IDS_project/install/theora_image_transport/include/theora_image_transport/theora_image_transport/msg/rosidl_typesupport_fastrtps_c__visibility_control.h
[22.085s] -- Installing: /home/marco/marco/uni/magistrale/IDS_project/install/theora_image_transport/lib/libtheora_image_transport__rosidl_typesupport_fastrtps_c.so
[22.085s] -- Set runtime path of "/home/marco/marco/uni/magistrale/IDS_project/install/theora_image_transport/lib/libtheora_image_transport__rosidl_typesupport_fastrtps_c.so" to ""
[22.085s] -- Up-to-date: /home/marco/marco/uni/magistrale/IDS_project/install/theora_image_transport/include/theora_image_transport/theora_image_transport
[22.085s] -- Up-to-date: /home/marco/marco/uni/magistrale/IDS_project/install/theora_image_transport/include/theora_image_transport/theora_image_transport/msg
[22.085s] -- Up-to-date: /home/marco/marco/uni/magistrale/IDS_project/install/theora_image_transport/include/theora_image_transport/theora_image_transport/msg/detail
[22.085s] -- Installing: /home/marco/marco/uni/magistrale/IDS_project/install/theora_image_transport/include/theora_image_transport/theora_image_transport/msg/detail/packet__type_support.hpp
[22.085s] -- Installing: /home/marco/marco/uni/magistrale/IDS_project/install/theora_image_transport/include/theora_image_transport/theora_image_transport/msg/detail/packet__builder.hpp
[22.085s] -- Installing: /home/marco/marco/uni/magistrale/IDS_project/install/theora_image_transport/include/theora_image_transport/theora_image_transport/msg/detail/packet__traits.hpp
[22.085s] -- Installing: /home/marco/marco/uni/magistrale/IDS_project/install/theora_image_transport/include/theora_image_transport/theora_image_transport/msg/detail/packet__struct.hpp
[22.085s] -- Installing: /home/marco/marco/uni/magistrale/IDS_project/install/theora_image_transport/include/theora_image_transport/theora_image_transport/msg/packet.hpp
[22.085s] -- Installing: /home/marco/marco/uni/magistrale/IDS_project/install/theora_image_transport/include/theora_image_transport/theora_image_transport/msg/rosidl_generator_cpp__visibility_control.hpp
[22.086s] -- Up-to-date: /home/marco/marco/uni/magistrale/IDS_project/install/theora_image_transport/include/theora_image_transport/theora_image_transport
[22.086s] -- Up-to-date: /home/marco/marco/uni/magistrale/IDS_project/install/theora_image_transport/include/theora_image_transport/theora_image_transport/msg
[22.086s] -- Up-to-date: /home/marco/marco/uni/magistrale/IDS_project/install/theora_image_transport/include/theora_image_transport/theora_image_transport/msg/detail
[22.086s] -- Installing: /home/marco/marco/uni/magistrale/IDS_project/install/theora_image_transport/include/theora_image_transport/theora_image_transport/msg/detail/dds_fastrtps
[22.086s] -- Installing: /home/marco/marco/uni/magistrale/IDS_project/install/theora_image_transport/include/theora_image_transport/theora_image_transport/msg/detail/packet__rosidl_typesupport_fastrtps_cpp.hpp
[22.086s] -- Installing: /home/marco/marco/uni/magistrale/IDS_project/install/theora_image_transport/include/theora_image_transport/theora_image_transport/msg/rosidl_typesupport_fastrtps_cpp__visibility_control.h
[22.086s] -- Installing: /home/marco/marco/uni/magistrale/IDS_project/install/theora_image_transport/lib/libtheora_image_transport__rosidl_typesupport_fastrtps_cpp.so
[22.086s] -- Set runtime path of "/home/marco/marco/uni/magistrale/IDS_project/install/theora_image_transport/lib/libtheora_image_transport__rosidl_typesupport_fastrtps_cpp.so" to ""
[22.086s] -- Up-to-date: /home/marco/marco/uni/magistrale/IDS_project/install/theora_image_transport/include/theora_image_transport/theora_image_transport
[22.086s] -- Up-to-date: /home/marco/marco/uni/magistrale/IDS_project/install/theora_image_transport/include/theora_image_transport/theora_image_transport/msg
[22.086s] -- Up-to-date: /home/marco/marco/uni/magistrale/IDS_project/install/theora_image_transport/include/theora_image_transport/theora_image_transport/msg/detail
[22.086s] -- Installing: /home/marco/marco/uni/magistrale/IDS_project/install/theora_image_transport/include/theora_image_transport/theora_image_transport/msg/detail/packet__rosidl_typesupport_introspection_c.h
[22.086s] -- Installing: /home/marco/marco/uni/magistrale/IDS_project/install/theora_image_transport/include/theora_image_transport/theora_image_transport/msg/detail/packet__type_support.c
[22.086s] -- Installing: /home/marco/marco/uni/magistrale/IDS_project/install/theora_image_transport/include/theora_image_transport/theora_image_transport/msg/rosidl_typesupport_introspection_c__visibility_control.h
[22.086s] -- Installing: /home/marco/marco/uni/magistrale/IDS_project/install/theora_image_transport/lib/libtheora_image_transport__rosidl_typesupport_introspection_c.so
[22.086s] -- Set runtime path of "/home/marco/marco/uni/magistrale/IDS_project/install/theora_image_transport/lib/libtheora_image_transport__rosidl_typesupport_introspection_c.so" to ""
[22.086s] -- Installing: /home/marco/marco/uni/magistrale/IDS_project/install/theora_image_transport/lib/libtheora_image_transport__rosidl_typesupport_c.so
[22.086s] -- Set runtime path of "/home/marco/marco/uni/magistrale/IDS_project/install/theora_image_transport/lib/libtheora_image_transport__rosidl_typesupport_c.so" to ""
[22.086s] -- Up-to-date: /home/marco/marco/uni/magistrale/IDS_project/install/theora_image_transport/include/theora_image_transport/theora_image_transport
[22.086s] -- Up-to-date: /home/marco/marco/uni/magistrale/IDS_project/install/theora_image_transport/include/theora_image_transport/theora_image_transport/msg
[22.087s] -- Up-to-date: /home/marco/marco/uni/magistrale/IDS_project/install/theora_image_transport/include/theora_image_transport/theora_image_transport/msg/detail
[22.087s] -- Installing: /home/marco/marco/uni/magistrale/IDS_project/install/theora_image_transport/include/theora_image_transport/theora_image_transport/msg/detail/packet__type_support.cpp
[22.087s] -- Installing: /home/marco/marco/uni/magistrale/IDS_project/install/theora_image_transport/include/theora_image_transport/theora_image_transport/msg/detail/packet__rosidl_typesupport_introspection_cpp.hpp
[22.087s] -- Installing: /home/marco/marco/uni/magistrale/IDS_project/install/theora_image_transport/lib/libtheora_image_transport__rosidl_typesupport_introspection_cpp.so
[22.087s] -- Set runtime path of "/home/marco/marco/uni/magistrale/IDS_project/install/theora_image_transport/lib/libtheora_image_transport__rosidl_typesupport_introspection_cpp.so" to ""
[22.087s] -- Installing: /home/marco/marco/uni/magistrale/IDS_project/install/theora_image_transport/lib/libtheora_image_transport__rosidl_typesupport_cpp.so
[22.087s] -- Set runtime path of "/home/marco/marco/uni/magistrale/IDS_project/install/theora_image_transport/lib/libtheora_image_transport__rosidl_typesupport_cpp.so" to ""
[22.087s] -- Installing: /home/marco/marco/uni/magistrale/IDS_project/install/theora_image_transport/share/theora_image_transport/environment/pythonpath.sh
[22.087s] -- Installing: /home/marco/marco/uni/magistrale/IDS_project/install/theora_image_transport/share/theora_image_transport/environment/pythonpath.dsv
[22.087s] -- Installing: /home/marco/marco/uni/magistrale/IDS_project/install/theora_image_transport/local/lib/python3.10/dist-packages/theora_image_transport-2.5.5-py3.10.egg-info
[22.087s] -- Installing: /home/marco/marco/uni/magistrale/IDS_project/install/theora_image_transport/local/lib/python3.10/dist-packages/theora_image_transport-2.5.5-py3.10.egg-info/PKG-INFO
[22.087s] -- Installing: /home/marco/marco/uni/magistrale/IDS_project/install/theora_image_transport/local/lib/python3.10/dist-packages/theora_image_transport-2.5.5-py3.10.egg-info/dependency_links.txt
[22.087s] -- Installing: /home/marco/marco/uni/magistrale/IDS_project/install/theora_image_transport/local/lib/python3.10/dist-packages/theora_image_transport-2.5.5-py3.10.egg-info/top_level.txt
[22.087s] -- Installing: /home/marco/marco/uni/magistrale/IDS_project/install/theora_image_transport/local/lib/python3.10/dist-packages/theora_image_transport-2.5.5-py3.10.egg-info/SOURCES.txt
[22.087s] -- Installing: /home/marco/marco/uni/magistrale/IDS_project/install/theora_image_transport/local/lib/python3.10/dist-packages/theora_image_transport
[22.088s] -- Installing: /home/marco/marco/uni/magistrale/IDS_project/install/theora_image_transport/local/lib/python3.10/dist-packages/theora_image_transport/_theora_image_transport_s.ep.rosidl_typesupport_fastrtps_c.c
[22.088s] -- Installing: /home/marco/marco/uni/magistrale/IDS_project/install/theora_image_transport/local/lib/python3.10/dist-packages/theora_image_transport/theora_image_transport_s__rosidl_typesupport_fastrtps_c.cpython-310-x86_64-linux-gnu.so
[22.088s] -- Installing: /home/marco/marco/uni/magistrale/IDS_project/install/theora_image_transport/local/lib/python3.10/dist-packages/theora_image_transport/_theora_image_transport_s.ep.rosidl_typesupport_c.c
[22.088s] -- Installing: /home/marco/marco/uni/magistrale/IDS_project/install/theora_image_transport/local/lib/python3.10/dist-packages/theora_image_transport/libtheora_image_transport__rosidl_generator_py.so
[22.088s] -- Installing: /home/marco/marco/uni/magistrale/IDS_project/install/theora_image_transport/local/lib/python3.10/dist-packages/theora_image_transport/_theora_image_transport_s.ep.rosidl_typesupport_introspection_c.c
[22.088s] -- Installing: /home/marco/marco/uni/magistrale/IDS_project/install/theora_image_transport/local/lib/python3.10/dist-packages/theora_image_transport/theora_image_transport_s__rosidl_typesupport_introspection_c.cpython-310-x86_64-linux-gnu.so
[22.088s] -- Installing: /home/marco/marco/uni/magistrale/IDS_project/install/theora_image_transport/local/lib/python3.10/dist-packages/theora_image_transport/msg
[22.088s] -- Installing: /home/marco/marco/uni/magistrale/IDS_project/install/theora_image_transport/local/lib/python3.10/dist-packages/theora_image_transport/msg/_packet.py
[22.088s] -- Installing: /home/marco/marco/uni/magistrale/IDS_project/install/theora_image_transport/local/lib/python3.10/dist-packages/theora_image_transport/msg/_packet_s.c
[22.088s] -- Installing: /home/marco/marco/uni/magistrale/IDS_project/install/theora_image_transport/local/lib/python3.10/dist-packages/theora_image_transport/msg/__init__.py
[22.088s] -- Installing: /home/marco/marco/uni/magistrale/IDS_project/install/theora_image_transport/local/lib/python3.10/dist-packages/theora_image_transport/theora_image_transport_s__rosidl_typesupport_c.cpython-310-x86_64-linux-gnu.so
[22.088s] -- Installing: /home/marco/marco/uni/magistrale/IDS_project/install/theora_image_transport/local/lib/python3.10/dist-packages/theora_image_transport/__init__.py
[22.111s] Listing '/home/marco/marco/uni/magistrale/IDS_project/install/theora_image_transport/local/lib/python3.10/dist-packages/theora_image_transport'...
[22.111s] Compiling '/home/marco/marco/uni/magistrale/IDS_project/install/theora_image_transport/local/lib/python3.10/dist-packages/theora_image_transport/__init__.py'...
[22.111s] Listing '/home/marco/marco/uni/magistrale/IDS_project/install/theora_image_transport/local/lib/python3.10/dist-packages/theora_image_transport/msg'...
[22.111s] Compiling '/home/marco/marco/uni/magistrale/IDS_project/install/theora_image_transport/local/lib/python3.10/dist-packages/theora_image_transport/msg/__init__.py'...
[22.111s] Compiling '/home/marco/marco/uni/magistrale/IDS_project/install/theora_image_transport/local/lib/python3.10/dist-packages/theora_image_transport/msg/_packet.py'...
[22.114s] -- Installing: /home/marco/marco/uni/magistrale/IDS_project/install/theora_image_transport/local/lib/python3.10/dist-packages/theora_image_transport/theora_image_transport_s__rosidl_typesupport_fastrtps_c.cpython-310-x86_64-linux-gnu.so
[22.114s] -- Set runtime path of "/home/marco/marco/uni/magistrale/IDS_project/install/theora_image_transport/local/lib/python3.10/dist-packages/theora_image_transport/theora_image_transport_s__rosidl_typesupport_fastrtps_c.cpython-310-x86_64-linux-gnu.so" to ""
[22.114s] -- Installing: /home/marco/marco/uni/magistrale/IDS_project/install/theora_image_transport/local/lib/python3.10/dist-packages/theora_image_transport/theora_image_transport_s__rosidl_typesupport_introspection_c.cpython-310-x86_64-linux-gnu.so
[22.114s] -- Set runtime path of "/home/marco/marco/uni/magistrale/IDS_project/install/theora_image_transport/local/lib/python3.10/dist-packages/theora_image_transport/theora_image_transport_s__rosidl_typesupport_introspection_c.cpython-310-x86_64-linux-gnu.so" to ""
[22.115s] -- Installing: /home/marco/marco/uni/magistrale/IDS_project/install/theora_image_transport/local/lib/python3.10/dist-packages/theora_image_transport/theora_image_transport_s__rosidl_typesupport_c.cpython-310-x86_64-linux-gnu.so
[22.115s] -- Set runtime path of "/home/marco/marco/uni/magistrale/IDS_project/install/theora_image_transport/local/lib/python3.10/dist-packages/theora_image_transport/theora_image_transport_s__rosidl_typesupport_c.cpython-310-x86_64-linux-gnu.so" to ""
[22.115s] -- Installing: /home/marco/marco/uni/magistrale/IDS_project/install/theora_image_transport/lib/libtheora_image_transport__rosidl_generator_py.so
[22.115s] -- Set runtime path of "/home/marco/marco/uni/magistrale/IDS_project/install/theora_image_transport/lib/libtheora_image_transport__rosidl_generator_py.so" to ""
[22.115s] -- Installing: /home/marco/marco/uni/magistrale/IDS_project/install/theora_image_transport/share/ament_index/resource_index/rust_packages/theora_image_transport
[22.115s] -- Installing: /home/marco/marco/uni/magistrale/IDS_project/install/theora_image_transport/share/theora_image_transport/rust
[22.115s] -- Installing: /home/marco/marco/uni/magistrale/IDS_project/install/theora_image_transport/share/theora_image_transport/rust/build.rs
[22.115s] -- Installing: /home/marco/marco/uni/magistrale/IDS_project/install/theora_image_transport/share/theora_image_transport/rust/Cargo.toml
[22.115s] -- Installing: /home/marco/marco/uni/magistrale/IDS_project/install/theora_image_transport/share/theora_image_transport/rust/src
[22.115s] -- Installing: /home/marco/marco/uni/magistrale/IDS_project/install/theora_image_transport/share/theora_image_transport/rust/src/lib.rs
[22.115s] -- Installing: /home/marco/marco/uni/magistrale/IDS_project/install/theora_image_transport/share/theora_image_transport/rust/src/msg
[22.115s] -- Installing: /home/marco/marco/uni/magistrale/IDS_project/install/theora_image_transport/share/theora_image_transport/rust/src/msg/rmw.rs
[22.115s] -- Installing: /home/marco/marco/uni/magistrale/IDS_project/install/theora_image_transport/share/theora_image_transport/rust/src/msg.rs
[22.115s] -- Installing: /home/marco/marco/uni/magistrale/IDS_project/install/theora_image_transport/share/theora_image_transport/msg/Packet.idl
[22.116s] -- Installing: /home/marco/marco/uni/magistrale/IDS_project/install/theora_image_transport/share/theora_image_transport/msg/Packet.msg
[22.116s] -- Installing: /home/marco/marco/uni/magistrale/IDS_project/install/theora_image_transport/lib/libtheora_image_transport_component.so
[22.120s] -- Set runtime path of "/home/marco/marco/uni/magistrale/IDS_project/install/theora_image_transport/lib/libtheora_image_transport_component.so" to ""
[22.120s] -- Installing: /home/marco/marco/uni/magistrale/IDS_project/install/theora_image_transport/lib/theora_image_transport/ogg_saver
[22.123s] -- Set runtime path of "/home/marco/marco/uni/magistrale/IDS_project/install/theora_image_transport/lib/theora_image_transport/ogg_saver" to ""
[22.123s] -- Up-to-date: /home/marco/marco/uni/magistrale/IDS_project/install/theora_image_transport/include/theora_image_transport
[22.123s] -- Up-to-date: /home/marco/marco/uni/magistrale/IDS_project/install/theora_image_transport/include/theora_image_transport/theora_image_transport
[22.123s] -- Installing: /home/marco/marco/uni/magistrale/IDS_project/install/theora_image_transport/include/theora_image_transport/theora_image_transport/theora_subscriber.h
[22.123s] -- Installing: /home/marco/marco/uni/magistrale/IDS_project/install/theora_image_transport/include/theora_image_transport/theora_image_transport/theora_publisher.h
[22.123s] -- Installing: /home/marco/marco/uni/magistrale/IDS_project/install/theora_image_transport/share/theora_image_transport/theora_plugins.xml
[22.123s] -- Installing: /home/marco/marco/uni/magistrale/IDS_project/install/theora_image_transport/share/ament_index/resource_index/package_run_dependencies/theora_image_transport
[22.123s] -- Installing: /home/marco/marco/uni/magistrale/IDS_project/install/theora_image_transport/share/ament_index/resource_index/parent_prefix_path/theora_image_transport
[22.123s] -- Installing: /home/marco/marco/uni/magistrale/IDS_project/install/theora_image_transport/share/theora_image_transport/environment/ament_prefix_path.sh
[22.123s] -- Installing: /home/marco/marco/uni/magistrale/IDS_project/install/theora_image_transport/share/theora_image_transport/environment/ament_prefix_path.dsv
[22.123s] -- Installing: /home/marco/marco/uni/magistrale/IDS_project/install/theora_image_transport/share/theora_image_transport/environment/path.sh
[22.123s] -- Installing: /home/marco/marco/uni/magistrale/IDS_project/install/theora_image_transport/share/theora_image_transport/environment/path.dsv
[22.123s] -- Installing: /home/marco/marco/uni/magistrale/IDS_project/install/theora_image_transport/share/theora_image_transport/local_setup.bash
[22.123s] -- Installing: /home/marco/marco/uni/magistrale/IDS_project/install/theora_image_transport/share/theora_image_transport/local_setup.sh
[22.124s] -- Installing: /home/marco/marco/uni/magistrale/IDS_project/install/theora_image_transport/share/theora_image_transport/local_setup.zsh
[22.124s] -- Installing: /home/marco/marco/uni/magistrale/IDS_project/install/theora_image_transport/share/theora_image_transport/local_setup.dsv
[22.124s] -- Installing: /home/marco/marco/uni/magistrale/IDS_project/install/theora_image_transport/share/theora_image_transport/package.dsv
[22.124s] -- Installing: /home/marco/marco/uni/magistrale/IDS_project/install/theora_image_transport/share/ament_index/resource_index/packages/theora_image_transport
[22.124s] -- Installing: /home/marco/marco/uni/magistrale/IDS_project/install/theora_image_transport/share/ament_index/resource_index/image_transport__pluginlib__plugin/theora_image_transport
[22.124s] -- Installing: /home/marco/marco/uni/magistrale/IDS_project/install/theora_image_transport/share/theora_image_transport/cmake/export_theora_image_transport__rosidl_generator_cExport.cmake
[22.124s] -- Installing: /home/marco/marco/uni/magistrale/IDS_project/install/theora_image_transport/share/theora_image_transport/cmake/export_theora_image_transport__rosidl_generator_cExport-noconfig.cmake
[22.124s] -- Installing: /home/marco/marco/uni/magistrale/IDS_project/install/theora_image_transport/share/theora_image_transport/cmake/export_theora_image_transport__rosidl_typesupport_fastrtps_cExport.cmake
[22.124s] -- Installing: /home/marco/marco/uni/magistrale/IDS_project/install/theora_image_transport/share/theora_image_transport/cmake/export_theora_image_transport__rosidl_typesupport_fastrtps_cExport-noconfig.cmake
[22.124s] -- Installing: /home/marco/marco/uni/magistrale/IDS_project/install/theora_image_transport/share/theora_image_transport/cmake/export_theora_image_transport__rosidl_generator_cppExport.cmake
[22.124s] -- Installing: /home/marco/marco/uni/magistrale/IDS_project/install/theora_image_transport/share/theora_image_transport/cmake/export_theora_image_transport__rosidl_typesupport_fastrtps_cppExport.cmake
[22.124s] -- Installing: /home/marco/marco/uni/magistrale/IDS_project/install/theora_image_transport/share/theora_image_transport/cmake/export_theora_image_transport__rosidl_typesupport_fastrtps_cppExport-noconfig.cmake
[22.124s] -- Installing: /home/marco/marco/uni/magistrale/IDS_project/install/theora_image_transport/share/theora_image_transport/cmake/theora_image_transport__rosidl_typesupport_introspection_cExport.cmake
[22.125s] -- Installing: /home/marco/marco/uni/magistrale/IDS_project/install/theora_image_transport/share/theora_image_transport/cmake/theora_image_transport__rosidl_typesupport_introspection_cExport-noconfig.cmake
[22.125s] -- Installing: /home/marco/marco/uni/magistrale/IDS_project/install/theora_image_transport/share/theora_image_transport/cmake/theora_image_transport__rosidl_typesupport_cExport.cmake
[22.125s] -- Installing: /home/marco/marco/uni/magistrale/IDS_project/install/theora_image_transport/share/theora_image_transport/cmake/theora_image_transport__rosidl_typesupport_cExport-noconfig.cmake
[22.125s] -- Installing: /home/marco/marco/uni/magistrale/IDS_project/install/theora_image_transport/share/theora_image_transport/cmake/theora_image_transport__rosidl_typesupport_introspection_cppExport.cmake
[22.125s] -- Installing: /home/marco/marco/uni/magistrale/IDS_project/install/theora_image_transport/share/theora_image_transport/cmake/theora_image_transport__rosidl_typesupport_introspection_cppExport-noconfig.cmake
[22.125s] -- Installing: /home/marco/marco/uni/magistrale/IDS_project/install/theora_image_transport/share/theora_image_transport/cmake/theora_image_transport__rosidl_typesupport_cppExport.cmake
[22.125s] -- Installing: /home/marco/marco/uni/magistrale/IDS_project/install/theora_image_transport/share/theora_image_transport/cmake/theora_image_transport__rosidl_typesupport_cppExport-noconfig.cmake
[22.125s] -- Installing: /home/marco/marco/uni/magistrale/IDS_project/install/theora_image_transport/share/theora_image_transport/cmake/export_theora_image_transport__rosidl_generator_pyExport.cmake
[22.125s] -- Installing: /home/marco/marco/uni/magistrale/IDS_project/install/theora_image_transport/share/theora_image_transport/cmake/export_theora_image_transport__rosidl_generator_pyExport-noconfig.cmake
[22.125s] -- Installing: /home/marco/marco/uni/magistrale/IDS_project/install/theora_image_transport/share/theora_image_transport/cmake/export_theora_image_transport_componentExport.cmake
[22.125s] -- Installing: /home/marco/marco/uni/magistrale/IDS_project/install/theora_image_transport/share/theora_image_transport/cmake/export_theora_image_transport_componentExport-noconfig.cmake
[22.125s] -- Installing: /home/marco/marco/uni/magistrale/IDS_project/install/theora_image_transport/share/theora_image_transport/cmake/rosidl_cmake-extras.cmake
[22.125s] -- Installing: /home/marco/marco/uni/magistrale/IDS_project/install/theora_image_transport/share/theora_image_transport/cmake/ament_cmake_export_dependencies-extras.cmake
[22.125s] -- Installing: /home/marco/marco/uni/magistrale/IDS_project/install/theora_image_transport/share/theora_image_transport/cmake/ament_cmake_export_include_directories-extras.cmake
[22.126s] -- Installing: /home/marco/marco/uni/magistrale/IDS_project/install/theora_image_transport/share/theora_image_transport/cmake/ament_cmake_export_libraries-extras.cmake
[22.126s] -- Installing: /home/marco/marco/uni/magistrale/IDS_project/install/theora_image_transport/share/theora_image_transport/cmake/ament_cmake_export_targets-extras.cmake
[22.126s] -- Installing: /home/marco/marco/uni/magistrale/IDS_project/install/theora_image_transport/share/theora_image_transport/cmake/rosidl_cmake_export_typesupport_targets-extras.cmake
[22.126s] -- Installing: /home/marco/marco/uni/magistrale/IDS_project/install/theora_image_transport/share/theora_image_transport/cmake/rosidl_cmake_export_typesupport_libraries-extras.cmake
[22.126s] -- Installing: /home/marco/marco/uni/magistrale/IDS_project/install/theora_image_transport/share/theora_image_transport/cmake/theora_image_transportConfig.cmake
[22.126s] -- Installing: /home/marco/marco/uni/magistrale/IDS_project/install/theora_image_transport/share/theora_image_transport/cmake/theora_image_transportConfig-version.cmake
[22.126s] -- Installing: /home/marco/marco/uni/magistrale/IDS_project/install/theora_image_transport/share/theora_image_transport/package.xml
[22.128s] Invoked command in '/home/marco/marco/uni/magistrale/IDS_project/build/theora_image_transport' returned '0': CMAKE_PREFIX_PATH=/opt/ros/humble /usr/bin/cmake --install /home/marco/marco/uni/magistrale/IDS_project/build/theora_image_transport
