[1.860s] Invoking command in '/home/marco/marco/uni/magistrale/IDS_project/ros2_ws/src/plots': PYTHONPATH=/home/marco/marco/uni/magistrale/IDS_project/build/plots/prefix_override:/usr/lib/python3/dist-packages/colcon_core/task/python/colcon_distutils_commands:/home/marco/marco/uni/magistrale/IDS_project/install/plots/lib/python3.10/site-packages:${PYTHONPATH} /usr/bin/python3 -W ignore:setup.py install is deprecated -W ignore:easy_install command is deprecated setup.py egg_info --egg-base ../../../build/plots build --build-base /home/marco/marco/uni/magistrale/IDS_project/build/plots/build install --record /home/marco/marco/uni/magistrale/IDS_project/build/plots/install.log --single-version-externally-managed install_data
[2.527s] running egg_info
[2.527s] creating ../../../build/plots/plots.egg-info
[2.527s] writing ../../../build/plots/plots.egg-info/PKG-INFO
[2.527s] writing dependency_links to ../../../build/plots/plots.egg-info/dependency_links.txt
[2.527s] writing entry points to ../../../build/plots/plots.egg-info/entry_points.txt
[2.527s] writing requirements to ../../../build/plots/plots.egg-info/requires.txt
[2.528s] writing top-level names to ../../../build/plots/plots.egg-info/top_level.txt
[2.528s] writing manifest file '../../../build/plots/plots.egg-info/SOURCES.txt'
[2.534s] reading manifest file '../../../build/plots/plots.egg-info/SOURCES.txt'
[2.534s] writing manifest file '../../../build/plots/plots.egg-info/SOURCES.txt'
[2.535s] running build
[2.535s] running build_py
[2.535s] creating /home/marco/marco/uni/magistrale/IDS_project/build/plots/build/lib/plots
[2.535s] copying plots/EKF_plot_node.py -> /home/marco/marco/uni/magistrale/IDS_project/build/plots/build/lib/plots
[2.535s] copying plots/__init__.py -> /home/marco/marco/uni/magistrale/IDS_project/build/plots/build/lib/plots
[2.535s] running install
[2.535s] running install_lib
[2.535s] creating /home/marco/marco/uni/magistrale/IDS_project/install/plots/lib/python3.10/site-packages/plots
[2.535s] copying /home/marco/marco/uni/magistrale/IDS_project/build/plots/build/lib/plots/EKF_plot_node.py -> /home/marco/marco/uni/magistrale/IDS_project/install/plots/lib/python3.10/site-packages/plots
[2.535s] copying /home/marco/marco/uni/magistrale/IDS_project/build/plots/build/lib/plots/__init__.py -> /home/marco/marco/uni/magistrale/IDS_project/install/plots/lib/python3.10/site-packages/plots
[2.535s] byte-compiling /home/marco/marco/uni/magistrale/IDS_project/install/plots/lib/python3.10/site-packages/plots/EKF_plot_node.py to EKF_plot_node.cpython-310.pyc
[2.535s] byte-compiling /home/marco/marco/uni/magistrale/IDS_project/install/plots/lib/python3.10/site-packages/plots/__init__.py to __init__.cpython-310.pyc
[2.537s] running install_data
[2.537s] creating /home/marco/marco/uni/magistrale/IDS_project/install/plots/share/ament_index/resource_index/packages
[2.537s] copying resource/plots -> /home/marco/marco/uni/magistrale/IDS_project/install/plots/share/ament_index/resource_index/packages
[2.537s] copying package.xml -> /home/marco/marco/uni/magistrale/IDS_project/install/plots/share/plots
[2.537s] running install_egg_info
[2.537s] Copying ../../../build/plots/plots.egg-info to /home/marco/marco/uni/magistrale/IDS_project/install/plots/lib/python3.10/site-packages/plots-0.0.0-py3.10.egg-info
[2.537s] running install_scripts
[2.537s] Installing EKF_plot_node script to /home/marco/marco/uni/magistrale/IDS_project/install/plots/lib/plots
[2.537s] writing list of installed files to '/home/marco/marco/uni/magistrale/IDS_project/build/plots/install.log'
[2.544s] Invoked command in '/home/marco/marco/uni/magistrale/IDS_project/ros2_ws/src/plots' returned '0': PYTHONPATH=/home/marco/marco/uni/magistrale/IDS_project/build/plots/prefix_override:/usr/lib/python3/dist-packages/colcon_core/task/python/colcon_distutils_commands:/home/marco/marco/uni/magistrale/IDS_project/install/plots/lib/python3.10/site-packages:${PYTHONPATH} /usr/bin/python3 -W ignore:setup.py install is deprecated -W ignore:easy_install command is deprecated setup.py egg_info --egg-base ../../../build/plots build --build-base /home/marco/marco/uni/magistrale/IDS_project/build/plots/build install --record /home/marco/marco/uni/magistrale/IDS_project/build/plots/install.log --single-version-externally-managed install_data
