[0.749s] Invoking command in '/home/marco/marco/uni/magistrale/IDS_project/build/project_interfaces': CMAKE_PREFIX_PATH=/opt/ros/humble /usr/bin/cmake /home/marco/marco/uni/magistrale/IDS_project/ros2_ws/src/project_interfaces -DCMAKE_INSTALL_PREFIX=/home/marco/marco/uni/magistrale/IDS_project/install/project_interfaces
[0.803s] -- The C compiler identification is GNU 11.4.0
[0.869s] -- The CXX compiler identification is GNU 11.4.0
[0.880s] -- Detecting C compiler ABI info
[0.967s] -- Detecting C compiler ABI info - done
[0.978s] -- Check for working C compiler: /usr/bin/cc - skipped
[0.978s] -- Detecting C compile features
[0.982s] -- Detecting C compile features - done
[0.983s] -- Detecting CXX compiler ABI info
[1.095s] -- Detecting CXX compiler ABI info - done
[1.105s] -- Check for working CXX compiler: /usr/bin/c++ - skipped
[1.105s] -- Detecting CXX compile features
[1.106s] -- Detecting CXX compile features - done
[1.107s] -- Found ament_cmake: 1.3.14 (/opt/ros/humble/share/ament_cmake/cmake)
[1.615s] -- Found Python3: /usr/bin/python3 (found version "3.10.12") found components: Interpreter 
[1.709s] -- Found ament_lint_auto: 0.12.15 (/opt/ros/humble/share/ament_lint_auto/cmake)
[1.907s] -- Found rosidl_default_generators: 1.2.1 (/opt/ros/humble/share/rosidl_default_generators/cmake)
[1.916s] -- Using all available rosidl_typesupport_c: rosidl_typesupport_fastrtps_c;rosidl_typesupport_introspection_c
[1.935s] -- Found rosidl_adapter: 3.1.8 (/opt/ros/humble/share/rosidl_adapter/cmake)
[2.010s] -- Using all available rosidl_typesupport_cpp: rosidl_typesupport_fastrtps_cpp;rosidl_typesupport_introspection_cpp
[2.418s] -- Found ament_cmake_ros: 0.10.0 (/opt/ros/humble/share/ament_cmake_ros/cmake)
[3.162s] -- Using all available rosidl_typesupport_c: rosidl_typesupport_fastrtps_c;rosidl_typesupport_introspection_c
[3.657s] -- Using all available rosidl_typesupport_cpp: rosidl_typesupport_fastrtps_cpp;rosidl_typesupport_introspection_cpp
[3.690s] -- Found PythonInterp: /usr/bin/python3 (found suitable version "3.10.12", minimum required is "3.6") 
[3.700s] -- Found python_cmake_module: 0.10.0 (/opt/ros/humble/share/python_cmake_module/cmake)
[3.768s] -- Found PythonLibs: /usr/lib/x86_64-linux-gnu/libpython3.10.so (found suitable version "3.10.12", minimum required is "3.5") 
[3.768s] -- Using PYTHON_EXECUTABLE: /usr/bin/python3
[3.770s] -- Using PYTHON_INCLUDE_DIRS: /usr/include/python3.10
[3.770s] -- Using PYTHON_LIBRARIES: /usr/lib/x86_64-linux-gnu/libpython3.10.so
[3.805s] -- Found PythonExtra: .so  
[4.051s] -- Added test 'lint_cmake' to check CMake code style
[4.057s] -- Added test 'xmllint' to check XML markup files
[4.073s] -- Configuring done
[4.191s] -- Generating done
[4.210s] -- Build files have been written to: /home/marco/marco/uni/magistrale/IDS_project/build/project_interfaces
[4.230s] Invoked command in '/home/marco/marco/uni/magistrale/IDS_project/build/project_interfaces' returned '0': CMAKE_PREFIX_PATH=/opt/ros/humble /usr/bin/cmake /home/marco/marco/uni/magistrale/IDS_project/ros2_ws/src/project_interfaces -DCMAKE_INSTALL_PREFIX=/home/marco/marco/uni/magistrale/IDS_project/install/project_interfaces
[4.231s] Invoking command in '/home/marco/marco/uni/magistrale/IDS_project/build/project_interfaces': CMAKE_PREFIX_PATH=/opt/ros/humble /usr/bin/cmake --build /home/marco/marco/uni/magistrale/IDS_project/build/project_interfaces -- -j8 -l8
[4.326s] [  1%] [34m[1mGenerating C code for ROS interfaces[0m
[4.371s] [  2%] [34m[1mGenerating Rust code for ROS interfaces[0m
[4.382s] [  4%] [34m[1mGenerating C++ code for ROS interfaces[0m
[4.421s] [  4%] Built target ament_cmake_python_copy_project_interfaces
[4.831s] running egg_info
[4.850s] creating project_interfaces.egg-info
[4.850s] writing project_interfaces.egg-info/PKG-INFO
[4.850s] writing dependency_links to project_interfaces.egg-info/dependency_links.txt
[4.855s] writing top-level names to project_interfaces.egg-info/top_level.txt
[4.856s] writing manifest file 'project_interfaces.egg-info/SOURCES.txt'
[4.916s] reading manifest file 'project_interfaces.egg-info/SOURCES.txt'
[4.916s] writing manifest file 'project_interfaces.egg-info/SOURCES.txt'
[4.981s] [  4%] Built target ament_cmake_python_build_project_interfaces_egg
[5.328s] [  4%] Built target project_interfaces__rs
[5.992s] [  4%] Built target project_interfaces__cpp
[6.016s] [  5%] [34m[1mGenerating C++ type support for eProsima Fast-RTPS[0m
[6.017s] [  6%] [34m[1mGenerating C++ introspection for ROS interfaces[0m
[6.031s] [  8%] [34m[1mGenerating C++ type support dispatch for ROS interfaces[0m
[6.068s] [  9%] [32mBuilding C object CMakeFiles/project_interfaces__rosidl_generator_c.dir/rosidl_generator_c/project_interfaces/msg/detail/measurement__functions.c.o[0m
[6.081s] [ 11%] [32mBuilding C object CMakeFiles/project_interfaces__rosidl_generator_c.dir/rosidl_generator_c/project_interfaces/msg/detail/update__functions.c.o[0m
[6.099s] [ 12%] [32mBuilding C object CMakeFiles/project_interfaces__rosidl_generator_c.dir/rosidl_generator_c/project_interfaces/msg/detail/landmark__functions.c.o[0m
[6.101s] [ 13%] [32mBuilding C object CMakeFiles/project_interfaces__rosidl_generator_c.dir/rosidl_generator_c/project_interfaces/msg/detail/mp_cprediction__functions.c.o[0m
[6.103s] [ 15%] [32mBuilding C object CMakeFiles/project_interfaces__rosidl_generator_c.dir/rosidl_generator_c/project_interfaces/msg/detail/state__functions.c.o[0m
[6.212s] [ 16%] [32mBuilding C object CMakeFiles/project_interfaces__rosidl_generator_c.dir/rosidl_generator_c/project_interfaces/msg/detail/desired__functions.c.o[0m
[6.430s] [ 18%] [32m[1mLinking C shared library libproject_interfaces__rosidl_generator_c.so[0m
[6.525s] [ 18%] Built target project_interfaces__rosidl_generator_c
[6.549s] [ 19%] [34m[1mGenerating C type support for eProsima Fast-RTPS[0m
[6.558s] [ 20%] [34m[1mGenerating C introspection for ROS interfaces[0m
[6.567s] [ 22%] [34m[1mGenerating C type support dispatch for ROS interfaces[0m
[6.871s] [ 23%] [32mBuilding CXX object CMakeFiles/project_interfaces__rosidl_typesupport_introspection_cpp.dir/rosidl_typesupport_introspection_cpp/project_interfaces/msg/detail/landmark__type_support.cpp.o[0m
[6.872s] [ 25%] [32mBuilding CXX object CMakeFiles/project_interfaces__rosidl_typesupport_introspection_cpp.dir/rosidl_typesupport_introspection_cpp/project_interfaces/msg/detail/measurement__type_support.cpp.o[0m
[6.893s] [ 26%] [32mBuilding CXX object CMakeFiles/project_interfaces__rosidl_typesupport_introspection_cpp.dir/rosidl_typesupport_introspection_cpp/project_interfaces/msg/detail/update__type_support.cpp.o[0m
[7.501s] [ 27%] [32mBuilding C object CMakeFiles/project_interfaces__rosidl_typesupport_introspection_c.dir/rosidl_typesupport_introspection_c/project_interfaces/msg/detail/measurement__type_support.c.o[0m
[7.543s] [ 29%] [32mBuilding C object CMakeFiles/project_interfaces__rosidl_typesupport_introspection_c.dir/rosidl_typesupport_introspection_c/project_interfaces/msg/detail/landmark__type_support.c.o[0m
[7.592s] [ 30%] [32mBuilding C object CMakeFiles/project_interfaces__rosidl_typesupport_introspection_c.dir/rosidl_typesupport_introspection_c/project_interfaces/msg/detail/update__type_support.c.o[0m
[7.655s] [ 31%] [32mBuilding CXX object CMakeFiles/project_interfaces__rosidl_typesupport_introspection_cpp.dir/rosidl_typesupport_introspection_cpp/project_interfaces/msg/detail/state__type_support.cpp.o[0m
[7.657s] [ 33%] [32mBuilding C object CMakeFiles/project_interfaces__rosidl_typesupport_introspection_c.dir/rosidl_typesupport_introspection_c/project_interfaces/msg/detail/state__type_support.c.o[0m
[7.716s] [ 34%] [32mBuilding C object CMakeFiles/project_interfaces__rosidl_typesupport_introspection_c.dir/rosidl_typesupport_introspection_c/project_interfaces/msg/detail/mp_cprediction__type_support.c.o[0m
[7.769s] [ 36%] [32mBuilding C object CMakeFiles/project_interfaces__rosidl_typesupport_introspection_c.dir/rosidl_typesupport_introspection_c/project_interfaces/msg/detail/desired__type_support.c.o[0m
[7.818s] [ 37%] [32mBuilding CXX object CMakeFiles/project_interfaces__rosidl_typesupport_fastrtps_c.dir/rosidl_typesupport_fastrtps_c/project_interfaces/msg/detail/measurement__type_support_c.cpp.o[0m
[7.821s] [ 38%] [32m[1mLinking C shared library libproject_interfaces__rosidl_typesupport_introspection_c.so[0m
[7.898s] [ 38%] Built target project_interfaces__rosidl_typesupport_introspection_c
[7.953s] [ 40%] [32mBuilding CXX object CMakeFiles/project_interfaces__rosidl_typesupport_introspection_cpp.dir/rosidl_typesupport_introspection_cpp/project_interfaces/msg/detail/mp_cprediction__type_support.cpp.o[0m
[8.009s] [ 41%] [32mBuilding CXX object CMakeFiles/project_interfaces__rosidl_typesupport_c.dir/rosidl_typesupport_c/project_interfaces/msg/measurement__type_support.cpp.o[0m
[8.075s] [ 43%] [32mBuilding CXX object CMakeFiles/project_interfaces__rosidl_typesupport_cpp.dir/rosidl_typesupport_cpp/project_interfaces/msg/measurement__type_support.cpp.o[0m
[8.111s] [ 44%] [32mBuilding CXX object CMakeFiles/project_interfaces__rosidl_typesupport_c.dir/rosidl_typesupport_c/project_interfaces/msg/landmark__type_support.cpp.o[0m
[8.295s] [ 45%] [32mBuilding CXX object CMakeFiles/project_interfaces__rosidl_typesupport_c.dir/rosidl_typesupport_c/project_interfaces/msg/update__type_support.cpp.o[0m
[8.379s] [ 47%] [32mBuilding CXX object CMakeFiles/project_interfaces__rosidl_typesupport_c.dir/rosidl_typesupport_c/project_interfaces/msg/state__type_support.cpp.o[0m
[8.493s] [ 48%] [32mBuilding CXX object CMakeFiles/project_interfaces__rosidl_typesupport_c.dir/rosidl_typesupport_c/project_interfaces/msg/mp_cprediction__type_support.cpp.o[0m
[8.508s] [ 50%] [32mBuilding CXX object CMakeFiles/project_interfaces__rosidl_typesupport_fastrtps_c.dir/rosidl_typesupport_fastrtps_c/project_interfaces/msg/detail/landmark__type_support_c.cpp.o[0m
[8.528s] [ 51%] [32mBuilding CXX object CMakeFiles/project_interfaces__rosidl_typesupport_introspection_cpp.dir/rosidl_typesupport_introspection_cpp/project_interfaces/msg/detail/desired__type_support.cpp.o[0m
[8.589s] [ 52%] [32mBuilding CXX object CMakeFiles/project_interfaces__rosidl_typesupport_c.dir/rosidl_typesupport_c/project_interfaces/msg/desired__type_support.cpp.o[0m
[8.619s] [ 54%] [32mBuilding CXX object CMakeFiles/project_interfaces__rosidl_typesupport_fastrtps_c.dir/rosidl_typesupport_fastrtps_c/project_interfaces/msg/detail/update__type_support_c.cpp.o[0m
[8.668s] [ 55%] [32m[1mLinking CXX shared library libproject_interfaces__rosidl_typesupport_c.so[0m
[8.785s] [ 55%] Built target project_interfaces__rosidl_typesupport_c
[8.820s] [ 56%] [32mBuilding CXX object CMakeFiles/project_interfaces__rosidl_typesupport_cpp.dir/rosidl_typesupport_cpp/project_interfaces/msg/landmark__type_support.cpp.o[0m
[8.834s] [ 58%] [32mBuilding CXX object CMakeFiles/project_interfaces__rosidl_typesupport_cpp.dir/rosidl_typesupport_cpp/project_interfaces/msg/update__type_support.cpp.o[0m
[8.885s] [ 59%] [32mBuilding CXX object CMakeFiles/project_interfaces__rosidl_typesupport_fastrtps_cpp.dir/rosidl_typesupport_fastrtps_cpp/project_interfaces/msg/detail/dds_fastrtps/measurement__type_support.cpp.o[0m
[9.224s] [ 61%] [32mBuilding CXX object CMakeFiles/project_interfaces__rosidl_typesupport_fastrtps_c.dir/rosidl_typesupport_fastrtps_c/project_interfaces/msg/detail/state__type_support_c.cpp.o[0m
[9.467s] [ 62%] [32mBuilding CXX object CMakeFiles/project_interfaces__rosidl_typesupport_cpp.dir/rosidl_typesupport_cpp/project_interfaces/msg/state__type_support.cpp.o[0m
[9.557s] [ 63%] [32mBuilding CXX object CMakeFiles/project_interfaces__rosidl_typesupport_cpp.dir/rosidl_typesupport_cpp/project_interfaces/msg/mp_cprediction__type_support.cpp.o[0m
[9.572s] [ 65%] [32m[1mLinking CXX shared library libproject_interfaces__rosidl_typesupport_introspection_cpp.so[0m
[9.609s] [ 66%] [32mBuilding CXX object CMakeFiles/project_interfaces__rosidl_typesupport_fastrtps_cpp.dir/rosidl_typesupport_fastrtps_cpp/project_interfaces/msg/detail/dds_fastrtps/landmark__type_support.cpp.o[0m
[9.756s] [ 68%] [32mBuilding CXX object CMakeFiles/project_interfaces__rosidl_typesupport_cpp.dir/rosidl_typesupport_cpp/project_interfaces/msg/desired__type_support.cpp.o[0m
[9.782s] [ 69%] [32mBuilding CXX object CMakeFiles/project_interfaces__rosidl_typesupport_fastrtps_cpp.dir/rosidl_typesupport_fastrtps_cpp/project_interfaces/msg/detail/dds_fastrtps/update__type_support.cpp.o[0m
[9.922s] [ 69%] Built target project_interfaces__rosidl_typesupport_introspection_cpp
[9.955s] [ 70%] [32mBuilding CXX object CMakeFiles/project_interfaces__rosidl_typesupport_fastrtps_cpp.dir/rosidl_typesupport_fastrtps_cpp/project_interfaces/msg/detail/dds_fastrtps/state__type_support.cpp.o[0m
[10.143s] [ 72%] [32mBuilding CXX object CMakeFiles/project_interfaces__rosidl_typesupport_fastrtps_cpp.dir/rosidl_typesupport_fastrtps_cpp/project_interfaces/msg/detail/dds_fastrtps/mp_cprediction__type_support.cpp.o[0m
[10.210s] [ 73%] [32mBuilding CXX object CMakeFiles/project_interfaces__rosidl_typesupport_fastrtps_c.dir/rosidl_typesupport_fastrtps_c/project_interfaces/msg/detail/mp_cprediction__type_support_c.cpp.o[0m
[10.435s] [ 75%] [32mBuilding CXX object CMakeFiles/project_interfaces__rosidl_typesupport_fastrtps_cpp.dir/rosidl_typesupport_fastrtps_cpp/project_interfaces/msg/detail/dds_fastrtps/desired__type_support.cpp.o[0m
[10.831s] [ 76%] [32mBuilding CXX object CMakeFiles/project_interfaces__rosidl_typesupport_fastrtps_c.dir/rosidl_typesupport_fastrtps_c/project_interfaces/msg/detail/desired__type_support_c.cpp.o[0m
[11.198s] [ 77%] [32m[1mLinking CXX shared library libproject_interfaces__rosidl_typesupport_cpp.so[0m
[11.319s] [ 77%] Built target project_interfaces__rosidl_typesupport_cpp
[11.587s] [ 79%] [32m[1mLinking CXX shared library libproject_interfaces__rosidl_typesupport_fastrtps_c.so[0m
[11.831s] [ 80%] [32m[1mLinking CXX shared library libproject_interfaces__rosidl_typesupport_fastrtps_cpp.so[0m
[11.858s] [ 80%] Built target project_interfaces__rosidl_typesupport_fastrtps_c
[12.061s] [ 80%] Built target project_interfaces__rosidl_typesupport_fastrtps_cpp
[12.117s] [ 80%] Built target project_interfaces
[12.170s] [ 81%] [34m[1mGenerating Python code for ROS interfaces[0m
[13.737s] [ 81%] Built target project_interfaces__py
[13.796s] [ 83%] [32mBuilding C object CMakeFiles/project_interfaces__rosidl_generator_py.dir/rosidl_generator_py/project_interfaces/msg/_measurement_s.c.o[0m
[13.799s] [ 84%] [32mBuilding C object CMakeFiles/project_interfaces__rosidl_generator_py.dir/rosidl_generator_py/project_interfaces/msg/_landmark_s.c.o[0m
[13.803s] [ 86%] [32mBuilding C object CMakeFiles/project_interfaces__rosidl_generator_py.dir/rosidl_generator_py/project_interfaces/msg/_update_s.c.o[0m
[13.806s] [ 87%] [32mBuilding C object CMakeFiles/project_interfaces__rosidl_generator_py.dir/rosidl_generator_py/project_interfaces/msg/_state_s.c.o[0m
[13.818s] [ 88%] [32mBuilding C object CMakeFiles/project_interfaces__rosidl_generator_py.dir/rosidl_generator_py/project_interfaces/msg/_mp_cprediction_s.c.o[0m
[13.818s] [ 90%] [32mBuilding C object CMakeFiles/project_interfaces__rosidl_generator_py.dir/rosidl_generator_py/project_interfaces/msg/_desired_s.c.o[0m
[14.506s] [ 91%] [32m[1mLinking C shared library rosidl_generator_py/project_interfaces/libproject_interfaces__rosidl_generator_py.so[0m
[14.684s] [ 91%] Built target project_interfaces__rosidl_generator_py
[14.758s] [ 93%] [32mBuilding C object CMakeFiles/project_interfaces__rosidl_typesupport_introspection_c__pyext.dir/rosidl_generator_py/project_interfaces/_project_interfaces_s.ep.rosidl_typesupport_introspection_c.c.o[0m
[14.790s] [ 94%] [32mBuilding C object CMakeFiles/project_interfaces__rosidl_typesupport_fastrtps_c__pyext.dir/rosidl_generator_py/project_interfaces/_project_interfaces_s.ep.rosidl_typesupport_fastrtps_c.c.o[0m
[14.832s] [ 95%] [32mBuilding C object CMakeFiles/project_interfaces__rosidl_typesupport_c__pyext.dir/rosidl_generator_py/project_interfaces/_project_interfaces_s.ep.rosidl_typesupport_c.c.o[0m
[14.991s] [ 97%] [32m[1mLinking C shared library rosidl_generator_py/project_interfaces/project_interfaces_s__rosidl_typesupport_c.cpython-310-x86_64-linux-gnu.so[0m
[15.044s] [ 97%] Built target project_interfaces__rosidl_typesupport_c__pyext
[15.082s] [ 98%] [32m[1mLinking C shared library rosidl_generator_py/project_interfaces/project_interfaces_s__rosidl_typesupport_introspection_c.cpython-310-x86_64-linux-gnu.so[0m
[15.152s] [100%] [32m[1mLinking C shared library rosidl_generator_py/project_interfaces/project_interfaces_s__rosidl_typesupport_fastrtps_c.cpython-310-x86_64-linux-gnu.so[0m
[15.185s] [100%] Built target project_interfaces__rosidl_typesupport_introspection_c__pyext
[15.241s] [100%] Built target project_interfaces__rosidl_typesupport_fastrtps_c__pyext
[15.283s] Invoked command in '/home/marco/marco/uni/magistrale/IDS_project/build/project_interfaces' returned '0': CMAKE_PREFIX_PATH=/opt/ros/humble /usr/bin/cmake --build /home/marco/marco/uni/magistrale/IDS_project/build/project_interfaces -- -j8 -l8
[15.304s] Invoking command in '/home/marco/marco/uni/magistrale/IDS_project/build/project_interfaces': CMAKE_PREFIX_PATH=/opt/ros/humble /usr/bin/cmake --install /home/marco/marco/uni/magistrale/IDS_project/build/project_interfaces
[15.325s] -- Install configuration: ""
[15.325s] -- Installing: /home/marco/marco/uni/magistrale/IDS_project/install/project_interfaces/share/ament_index/resource_index/rosidl_interfaces/project_interfaces
[15.329s] -- Installing: /home/marco/marco/uni/magistrale/IDS_project/install/project_interfaces/include/project_interfaces/project_interfaces
[15.329s] -- Installing: /home/marco/marco/uni/magistrale/IDS_project/install/project_interfaces/include/project_interfaces/project_interfaces/msg
[15.329s] -- Installing: /home/marco/marco/uni/magistrale/IDS_project/install/project_interfaces/include/project_interfaces/project_interfaces/msg/measurement.h
[15.329s] -- Installing: /home/marco/marco/uni/magistrale/IDS_project/install/project_interfaces/include/project_interfaces/project_interfaces/msg/state.h
[15.329s] -- Installing: /home/marco/marco/uni/magistrale/IDS_project/install/project_interfaces/include/project_interfaces/project_interfaces/msg/mp_cprediction.h
[15.329s] -- Installing: /home/marco/marco/uni/magistrale/IDS_project/install/project_interfaces/include/project_interfaces/project_interfaces/msg/detail
[15.330s] -- Installing: /home/marco/marco/uni/magistrale/IDS_project/install/project_interfaces/include/project_interfaces/project_interfaces/msg/detail/landmark__type_support.h
[15.330s] -- Installing: /home/marco/marco/uni/magistrale/IDS_project/install/project_interfaces/include/project_interfaces/project_interfaces/msg/detail/desired__struct.h
[15.330s] -- Installing: /home/marco/marco/uni/magistrale/IDS_project/install/project_interfaces/include/project_interfaces/project_interfaces/msg/detail/landmark__functions.h
[15.330s] -- Installing: /home/marco/marco/uni/magistrale/IDS_project/install/project_interfaces/include/project_interfaces/project_interfaces/msg/detail/state__functions.h
[15.330s] -- Installing: /home/marco/marco/uni/magistrale/IDS_project/install/project_interfaces/include/project_interfaces/project_interfaces/msg/detail/measurement__functions.h
[15.331s] -- Installing: /home/marco/marco/uni/magistrale/IDS_project/install/project_interfaces/include/project_interfaces/project_interfaces/msg/detail/state__struct.h
[15.331s] -- Installing: /home/marco/marco/uni/magistrale/IDS_project/install/project_interfaces/include/project_interfaces/project_interfaces/msg/detail/desired__functions.h
[15.331s] -- Installing: /home/marco/marco/uni/magistrale/IDS_project/install/project_interfaces/include/project_interfaces/project_interfaces/msg/detail/desired__type_support.h
[15.332s] -- Installing: /home/marco/marco/uni/magistrale/IDS_project/install/project_interfaces/include/project_interfaces/project_interfaces/msg/detail/landmark__functions.c
[15.332s] -- Installing: /home/marco/marco/uni/magistrale/IDS_project/install/project_interfaces/include/project_interfaces/project_interfaces/msg/detail/mp_cprediction__functions.h
[15.333s] -- Installing: /home/marco/marco/uni/magistrale/IDS_project/install/project_interfaces/include/project_interfaces/project_interfaces/msg/detail/measurement__functions.c
[15.333s] -- Installing: /home/marco/marco/uni/magistrale/IDS_project/install/project_interfaces/include/project_interfaces/project_interfaces/msg/detail/measurement__type_support.h
[15.333s] -- Installing: /home/marco/marco/uni/magistrale/IDS_project/install/project_interfaces/include/project_interfaces/project_interfaces/msg/detail/desired__functions.c
[15.333s] -- Installing: /home/marco/marco/uni/magistrale/IDS_project/install/project_interfaces/include/project_interfaces/project_interfaces/msg/detail/mp_cprediction__functions.c
[15.333s] -- Installing: /home/marco/marco/uni/magistrale/IDS_project/install/project_interfaces/include/project_interfaces/project_interfaces/msg/detail/update__functions.h
[15.333s] -- Installing: /home/marco/marco/uni/magistrale/IDS_project/install/project_interfaces/include/project_interfaces/project_interfaces/msg/detail/state__type_support.h
[15.333s] -- Installing: /home/marco/marco/uni/magistrale/IDS_project/install/project_interfaces/include/project_interfaces/project_interfaces/msg/detail/mp_cprediction__struct.h
[15.333s] -- Installing: /home/marco/marco/uni/magistrale/IDS_project/install/project_interfaces/include/project_interfaces/project_interfaces/msg/detail/update__functions.c
[15.333s] -- Installing: /home/marco/marco/uni/magistrale/IDS_project/install/project_interfaces/include/project_interfaces/project_interfaces/msg/detail/measurement__struct.h
[15.333s] -- Installing: /home/marco/marco/uni/magistrale/IDS_project/install/project_interfaces/include/project_interfaces/project_interfaces/msg/detail/update__type_support.h
[15.333s] -- Installing: /home/marco/marco/uni/magistrale/IDS_project/install/project_interfaces/include/project_interfaces/project_interfaces/msg/detail/update__struct.h
[15.334s] -- Installing: /home/marco/marco/uni/magistrale/IDS_project/install/project_interfaces/include/project_interfaces/project_interfaces/msg/detail/landmark__struct.h
[15.335s] -- Installing: /home/marco/marco/uni/magistrale/IDS_project/install/project_interfaces/include/project_interfaces/project_interfaces/msg/detail/state__functions.c
[15.335s] -- Installing: /home/marco/marco/uni/magistrale/IDS_project/install/project_interfaces/include/project_interfaces/project_interfaces/msg/detail/mp_cprediction__type_support.h
[15.335s] -- Installing: /home/marco/marco/uni/magistrale/IDS_project/install/project_interfaces/include/project_interfaces/project_interfaces/msg/desired.h
[15.335s] -- Installing: /home/marco/marco/uni/magistrale/IDS_project/install/project_interfaces/include/project_interfaces/project_interfaces/msg/update.h
[15.335s] -- Installing: /home/marco/marco/uni/magistrale/IDS_project/install/project_interfaces/include/project_interfaces/project_interfaces/msg/landmark.h
[15.335s] -- Installing: /home/marco/marco/uni/magistrale/IDS_project/install/project_interfaces/include/project_interfaces/project_interfaces/msg/rosidl_generator_c__visibility_control.h
[15.336s] -- Installing: /home/marco/marco/uni/magistrale/IDS_project/install/project_interfaces/share/project_interfaces/environment/library_path.sh
[15.336s] -- Installing: /home/marco/marco/uni/magistrale/IDS_project/install/project_interfaces/share/project_interfaces/environment/library_path.dsv
[15.336s] -- Installing: /home/marco/marco/uni/magistrale/IDS_project/install/project_interfaces/lib/libproject_interfaces__rosidl_generator_c.so
[15.339s] -- Set runtime path of "/home/marco/marco/uni/magistrale/IDS_project/install/project_interfaces/lib/libproject_interfaces__rosidl_generator_c.so" to ""
[15.344s] -- Up-to-date: /home/marco/marco/uni/magistrale/IDS_project/install/project_interfaces/include/project_interfaces/project_interfaces
[15.344s] -- Up-to-date: /home/marco/marco/uni/magistrale/IDS_project/install/project_interfaces/include/project_interfaces/project_interfaces/msg
[15.344s] -- Up-to-date: /home/marco/marco/uni/magistrale/IDS_project/install/project_interfaces/include/project_interfaces/project_interfaces/msg/detail
[15.344s] -- Installing: /home/marco/marco/uni/magistrale/IDS_project/install/project_interfaces/include/project_interfaces/project_interfaces/msg/detail/measurement__rosidl_typesupport_fastrtps_c.h
[15.344s] -- Installing: /home/marco/marco/uni/magistrale/IDS_project/install/project_interfaces/include/project_interfaces/project_interfaces/msg/detail/landmark__rosidl_typesupport_fastrtps_c.h
[15.344s] -- Installing: /home/marco/marco/uni/magistrale/IDS_project/install/project_interfaces/include/project_interfaces/project_interfaces/msg/detail/mp_cprediction__rosidl_typesupport_fastrtps_c.h
[15.344s] -- Installing: /home/marco/marco/uni/magistrale/IDS_project/install/project_interfaces/include/project_interfaces/project_interfaces/msg/detail/update__rosidl_typesupport_fastrtps_c.h
[15.344s] -- Installing: /home/marco/marco/uni/magistrale/IDS_project/install/project_interfaces/include/project_interfaces/project_interfaces/msg/detail/desired__rosidl_typesupport_fastrtps_c.h
[15.344s] -- Installing: /home/marco/marco/uni/magistrale/IDS_project/install/project_interfaces/include/project_interfaces/project_interfaces/msg/detail/state__rosidl_typesupport_fastrtps_c.h
[15.344s] -- Installing: /home/marco/marco/uni/magistrale/IDS_project/install/project_interfaces/include/project_interfaces/project_interfaces/msg/rosidl_typesupport_fastrtps_c__visibility_control.h
[15.344s] -- Installing: /home/marco/marco/uni/magistrale/IDS_project/install/project_interfaces/lib/libproject_interfaces__rosidl_typesupport_fastrtps_c.so
[15.344s] -- Set runtime path of "/home/marco/marco/uni/magistrale/IDS_project/install/project_interfaces/lib/libproject_interfaces__rosidl_typesupport_fastrtps_c.so" to ""
[15.344s] -- Up-to-date: /home/marco/marco/uni/magistrale/IDS_project/install/project_interfaces/include/project_interfaces/project_interfaces
[15.344s] -- Up-to-date: /home/marco/marco/uni/magistrale/IDS_project/install/project_interfaces/include/project_interfaces/project_interfaces/msg
[15.344s] -- Up-to-date: /home/marco/marco/uni/magistrale/IDS_project/install/project_interfaces/include/project_interfaces/project_interfaces/msg/detail
[15.345s] -- Installing: /home/marco/marco/uni/magistrale/IDS_project/install/project_interfaces/include/project_interfaces/project_interfaces/msg/detail/landmark__rosidl_typesupport_introspection_c.h
[15.345s] -- Installing: /home/marco/marco/uni/magistrale/IDS_project/install/project_interfaces/include/project_interfaces/project_interfaces/msg/detail/desired__type_support.c
[15.345s] -- Installing: /home/marco/marco/uni/magistrale/IDS_project/install/project_interfaces/include/project_interfaces/project_interfaces/msg/detail/measurement__type_support.c
[15.345s] -- Installing: /home/marco/marco/uni/magistrale/IDS_project/install/project_interfaces/include/project_interfaces/project_interfaces/msg/detail/landmark__type_support.c
[15.345s] -- Installing: /home/marco/marco/uni/magistrale/IDS_project/install/project_interfaces/include/project_interfaces/project_interfaces/msg/detail/update__rosidl_typesupport_introspection_c.h
[15.345s] -- Installing: /home/marco/marco/uni/magistrale/IDS_project/install/project_interfaces/include/project_interfaces/project_interfaces/msg/detail/state__type_support.c
[15.345s] -- Installing: /home/marco/marco/uni/magistrale/IDS_project/install/project_interfaces/include/project_interfaces/project_interfaces/msg/detail/mp_cprediction__rosidl_typesupport_introspection_c.h
[15.345s] -- Installing: /home/marco/marco/uni/magistrale/IDS_project/install/project_interfaces/include/project_interfaces/project_interfaces/msg/detail/mp_cprediction__type_support.c
[15.345s] -- Installing: /home/marco/marco/uni/magistrale/IDS_project/install/project_interfaces/include/project_interfaces/project_interfaces/msg/detail/measurement__rosidl_typesupport_introspection_c.h
[15.345s] -- Installing: /home/marco/marco/uni/magistrale/IDS_project/install/project_interfaces/include/project_interfaces/project_interfaces/msg/detail/state__rosidl_typesupport_introspection_c.h
[15.345s] -- Installing: /home/marco/marco/uni/magistrale/IDS_project/install/project_interfaces/include/project_interfaces/project_interfaces/msg/detail/desired__rosidl_typesupport_introspection_c.h
[15.345s] -- Installing: /home/marco/marco/uni/magistrale/IDS_project/install/project_interfaces/include/project_interfaces/project_interfaces/msg/detail/update__type_support.c
[15.346s] -- Installing: /home/marco/marco/uni/magistrale/IDS_project/install/project_interfaces/include/project_interfaces/project_interfaces/msg/rosidl_typesupport_introspection_c__visibility_control.h
[15.346s] -- Installing: /home/marco/marco/uni/magistrale/IDS_project/install/project_interfaces/lib/libproject_interfaces__rosidl_typesupport_introspection_c.so
[15.346s] -- Set runtime path of "/home/marco/marco/uni/magistrale/IDS_project/install/project_interfaces/lib/libproject_interfaces__rosidl_typesupport_introspection_c.so" to ""
[15.347s] -- Installing: /home/marco/marco/uni/magistrale/IDS_project/install/project_interfaces/lib/libproject_interfaces__rosidl_typesupport_c.so
[15.347s] -- Set runtime path of "/home/marco/marco/uni/magistrale/IDS_project/install/project_interfaces/lib/libproject_interfaces__rosidl_typesupport_c.so" to ""
[15.347s] -- Up-to-date: /home/marco/marco/uni/magistrale/IDS_project/install/project_interfaces/include/project_interfaces/project_interfaces
[15.347s] -- Up-to-date: /home/marco/marco/uni/magistrale/IDS_project/install/project_interfaces/include/project_interfaces/project_interfaces/msg
[15.347s] -- Up-to-date: /home/marco/marco/uni/magistrale/IDS_project/install/project_interfaces/include/project_interfaces/project_interfaces/msg/detail
[15.347s] -- Installing: /home/marco/marco/uni/magistrale/IDS_project/install/project_interfaces/include/project_interfaces/project_interfaces/msg/detail/state__struct.hpp
[15.347s] -- Installing: /home/marco/marco/uni/magistrale/IDS_project/install/project_interfaces/include/project_interfaces/project_interfaces/msg/detail/state__traits.hpp
[15.347s] -- Installing: /home/marco/marco/uni/magistrale/IDS_project/install/project_interfaces/include/project_interfaces/project_interfaces/msg/detail/landmark__type_support.hpp
[15.347s] -- Installing: /home/marco/marco/uni/magistrale/IDS_project/install/project_interfaces/include/project_interfaces/project_interfaces/msg/detail/desired__builder.hpp
[15.347s] -- Installing: /home/marco/marco/uni/magistrale/IDS_project/install/project_interfaces/include/project_interfaces/project_interfaces/msg/detail/update__type_support.hpp
[15.348s] -- Installing: /home/marco/marco/uni/magistrale/IDS_project/install/project_interfaces/include/project_interfaces/project_interfaces/msg/detail/state__builder.hpp
[15.348s] -- Installing: /home/marco/marco/uni/magistrale/IDS_project/install/project_interfaces/include/project_interfaces/project_interfaces/msg/detail/measurement__type_support.hpp
[15.348s] -- Installing: /home/marco/marco/uni/magistrale/IDS_project/install/project_interfaces/include/project_interfaces/project_interfaces/msg/detail/state__type_support.hpp
[15.348s] -- Installing: /home/marco/marco/uni/magistrale/IDS_project/install/project_interfaces/include/project_interfaces/project_interfaces/msg/detail/landmark__builder.hpp
[15.348s] -- Installing: /home/marco/marco/uni/magistrale/IDS_project/install/project_interfaces/include/project_interfaces/project_interfaces/msg/detail/mp_cprediction__builder.hpp
[15.348s] -- Installing: /home/marco/marco/uni/magistrale/IDS_project/install/project_interfaces/include/project_interfaces/project_interfaces/msg/detail/mp_cprediction__struct.hpp
[15.348s] -- Installing: /home/marco/marco/uni/magistrale/IDS_project/install/project_interfaces/include/project_interfaces/project_interfaces/msg/detail/desired__traits.hpp
[15.348s] -- Installing: /home/marco/marco/uni/magistrale/IDS_project/install/project_interfaces/include/project_interfaces/project_interfaces/msg/detail/mp_cprediction__type_support.hpp
[15.352s] -- Installing: /home/marco/marco/uni/magistrale/IDS_project/install/project_interfaces/include/project_interfaces/project_interfaces/msg/detail/desired__struct.hpp
[15.352s] -- Installing: /home/marco/marco/uni/magistrale/IDS_project/install/project_interfaces/include/project_interfaces/project_interfaces/msg/detail/update__builder.hpp
[15.352s] -- Installing: /home/marco/marco/uni/magistrale/IDS_project/install/project_interfaces/include/project_interfaces/project_interfaces/msg/detail/update__traits.hpp
[15.352s] -- Installing: /home/marco/marco/uni/magistrale/IDS_project/install/project_interfaces/include/project_interfaces/project_interfaces/msg/detail/desired__type_support.hpp
[15.352s] -- Installing: /home/marco/marco/uni/magistrale/IDS_project/install/project_interfaces/include/project_interfaces/project_interfaces/msg/detail/mp_cprediction__traits.hpp
[15.352s] -- Installing: /home/marco/marco/uni/magistrale/IDS_project/install/project_interfaces/include/project_interfaces/project_interfaces/msg/detail/landmark__traits.hpp
[15.352s] -- Installing: /home/marco/marco/uni/magistrale/IDS_project/install/project_interfaces/include/project_interfaces/project_interfaces/msg/detail/landmark__struct.hpp
[15.352s] -- Installing: /home/marco/marco/uni/magistrale/IDS_project/install/project_interfaces/include/project_interfaces/project_interfaces/msg/detail/measurement__struct.hpp
[15.352s] -- Installing: /home/marco/marco/uni/magistrale/IDS_project/install/project_interfaces/include/project_interfaces/project_interfaces/msg/detail/update__struct.hpp
[15.352s] -- Installing: /home/marco/marco/uni/magistrale/IDS_project/install/project_interfaces/include/project_interfaces/project_interfaces/msg/detail/measurement__traits.hpp
[15.353s] -- Installing: /home/marco/marco/uni/magistrale/IDS_project/install/project_interfaces/include/project_interfaces/project_interfaces/msg/detail/measurement__builder.hpp
[15.353s] -- Installing: /home/marco/marco/uni/magistrale/IDS_project/install/project_interfaces/include/project_interfaces/project_interfaces/msg/update.hpp
[15.353s] -- Installing: /home/marco/marco/uni/magistrale/IDS_project/install/project_interfaces/include/project_interfaces/project_interfaces/msg/measurement.hpp
[15.353s] -- Installing: /home/marco/marco/uni/magistrale/IDS_project/install/project_interfaces/include/project_interfaces/project_interfaces/msg/rosidl_generator_cpp__visibility_control.hpp
[15.353s] -- Installing: /home/marco/marco/uni/magistrale/IDS_project/install/project_interfaces/include/project_interfaces/project_interfaces/msg/mp_cprediction.hpp
[15.353s] -- Installing: /home/marco/marco/uni/magistrale/IDS_project/install/project_interfaces/include/project_interfaces/project_interfaces/msg/state.hpp
[15.353s] -- Installing: /home/marco/marco/uni/magistrale/IDS_project/install/project_interfaces/include/project_interfaces/project_interfaces/msg/desired.hpp
[15.353s] -- Installing: /home/marco/marco/uni/magistrale/IDS_project/install/project_interfaces/include/project_interfaces/project_interfaces/msg/landmark.hpp
[15.354s] -- Up-to-date: /home/marco/marco/uni/magistrale/IDS_project/install/project_interfaces/include/project_interfaces/project_interfaces
[15.354s] -- Up-to-date: /home/marco/marco/uni/magistrale/IDS_project/install/project_interfaces/include/project_interfaces/project_interfaces/msg
[15.354s] -- Up-to-date: /home/marco/marco/uni/magistrale/IDS_project/install/project_interfaces/include/project_interfaces/project_interfaces/msg/detail
[15.354s] -- Installing: /home/marco/marco/uni/magistrale/IDS_project/install/project_interfaces/include/project_interfaces/project_interfaces/msg/detail/landmark__rosidl_typesupport_fastrtps_cpp.hpp
[15.354s] -- Installing: /home/marco/marco/uni/magistrale/IDS_project/install/project_interfaces/include/project_interfaces/project_interfaces/msg/detail/mp_cprediction__rosidl_typesupport_fastrtps_cpp.hpp
[15.354s] -- Installing: /home/marco/marco/uni/magistrale/IDS_project/install/project_interfaces/include/project_interfaces/project_interfaces/msg/detail/state__rosidl_typesupport_fastrtps_cpp.hpp
[15.354s] -- Installing: /home/marco/marco/uni/magistrale/IDS_project/install/project_interfaces/include/project_interfaces/project_interfaces/msg/detail/desired__rosidl_typesupport_fastrtps_cpp.hpp
[15.354s] -- Installing: /home/marco/marco/uni/magistrale/IDS_project/install/project_interfaces/include/project_interfaces/project_interfaces/msg/detail/update__rosidl_typesupport_fastrtps_cpp.hpp
[15.354s] -- Installing: /home/marco/marco/uni/magistrale/IDS_project/install/project_interfaces/include/project_interfaces/project_interfaces/msg/detail/dds_fastrtps
[15.358s] -- Installing: /home/marco/marco/uni/magistrale/IDS_project/install/project_interfaces/include/project_interfaces/project_interfaces/msg/detail/measurement__rosidl_typesupport_fastrtps_cpp.hpp
[15.358s] -- Installing: /home/marco/marco/uni/magistrale/IDS_project/install/project_interfaces/include/project_interfaces/project_interfaces/msg/rosidl_typesupport_fastrtps_cpp__visibility_control.h
[15.358s] -- Installing: /home/marco/marco/uni/magistrale/IDS_project/install/project_interfaces/lib/libproject_interfaces__rosidl_typesupport_fastrtps_cpp.so
[15.361s] -- Set runtime path of "/home/marco/marco/uni/magistrale/IDS_project/install/project_interfaces/lib/libproject_interfaces__rosidl_typesupport_fastrtps_cpp.so" to ""
[15.362s] -- Up-to-date: /home/marco/marco/uni/magistrale/IDS_project/install/project_interfaces/include/project_interfaces/project_interfaces
[15.362s] -- Up-to-date: /home/marco/marco/uni/magistrale/IDS_project/install/project_interfaces/include/project_interfaces/project_interfaces/msg
[15.362s] -- Up-to-date: /home/marco/marco/uni/magistrale/IDS_project/install/project_interfaces/include/project_interfaces/project_interfaces/msg/detail
[15.362s] -- Installing: /home/marco/marco/uni/magistrale/IDS_project/install/project_interfaces/include/project_interfaces/project_interfaces/msg/detail/landmark__rosidl_typesupport_introspection_cpp.hpp
[15.362s] -- Installing: /home/marco/marco/uni/magistrale/IDS_project/install/project_interfaces/include/project_interfaces/project_interfaces/msg/detail/desired__type_support.cpp
[15.363s] -- Installing: /home/marco/marco/uni/magistrale/IDS_project/install/project_interfaces/include/project_interfaces/project_interfaces/msg/detail/mp_cprediction__type_support.cpp
[15.363s] -- Installing: /home/marco/marco/uni/magistrale/IDS_project/install/project_interfaces/include/project_interfaces/project_interfaces/msg/detail/state__type_support.cpp
[15.363s] -- Installing: /home/marco/marco/uni/magistrale/IDS_project/install/project_interfaces/include/project_interfaces/project_interfaces/msg/detail/update__rosidl_typesupport_introspection_cpp.hpp
[15.363s] -- Installing: /home/marco/marco/uni/magistrale/IDS_project/install/project_interfaces/include/project_interfaces/project_interfaces/msg/detail/measurement__type_support.cpp
[15.363s] -- Installing: /home/marco/marco/uni/magistrale/IDS_project/install/project_interfaces/include/project_interfaces/project_interfaces/msg/detail/update__type_support.cpp
[15.363s] -- Installing: /home/marco/marco/uni/magistrale/IDS_project/install/project_interfaces/include/project_interfaces/project_interfaces/msg/detail/desired__rosidl_typesupport_introspection_cpp.hpp
[15.363s] -- Installing: /home/marco/marco/uni/magistrale/IDS_project/install/project_interfaces/include/project_interfaces/project_interfaces/msg/detail/measurement__rosidl_typesupport_introspection_cpp.hpp
[15.364s] -- Installing: /home/marco/marco/uni/magistrale/IDS_project/install/project_interfaces/include/project_interfaces/project_interfaces/msg/detail/mp_cprediction__rosidl_typesupport_introspection_cpp.hpp
[15.364s] -- Installing: /home/marco/marco/uni/magistrale/IDS_project/install/project_interfaces/include/project_interfaces/project_interfaces/msg/detail/landmark__type_support.cpp
[15.364s] -- Installing: /home/marco/marco/uni/magistrale/IDS_project/install/project_interfaces/include/project_interfaces/project_interfaces/msg/detail/state__rosidl_typesupport_introspection_cpp.hpp
[15.364s] -- Installing: /home/marco/marco/uni/magistrale/IDS_project/install/project_interfaces/lib/libproject_interfaces__rosidl_typesupport_introspection_cpp.so
[15.364s] -- Set runtime path of "/home/marco/marco/uni/magistrale/IDS_project/install/project_interfaces/lib/libproject_interfaces__rosidl_typesupport_introspection_cpp.so" to ""
[15.364s] -- Installing: /home/marco/marco/uni/magistrale/IDS_project/install/project_interfaces/lib/libproject_interfaces__rosidl_typesupport_cpp.so
[15.364s] -- Set runtime path of "/home/marco/marco/uni/magistrale/IDS_project/install/project_interfaces/lib/libproject_interfaces__rosidl_typesupport_cpp.so" to ""
[15.364s] -- Installing: /home/marco/marco/uni/magistrale/IDS_project/install/project_interfaces/share/project_interfaces/environment/pythonpath.sh
[15.364s] -- Installing: /home/marco/marco/uni/magistrale/IDS_project/install/project_interfaces/share/project_interfaces/environment/pythonpath.dsv
[15.364s] -- Installing: /home/marco/marco/uni/magistrale/IDS_project/install/project_interfaces/local/lib/python3.10/dist-packages/project_interfaces-0.0.0-py3.10.egg-info
[15.364s] -- Installing: /home/marco/marco/uni/magistrale/IDS_project/install/project_interfaces/local/lib/python3.10/dist-packages/project_interfaces-0.0.0-py3.10.egg-info/PKG-INFO
[15.364s] -- Installing: /home/marco/marco/uni/magistrale/IDS_project/install/project_interfaces/local/lib/python3.10/dist-packages/project_interfaces-0.0.0-py3.10.egg-info/dependency_links.txt
[15.364s] -- Installing: /home/marco/marco/uni/magistrale/IDS_project/install/project_interfaces/local/lib/python3.10/dist-packages/project_interfaces-0.0.0-py3.10.egg-info/top_level.txt
[15.364s] -- Installing: /home/marco/marco/uni/magistrale/IDS_project/install/project_interfaces/local/lib/python3.10/dist-packages/project_interfaces-0.0.0-py3.10.egg-info/SOURCES.txt
[15.364s] -- Installing: /home/marco/marco/uni/magistrale/IDS_project/install/project_interfaces/local/lib/python3.10/dist-packages/project_interfaces
[15.366s] -- Installing: /home/marco/marco/uni/magistrale/IDS_project/install/project_interfaces/local/lib/python3.10/dist-packages/project_interfaces/project_interfaces_s__rosidl_typesupport_introspection_c.cpython-310-x86_64-linux-gnu.so
[15.366s] -- Installing: /home/marco/marco/uni/magistrale/IDS_project/install/project_interfaces/local/lib/python3.10/dist-packages/project_interfaces/_project_interfaces_s.ep.rosidl_typesupport_fastrtps_c.c
[15.367s] -- Installing: /home/marco/marco/uni/magistrale/IDS_project/install/project_interfaces/local/lib/python3.10/dist-packages/project_interfaces/_project_interfaces_s.ep.rosidl_typesupport_c.c
[15.367s] -- Installing: /home/marco/marco/uni/magistrale/IDS_project/install/project_interfaces/local/lib/python3.10/dist-packages/project_interfaces/msg
[15.367s] -- Installing: /home/marco/marco/uni/magistrale/IDS_project/install/project_interfaces/local/lib/python3.10/dist-packages/project_interfaces/msg/_measurement.py
[15.367s] -- Installing: /home/marco/marco/uni/magistrale/IDS_project/install/project_interfaces/local/lib/python3.10/dist-packages/project_interfaces/msg/_mp_cprediction.py
[15.370s] -- Installing: /home/marco/marco/uni/magistrale/IDS_project/install/project_interfaces/local/lib/python3.10/dist-packages/project_interfaces/msg/_measurement_s.c
[15.370s] -- Installing: /home/marco/marco/uni/magistrale/IDS_project/install/project_interfaces/local/lib/python3.10/dist-packages/project_interfaces/msg/_update.py
[15.371s] -- Installing: /home/marco/marco/uni/magistrale/IDS_project/install/project_interfaces/local/lib/python3.10/dist-packages/project_interfaces/msg/_landmark_s.c
[15.371s] -- Installing: /home/marco/marco/uni/magistrale/IDS_project/install/project_interfaces/local/lib/python3.10/dist-packages/project_interfaces/msg/_update_s.c
[15.371s] -- Installing: /home/marco/marco/uni/magistrale/IDS_project/install/project_interfaces/local/lib/python3.10/dist-packages/project_interfaces/msg/_desired_s.c
[15.371s] -- Installing: /home/marco/marco/uni/magistrale/IDS_project/install/project_interfaces/local/lib/python3.10/dist-packages/project_interfaces/msg/_state_s.c
[15.371s] -- Installing: /home/marco/marco/uni/magistrale/IDS_project/install/project_interfaces/local/lib/python3.10/dist-packages/project_interfaces/msg/_landmark.py
[15.371s] -- Installing: /home/marco/marco/uni/magistrale/IDS_project/install/project_interfaces/local/lib/python3.10/dist-packages/project_interfaces/msg/_desired.py
[15.371s] -- Installing: /home/marco/marco/uni/magistrale/IDS_project/install/project_interfaces/local/lib/python3.10/dist-packages/project_interfaces/msg/_state.py
[15.371s] -- Installing: /home/marco/marco/uni/magistrale/IDS_project/install/project_interfaces/local/lib/python3.10/dist-packages/project_interfaces/msg/_mp_cprediction_s.c
[15.371s] -- Installing: /home/marco/marco/uni/magistrale/IDS_project/install/project_interfaces/local/lib/python3.10/dist-packages/project_interfaces/msg/__init__.py
[15.371s] -- Installing: /home/marco/marco/uni/magistrale/IDS_project/install/project_interfaces/local/lib/python3.10/dist-packages/project_interfaces/_project_interfaces_s.ep.rosidl_typesupport_introspection_c.c
[15.371s] -- Installing: /home/marco/marco/uni/magistrale/IDS_project/install/project_interfaces/local/lib/python3.10/dist-packages/project_interfaces/project_interfaces_s__rosidl_typesupport_fastrtps_c.cpython-310-x86_64-linux-gnu.so
[15.371s] -- Installing: /home/marco/marco/uni/magistrale/IDS_project/install/project_interfaces/local/lib/python3.10/dist-packages/project_interfaces/project_interfaces_s__rosidl_typesupport_c.cpython-310-x86_64-linux-gnu.so
[15.371s] -- Installing: /home/marco/marco/uni/magistrale/IDS_project/install/project_interfaces/local/lib/python3.10/dist-packages/project_interfaces/libproject_interfaces__rosidl_generator_py.so
[15.371s] -- Installing: /home/marco/marco/uni/magistrale/IDS_project/install/project_interfaces/local/lib/python3.10/dist-packages/project_interfaces/__init__.py
[15.445s] Listing '/home/marco/marco/uni/magistrale/IDS_project/install/project_interfaces/local/lib/python3.10/dist-packages/project_interfaces'...
[15.446s] Compiling '/home/marco/marco/uni/magistrale/IDS_project/install/project_interfaces/local/lib/python3.10/dist-packages/project_interfaces/__init__.py'...
[15.446s] Listing '/home/marco/marco/uni/magistrale/IDS_project/install/project_interfaces/local/lib/python3.10/dist-packages/project_interfaces/msg'...
[15.446s] Compiling '/home/marco/marco/uni/magistrale/IDS_project/install/project_interfaces/local/lib/python3.10/dist-packages/project_interfaces/msg/__init__.py'...
[15.446s] Compiling '/home/marco/marco/uni/magistrale/IDS_project/install/project_interfaces/local/lib/python3.10/dist-packages/project_interfaces/msg/_desired.py'...
[15.446s] Compiling '/home/marco/marco/uni/magistrale/IDS_project/install/project_interfaces/local/lib/python3.10/dist-packages/project_interfaces/msg/_landmark.py'...
[15.446s] Compiling '/home/marco/marco/uni/magistrale/IDS_project/install/project_interfaces/local/lib/python3.10/dist-packages/project_interfaces/msg/_measurement.py'...
[15.446s] Compiling '/home/marco/marco/uni/magistrale/IDS_project/install/project_interfaces/local/lib/python3.10/dist-packages/project_interfaces/msg/_mp_cprediction.py'...
[15.446s] Compiling '/home/marco/marco/uni/magistrale/IDS_project/install/project_interfaces/local/lib/python3.10/dist-packages/project_interfaces/msg/_state.py'...
[15.446s] Compiling '/home/marco/marco/uni/magistrale/IDS_project/install/project_interfaces/local/lib/python3.10/dist-packages/project_interfaces/msg/_update.py'...
[15.450s] -- Installing: /home/marco/marco/uni/magistrale/IDS_project/install/project_interfaces/local/lib/python3.10/dist-packages/project_interfaces/project_interfaces_s__rosidl_typesupport_fastrtps_c.cpython-310-x86_64-linux-gnu.so
[15.451s] -- Set runtime path of "/home/marco/marco/uni/magistrale/IDS_project/install/project_interfaces/local/lib/python3.10/dist-packages/project_interfaces/project_interfaces_s__rosidl_typesupport_fastrtps_c.cpython-310-x86_64-linux-gnu.so" to ""
[15.452s] -- Installing: /home/marco/marco/uni/magistrale/IDS_project/install/project_interfaces/local/lib/python3.10/dist-packages/project_interfaces/project_interfaces_s__rosidl_typesupport_introspection_c.cpython-310-x86_64-linux-gnu.so
[15.452s] -- Set runtime path of "/home/marco/marco/uni/magistrale/IDS_project/install/project_interfaces/local/lib/python3.10/dist-packages/project_interfaces/project_interfaces_s__rosidl_typesupport_introspection_c.cpython-310-x86_64-linux-gnu.so" to ""
[15.453s] -- Installing: /home/marco/marco/uni/magistrale/IDS_project/install/project_interfaces/local/lib/python3.10/dist-packages/project_interfaces/project_interfaces_s__rosidl_typesupport_c.cpython-310-x86_64-linux-gnu.so
[15.453s] -- Set runtime path of "/home/marco/marco/uni/magistrale/IDS_project/install/project_interfaces/local/lib/python3.10/dist-packages/project_interfaces/project_interfaces_s__rosidl_typesupport_c.cpython-310-x86_64-linux-gnu.so" to ""
[15.453s] -- Installing: /home/marco/marco/uni/magistrale/IDS_project/install/project_interfaces/lib/libproject_interfaces__rosidl_generator_py.so
[15.454s] -- Set runtime path of "/home/marco/marco/uni/magistrale/IDS_project/install/project_interfaces/lib/libproject_interfaces__rosidl_generator_py.so" to ""
[15.455s] -- Installing: /home/marco/marco/uni/magistrale/IDS_project/install/project_interfaces/share/ament_index/resource_index/rust_packages/project_interfaces
[15.455s] -- Installing: /home/marco/marco/uni/magistrale/IDS_project/install/project_interfaces/share/project_interfaces/rust
[15.455s] -- Installing: /home/marco/marco/uni/magistrale/IDS_project/install/project_interfaces/share/project_interfaces/rust/build.rs
[15.456s] -- Installing: /home/marco/marco/uni/magistrale/IDS_project/install/project_interfaces/share/project_interfaces/rust/Cargo.toml
[15.456s] -- Installing: /home/marco/marco/uni/magistrale/IDS_project/install/project_interfaces/share/project_interfaces/rust/src
[15.457s] -- Installing: /home/marco/marco/uni/magistrale/IDS_project/install/project_interfaces/share/project_interfaces/rust/src/lib.rs
[15.457s] -- Installing: /home/marco/marco/uni/magistrale/IDS_project/install/project_interfaces/share/project_interfaces/rust/src/msg
[15.457s] -- Installing: /home/marco/marco/uni/magistrale/IDS_project/install/project_interfaces/share/project_interfaces/rust/src/msg/rmw.rs
[15.457s] -- Installing: /home/marco/marco/uni/magistrale/IDS_project/install/project_interfaces/share/project_interfaces/rust/src/msg.rs
[15.458s] -- Installing: /home/marco/marco/uni/magistrale/IDS_project/install/project_interfaces/share/project_interfaces/msg/Measurement.idl
[15.458s] -- Installing: /home/marco/marco/uni/magistrale/IDS_project/install/project_interfaces/share/project_interfaces/msg/Landmark.idl
[15.459s] -- Installing: /home/marco/marco/uni/magistrale/IDS_project/install/project_interfaces/share/project_interfaces/msg/Update.idl
[15.459s] -- Installing: /home/marco/marco/uni/magistrale/IDS_project/install/project_interfaces/share/project_interfaces/msg/State.idl
[15.459s] -- Installing: /home/marco/marco/uni/magistrale/IDS_project/install/project_interfaces/share/project_interfaces/msg/MPCprediction.idl
[15.460s] -- Installing: /home/marco/marco/uni/magistrale/IDS_project/install/project_interfaces/share/project_interfaces/msg/Desired.idl
[15.460s] -- Installing: /home/marco/marco/uni/magistrale/IDS_project/install/project_interfaces/share/project_interfaces/msg/Measurement.msg
[15.460s] -- Installing: /home/marco/marco/uni/magistrale/IDS_project/install/project_interfaces/share/project_interfaces/msg/Landmark.msg
[15.461s] -- Installing: /home/marco/marco/uni/magistrale/IDS_project/install/project_interfaces/share/project_interfaces/msg/Update.msg
[15.461s] -- Installing: /home/marco/marco/uni/magistrale/IDS_project/install/project_interfaces/share/project_interfaces/msg/State.msg
[15.461s] -- Installing: /home/marco/marco/uni/magistrale/IDS_project/install/project_interfaces/share/project_interfaces/msg/MPCprediction.msg
[15.462s] -- Installing: /home/marco/marco/uni/magistrale/IDS_project/install/project_interfaces/share/project_interfaces/msg/Desired.msg
[15.462s] -- Installing: /home/marco/marco/uni/magistrale/IDS_project/install/project_interfaces/share/ament_index/resource_index/package_run_dependencies/project_interfaces
[15.463s] -- Installing: /home/marco/marco/uni/magistrale/IDS_project/install/project_interfaces/share/ament_index/resource_index/parent_prefix_path/project_interfaces
[15.463s] -- Installing: /home/marco/marco/uni/magistrale/IDS_project/install/project_interfaces/share/project_interfaces/environment/ament_prefix_path.sh
[15.464s] -- Installing: /home/marco/marco/uni/magistrale/IDS_project/install/project_interfaces/share/project_interfaces/environment/ament_prefix_path.dsv
[15.464s] -- Installing: /home/marco/marco/uni/magistrale/IDS_project/install/project_interfaces/share/project_interfaces/environment/path.sh
[15.464s] -- Installing: /home/marco/marco/uni/magistrale/IDS_project/install/project_interfaces/share/project_interfaces/environment/path.dsv
[15.465s] -- Installing: /home/marco/marco/uni/magistrale/IDS_project/install/project_interfaces/share/project_interfaces/local_setup.bash
[15.465s] -- Installing: /home/marco/marco/uni/magistrale/IDS_project/install/project_interfaces/share/project_interfaces/local_setup.sh
[15.466s] -- Installing: /home/marco/marco/uni/magistrale/IDS_project/install/project_interfaces/share/project_interfaces/local_setup.zsh
[15.466s] -- Installing: /home/marco/marco/uni/magistrale/IDS_project/install/project_interfaces/share/project_interfaces/local_setup.dsv
[15.466s] -- Installing: /home/marco/marco/uni/magistrale/IDS_project/install/project_interfaces/share/project_interfaces/package.dsv
[15.467s] -- Installing: /home/marco/marco/uni/magistrale/IDS_project/install/project_interfaces/share/ament_index/resource_index/packages/project_interfaces
[15.467s] -- Installing: /home/marco/marco/uni/magistrale/IDS_project/install/project_interfaces/share/project_interfaces/cmake/export_project_interfaces__rosidl_generator_cExport.cmake
[15.468s] -- Installing: /home/marco/marco/uni/magistrale/IDS_project/install/project_interfaces/share/project_interfaces/cmake/export_project_interfaces__rosidl_generator_cExport-noconfig.cmake
[15.468s] -- Installing: /home/marco/marco/uni/magistrale/IDS_project/install/project_interfaces/share/project_interfaces/cmake/export_project_interfaces__rosidl_typesupport_fastrtps_cExport.cmake
[15.469s] -- Installing: /home/marco/marco/uni/magistrale/IDS_project/install/project_interfaces/share/project_interfaces/cmake/export_project_interfaces__rosidl_typesupport_fastrtps_cExport-noconfig.cmake
[15.469s] -- Installing: /home/marco/marco/uni/magistrale/IDS_project/install/project_interfaces/share/project_interfaces/cmake/project_interfaces__rosidl_typesupport_introspection_cExport.cmake
[15.469s] -- Installing: /home/marco/marco/uni/magistrale/IDS_project/install/project_interfaces/share/project_interfaces/cmake/project_interfaces__rosidl_typesupport_introspection_cExport-noconfig.cmake
[15.470s] -- Installing: /home/marco/marco/uni/magistrale/IDS_project/install/project_interfaces/share/project_interfaces/cmake/project_interfaces__rosidl_typesupport_cExport.cmake
[15.470s] -- Installing: /home/marco/marco/uni/magistrale/IDS_project/install/project_interfaces/share/project_interfaces/cmake/project_interfaces__rosidl_typesupport_cExport-noconfig.cmake
[15.471s] -- Installing: /home/marco/marco/uni/magistrale/IDS_project/install/project_interfaces/share/project_interfaces/cmake/export_project_interfaces__rosidl_generator_cppExport.cmake
[15.471s] -- Installing: /home/marco/marco/uni/magistrale/IDS_project/install/project_interfaces/share/project_interfaces/cmake/export_project_interfaces__rosidl_typesupport_fastrtps_cppExport.cmake
[15.471s] -- Installing: /home/marco/marco/uni/magistrale/IDS_project/install/project_interfaces/share/project_interfaces/cmake/export_project_interfaces__rosidl_typesupport_fastrtps_cppExport-noconfig.cmake
[15.472s] -- Installing: /home/marco/marco/uni/magistrale/IDS_project/install/project_interfaces/share/project_interfaces/cmake/project_interfaces__rosidl_typesupport_introspection_cppExport.cmake
[15.472s] -- Installing: /home/marco/marco/uni/magistrale/IDS_project/install/project_interfaces/share/project_interfaces/cmake/project_interfaces__rosidl_typesupport_introspection_cppExport-noconfig.cmake
[15.473s] -- Installing: /home/marco/marco/uni/magistrale/IDS_project/install/project_interfaces/share/project_interfaces/cmake/project_interfaces__rosidl_typesupport_cppExport.cmake
[15.473s] -- Installing: /home/marco/marco/uni/magistrale/IDS_project/install/project_interfaces/share/project_interfaces/cmake/project_interfaces__rosidl_typesupport_cppExport-noconfig.cmake
[15.474s] -- Installing: /home/marco/marco/uni/magistrale/IDS_project/install/project_interfaces/share/project_interfaces/cmake/export_project_interfaces__rosidl_generator_pyExport.cmake
[15.474s] -- Installing: /home/marco/marco/uni/magistrale/IDS_project/install/project_interfaces/share/project_interfaces/cmake/export_project_interfaces__rosidl_generator_pyExport-noconfig.cmake
[15.475s] -- Installing: /home/marco/marco/uni/magistrale/IDS_project/install/project_interfaces/share/project_interfaces/cmake/rosidl_cmake-extras.cmake
[15.475s] -- Installing: /home/marco/marco/uni/magistrale/IDS_project/install/project_interfaces/share/project_interfaces/cmake/ament_cmake_export_include_directories-extras.cmake
[15.476s] -- Installing: /home/marco/marco/uni/magistrale/IDS_project/install/project_interfaces/share/project_interfaces/cmake/ament_cmake_export_libraries-extras.cmake
[15.476s] -- Installing: /home/marco/marco/uni/magistrale/IDS_project/install/project_interfaces/share/project_interfaces/cmake/ament_cmake_export_targets-extras.cmake
[15.476s] -- Installing: /home/marco/marco/uni/magistrale/IDS_project/install/project_interfaces/share/project_interfaces/cmake/rosidl_cmake_export_typesupport_targets-extras.cmake
[15.477s] -- Installing: /home/marco/marco/uni/magistrale/IDS_project/install/project_interfaces/share/project_interfaces/cmake/ament_cmake_export_dependencies-extras.cmake
[15.477s] -- Installing: /home/marco/marco/uni/magistrale/IDS_project/install/project_interfaces/share/project_interfaces/cmake/rosidl_cmake_export_typesupport_libraries-extras.cmake
[15.478s] -- Installing: /home/marco/marco/uni/magistrale/IDS_project/install/project_interfaces/share/project_interfaces/cmake/project_interfacesConfig.cmake
[15.478s] -- Installing: /home/marco/marco/uni/magistrale/IDS_project/install/project_interfaces/share/project_interfaces/cmake/project_interfacesConfig-version.cmake
[15.478s] -- Installing: /home/marco/marco/uni/magistrale/IDS_project/install/project_interfaces/share/project_interfaces/package.xml
[15.487s] Invoked command in '/home/marco/marco/uni/magistrale/IDS_project/build/project_interfaces' returned '0': CMAKE_PREFIX_PATH=/opt/ros/humble /usr/bin/cmake --install /home/marco/marco/uni/magistrale/IDS_project/build/project_interfaces
