-- The C compiler identification is GNU 11.4.0
-- The CXX compiler identification is GNU 11.4.0
-- Detecting C compiler ABI info
-- Detecting C compiler ABI info - done
-- Check for working C compiler: /usr/bin/cc - skipped
-- Detecting C compile features
-- Detecting C compile features - done
-- Detecting CXX compiler ABI info
-- Detecting CXX compiler ABI info - done
-- Check for working CXX compiler: /usr/bin/c++ - skipped
-- Detecting CXX compile features
-- Detecting CXX compile features - done
-- Found ament_cmake: 1.3.14 (/opt/ros/humble/share/ament_cmake/cmake)
-- Found Python3: /usr/bin/python3 (found version "3.10.12") found components: Interpreter 
-- Found ament_lint_auto: 0.12.15 (/opt/ros/humble/share/ament_lint_auto/cmake)
-- Found rosidl_default_generators: 1.2.1 (/opt/ros/humble/share/rosidl_default_generators/cmake)
-- Using all available rosidl_typesupport_c: rosidl_typesupport_fastrtps_c;rosidl_typesupport_introspection_c
-- Found rosidl_adapter: 3.1.8 (/opt/ros/humble/share/rosidl_adapter/cmake)
-- Using all available rosidl_typesupport_cpp: rosidl_typesupport_fastrtps_cpp;rosidl_typesupport_introspection_cpp
-- Found ament_cmake_ros: 0.10.0 (/opt/ros/humble/share/ament_cmake_ros/cmake)
-- Using all available rosidl_typesupport_c: rosidl_typesupport_fastrtps_c;rosidl_typesupport_introspection_c
-- Using all available rosidl_typesupport_cpp: rosidl_typesupport_fastrtps_cpp;rosidl_typesupport_introspection_cpp
-- Found PythonInterp: /usr/bin/python3 (found suitable version "3.10.12", minimum required is "3.6") 
-- Found python_cmake_module: 0.10.0 (/opt/ros/humble/share/python_cmake_module/cmake)
-- Found PythonLibs: /usr/lib/x86_64-linux-gnu/libpython3.10.so (found suitable version "3.10.12", minimum required is "3.5") 
-- Using PYTHON_EXECUTABLE: /usr/bin/python3
-- Using PYTHON_INCLUDE_DIRS: /usr/include/python3.10
-- Using PYTHON_LIBRARIES: /usr/lib/x86_64-linux-gnu/libpython3.10.so
-- Found PythonExtra: .so  
-- Added test 'lint_cmake' to check CMake code style
-- Added test 'xmllint' to check XML markup files
-- Configuring done
-- Generating done
-- Build files have been written to: /home/marco/marco/uni/magistrale/IDS_project/build/project_interfaces
[  1%] [34m[1mGenerating Rust code for ROS interfaces[0m
[  3%] [34m[1mGenerating C code for ROS interfaces[0m
[  3%] Built target ament_cmake_python_copy_project_interfaces
[  4%] [34m[1mGenerating C++ code for ROS interfaces[0m
running egg_info
creating project_interfaces.egg-info
writing project_interfaces.egg-info/PKG-INFO
writing dependency_links to project_interfaces.egg-info/dependency_links.txt
writing top-level names to project_interfaces.egg-info/top_level.txt
writing manifest file 'project_interfaces.egg-info/SOURCES.txt'
reading manifest file 'project_interfaces.egg-info/SOURCES.txt'
writing manifest file 'project_interfaces.egg-info/SOURCES.txt'
[  4%] Built target ament_cmake_python_build_project_interfaces_egg
[  4%] Built target project_interfaces__rs
[  6%] [32mBuilding C object CMakeFiles/project_interfaces__rosidl_generator_c.dir/rosidl_generator_c/project_interfaces/msg/detail/measurement__functions.c.o[0m
[  9%] [32mBuilding C object CMakeFiles/project_interfaces__rosidl_generator_c.dir/rosidl_generator_c/project_interfaces/msg/detail/landmark__functions.c.o[0m
[  9%] [32mBuilding C object CMakeFiles/project_interfaces__rosidl_generator_c.dir/rosidl_generator_c/project_interfaces/msg/detail/update__functions.c.o[0m
[ 10%] [32mBuilding C object CMakeFiles/project_interfaces__rosidl_generator_c.dir/rosidl_generator_c/project_interfaces/msg/detail/state__functions.c.o[0m
[ 12%] [32mBuilding C object CMakeFiles/project_interfaces__rosidl_generator_c.dir/rosidl_generator_c/project_interfaces/msg/detail/mp_cprediction__functions.c.o[0m
[ 14%] [32m[1mLinking C shared library libproject_interfaces__rosidl_generator_c.so[0m
[ 14%] Built target project_interfaces__cpp
[ 15%] [34m[1mGenerating C++ introspection for ROS interfaces[0m
[ 17%] [34m[1mGenerating C++ type support dispatch for ROS interfaces[0m
[ 17%] Built target project_interfaces__rosidl_generator_c
[ 18%] [34m[1mGenerating C++ type support for eProsima Fast-RTPS[0m
[ 21%] [34m[1mGenerating C type support for eProsima Fast-RTPS[0m
[ 21%] [34m[1mGenerating C type support dispatch for ROS interfaces[0m
[ 23%] [34m[1mGenerating C introspection for ROS interfaces[0m
[ 25%] [32mBuilding CXX object CMakeFiles/project_interfaces__rosidl_typesupport_introspection_cpp.dir/rosidl_typesupport_introspection_cpp/project_interfaces/msg/detail/measurement__type_support.cpp.o[0m
[ 26%] [32mBuilding CXX object CMakeFiles/project_interfaces__rosidl_typesupport_introspection_cpp.dir/rosidl_typesupport_introspection_cpp/project_interfaces/msg/detail/update__type_support.cpp.o[0m
[ 28%] [32mBuilding CXX object CMakeFiles/project_interfaces__rosidl_typesupport_introspection_cpp.dir/rosidl_typesupport_introspection_cpp/project_interfaces/msg/detail/landmark__type_support.cpp.o[0m
[ 29%] [32mBuilding CXX object CMakeFiles/project_interfaces__rosidl_typesupport_c.dir/rosidl_typesupport_c/project_interfaces/msg/measurement__type_support.cpp.o[0m
[ 31%] [32mBuilding CXX object CMakeFiles/project_interfaces__rosidl_typesupport_c.dir/rosidl_typesupport_c/project_interfaces/msg/landmark__type_support.cpp.o[0m
[ 32%] [32mBuilding CXX object CMakeFiles/project_interfaces__rosidl_typesupport_c.dir/rosidl_typesupport_c/project_interfaces/msg/update__type_support.cpp.o[0m
[ 34%] [32mBuilding CXX object CMakeFiles/project_interfaces__rosidl_typesupport_cpp.dir/rosidl_typesupport_cpp/project_interfaces/msg/measurement__type_support.cpp.o[0m
[ 35%] [32mBuilding CXX object CMakeFiles/project_interfaces__rosidl_typesupport_fastrtps_cpp.dir/rosidl_typesupport_fastrtps_cpp/project_interfaces/msg/detail/dds_fastrtps/measurement__type_support.cpp.o[0m
[ 37%] [32mBuilding CXX object CMakeFiles/project_interfaces__rosidl_typesupport_c.dir/rosidl_typesupport_c/project_interfaces/msg/state__type_support.cpp.o[0m
[ 39%] [32mBuilding CXX object CMakeFiles/project_interfaces__rosidl_typesupport_c.dir/rosidl_typesupport_c/project_interfaces/msg/mp_cprediction__type_support.cpp.o[0m
[ 40%] [32m[1mLinking CXX shared library libproject_interfaces__rosidl_typesupport_c.so[0m
[ 42%] [32mBuilding CXX object CMakeFiles/project_interfaces__rosidl_typesupport_introspection_cpp.dir/rosidl_typesupport_introspection_cpp/project_interfaces/msg/detail/state__type_support.cpp.o[0m
[ 43%] [32mBuilding CXX object CMakeFiles/project_interfaces__rosidl_typesupport_cpp.dir/rosidl_typesupport_cpp/project_interfaces/msg/landmark__type_support.cpp.o[0m
[ 43%] Built target project_interfaces__rosidl_typesupport_c
[ 45%] [32mBuilding CXX object CMakeFiles/project_interfaces__rosidl_typesupport_cpp.dir/rosidl_typesupport_cpp/project_interfaces/msg/update__type_support.cpp.o[0m
[ 46%] [32mBuilding CXX object CMakeFiles/project_interfaces__rosidl_typesupport_introspection_cpp.dir/rosidl_typesupport_introspection_cpp/project_interfaces/msg/detail/mp_cprediction__type_support.cpp.o[0m
[ 48%] [32mBuilding CXX object CMakeFiles/project_interfaces__rosidl_typesupport_fastrtps_cpp.dir/rosidl_typesupport_fastrtps_cpp/project_interfaces/msg/detail/dds_fastrtps/landmark__type_support.cpp.o[0m
[ 50%] [32mBuilding CXX object CMakeFiles/project_interfaces__rosidl_typesupport_fastrtps_c.dir/rosidl_typesupport_fastrtps_c/project_interfaces/msg/detail/measurement__type_support_c.cpp.o[0m
[ 51%] [32mBuilding CXX object CMakeFiles/project_interfaces__rosidl_typesupport_cpp.dir/rosidl_typesupport_cpp/project_interfaces/msg/state__type_support.cpp.o[0m
[ 53%] [32mBuilding C object CMakeFiles/project_interfaces__rosidl_typesupport_introspection_c.dir/rosidl_typesupport_introspection_c/project_interfaces/msg/detail/measurement__type_support.c.o[0m
[ 54%] [32mBuilding CXX object CMakeFiles/project_interfaces__rosidl_typesupport_fastrtps_c.dir/rosidl_typesupport_fastrtps_c/project_interfaces/msg/detail/landmark__type_support_c.cpp.o[0m
[ 56%] [32mBuilding C object CMakeFiles/project_interfaces__rosidl_typesupport_introspection_c.dir/rosidl_typesupport_introspection_c/project_interfaces/msg/detail/landmark__type_support.c.o[0m
[ 57%] [32mBuilding CXX object CMakeFiles/project_interfaces__rosidl_typesupport_fastrtps_c.dir/rosidl_typesupport_fastrtps_c/project_interfaces/msg/detail/update__type_support_c.cpp.o[0m
[ 59%] [32mBuilding C object CMakeFiles/project_interfaces__rosidl_typesupport_introspection_c.dir/rosidl_typesupport_introspection_c/project_interfaces/msg/detail/update__type_support.c.o[0m
[ 60%] [32mBuilding C object CMakeFiles/project_interfaces__rosidl_typesupport_introspection_c.dir/rosidl_typesupport_introspection_c/project_interfaces/msg/detail/state__type_support.c.o[0m
[ 62%] [32mBuilding C object CMakeFiles/project_interfaces__rosidl_typesupport_introspection_c.dir/rosidl_typesupport_introspection_c/project_interfaces/msg/detail/mp_cprediction__type_support.c.o[0m
[ 64%] [32mBuilding CXX object CMakeFiles/project_interfaces__rosidl_typesupport_cpp.dir/rosidl_typesupport_cpp/project_interfaces/msg/mp_cprediction__type_support.cpp.o[0m
[ 65%] [32m[1mLinking C shared library libproject_interfaces__rosidl_typesupport_introspection_c.so[0m
[ 67%] [32mBuilding CXX object CMakeFiles/project_interfaces__rosidl_typesupport_fastrtps_cpp.dir/rosidl_typesupport_fastrtps_cpp/project_interfaces/msg/detail/dds_fastrtps/state__type_support.cpp.o[0m
[ 68%] [32mBuilding CXX object CMakeFiles/project_interfaces__rosidl_typesupport_fastrtps_cpp.dir/rosidl_typesupport_fastrtps_cpp/project_interfaces/msg/detail/dds_fastrtps/update__type_support.cpp.o[0m
[ 68%] Built target project_interfaces__rosidl_typesupport_introspection_c
[ 70%] [32mBuilding CXX object CMakeFiles/project_interfaces__rosidl_typesupport_fastrtps_c.dir/rosidl_typesupport_fastrtps_c/project_interfaces/msg/detail/state__type_support_c.cpp.o[0m
[ 71%] [32m[1mLinking CXX shared library libproject_interfaces__rosidl_typesupport_introspection_cpp.so[0m
[ 73%] [32mBuilding CXX object CMakeFiles/project_interfaces__rosidl_typesupport_fastrtps_c.dir/rosidl_typesupport_fastrtps_c/project_interfaces/msg/detail/mp_cprediction__type_support_c.cpp.o[0m
[ 75%] [32m[1mLinking CXX shared library libproject_interfaces__rosidl_typesupport_cpp.so[0m
[ 75%] Built target project_interfaces__rosidl_typesupport_introspection_cpp
[ 76%] [32mBuilding CXX object CMakeFiles/project_interfaces__rosidl_typesupport_fastrtps_cpp.dir/rosidl_typesupport_fastrtps_cpp/project_interfaces/msg/detail/dds_fastrtps/mp_cprediction__type_support.cpp.o[0m
[ 76%] Built target project_interfaces__rosidl_typesupport_cpp
[ 78%] [32m[1mLinking CXX shared library libproject_interfaces__rosidl_typesupport_fastrtps_c.so[0m
[ 79%] [32m[1mLinking CXX shared library libproject_interfaces__rosidl_typesupport_fastrtps_cpp.so[0m
[ 79%] Built target project_interfaces__rosidl_typesupport_fastrtps_c
[ 79%] Built target project_interfaces__rosidl_typesupport_fastrtps_cpp
[ 79%] Built target project_interfaces
[ 81%] [34m[1mGenerating Python code for ROS interfaces[0m
[ 81%] Built target project_interfaces__py
[ 82%] [32mBuilding C object CMakeFiles/project_interfaces__rosidl_generator_py.dir/rosidl_generator_py/project_interfaces/msg/_measurement_s.c.o[0m
[ 84%] [32mBuilding C object CMakeFiles/project_interfaces__rosidl_generator_py.dir/rosidl_generator_py/project_interfaces/msg/_landmark_s.c.o[0m
[ 85%] [32mBuilding C object CMakeFiles/project_interfaces__rosidl_generator_py.dir/rosidl_generator_py/project_interfaces/msg/_update_s.c.o[0m
[ 87%] [32mBuilding C object CMakeFiles/project_interfaces__rosidl_generator_py.dir/rosidl_generator_py/project_interfaces/msg/_state_s.c.o[0m
[ 89%] [32mBuilding C object CMakeFiles/project_interfaces__rosidl_generator_py.dir/rosidl_generator_py/project_interfaces/msg/_mp_cprediction_s.c.o[0m
[ 90%] [32m[1mLinking C shared library rosidl_generator_py/project_interfaces/libproject_interfaces__rosidl_generator_py.so[0m
[ 90%] Built target project_interfaces__rosidl_generator_py
[ 93%] [32mBuilding C object CMakeFiles/project_interfaces__rosidl_typesupport_introspection_c__pyext.dir/rosidl_generator_py/project_interfaces/_project_interfaces_s.ep.rosidl_typesupport_introspection_c.c.o[0m
[ 93%] [32mBuilding C object CMakeFiles/project_interfaces__rosidl_typesupport_fastrtps_c__pyext.dir/rosidl_generator_py/project_interfaces/_project_interfaces_s.ep.rosidl_typesupport_fastrtps_c.c.o[0m
[ 95%] [32mBuilding C object CMakeFiles/project_interfaces__rosidl_typesupport_c__pyext.dir/rosidl_generator_py/project_interfaces/_project_interfaces_s.ep.rosidl_typesupport_c.c.o[0m
[ 96%] [32m[1mLinking C shared library rosidl_generator_py/project_interfaces/project_interfaces_s__rosidl_typesupport_c.cpython-310-x86_64-linux-gnu.so[0m
[ 98%] [32m[1mLinking C shared library rosidl_generator_py/project_interfaces/project_interfaces_s__rosidl_typesupport_fastrtps_c.cpython-310-x86_64-linux-gnu.so[0m
[ 98%] Built target project_interfaces__rosidl_typesupport_c__pyext
[100%] [32m[1mLinking C shared library rosidl_generator_py/project_interfaces/project_interfaces_s__rosidl_typesupport_introspection_c.cpython-310-x86_64-linux-gnu.so[0m
[100%] Built target project_interfaces__rosidl_typesupport_fastrtps_c__pyext
[100%] Built target project_interfaces__rosidl_typesupport_introspection_c__pyext
-- Install configuration: ""
-- Installing: /home/marco/marco/uni/magistrale/IDS_project/install/project_interfaces/share/ament_index/resource_index/rosidl_interfaces/project_interfaces
-- Installing: /home/marco/marco/uni/magistrale/IDS_project/install/project_interfaces/include/project_interfaces/project_interfaces
-- Installing: /home/marco/marco/uni/magistrale/IDS_project/install/project_interfaces/include/project_interfaces/project_interfaces/msg
-- Installing: /home/marco/marco/uni/magistrale/IDS_project/install/project_interfaces/include/project_interfaces/project_interfaces/msg/measurement.h
-- Installing: /home/marco/marco/uni/magistrale/IDS_project/install/project_interfaces/include/project_interfaces/project_interfaces/msg/state.h
-- Installing: /home/marco/marco/uni/magistrale/IDS_project/install/project_interfaces/include/project_interfaces/project_interfaces/msg/mp_cprediction.h
-- Installing: /home/marco/marco/uni/magistrale/IDS_project/install/project_interfaces/include/project_interfaces/project_interfaces/msg/detail
-- Installing: /home/marco/marco/uni/magistrale/IDS_project/install/project_interfaces/include/project_interfaces/project_interfaces/msg/detail/landmark__type_support.h
-- Installing: /home/marco/marco/uni/magistrale/IDS_project/install/project_interfaces/include/project_interfaces/project_interfaces/msg/detail/landmark__functions.h
-- Installing: /home/marco/marco/uni/magistrale/IDS_project/install/project_interfaces/include/project_interfaces/project_interfaces/msg/detail/state__functions.h
-- Installing: /home/marco/marco/uni/magistrale/IDS_project/install/project_interfaces/include/project_interfaces/project_interfaces/msg/detail/measurement__functions.h
-- Installing: /home/marco/marco/uni/magistrale/IDS_project/install/project_interfaces/include/project_interfaces/project_interfaces/msg/detail/state__struct.h
-- Installing: /home/marco/marco/uni/magistrale/IDS_project/install/project_interfaces/include/project_interfaces/project_interfaces/msg/detail/landmark__functions.c
-- Installing: /home/marco/marco/uni/magistrale/IDS_project/install/project_interfaces/include/project_interfaces/project_interfaces/msg/detail/mp_cprediction__functions.h
-- Installing: /home/marco/marco/uni/magistrale/IDS_project/install/project_interfaces/include/project_interfaces/project_interfaces/msg/detail/measurement__functions.c
-- Installing: /home/marco/marco/uni/magistrale/IDS_project/install/project_interfaces/include/project_interfaces/project_interfaces/msg/detail/measurement__type_support.h
-- Installing: /home/marco/marco/uni/magistrale/IDS_project/install/project_interfaces/include/project_interfaces/project_interfaces/msg/detail/mp_cprediction__functions.c
-- Installing: /home/marco/marco/uni/magistrale/IDS_project/install/project_interfaces/include/project_interfaces/project_interfaces/msg/detail/update__functions.h
-- Installing: /home/marco/marco/uni/magistrale/IDS_project/install/project_interfaces/include/project_interfaces/project_interfaces/msg/detail/state__type_support.h
-- Installing: /home/marco/marco/uni/magistrale/IDS_project/install/project_interfaces/include/project_interfaces/project_interfaces/msg/detail/mp_cprediction__struct.h
-- Installing: /home/marco/marco/uni/magistrale/IDS_project/install/project_interfaces/include/project_interfaces/project_interfaces/msg/detail/update__functions.c
-- Installing: /home/marco/marco/uni/magistrale/IDS_project/install/project_interfaces/include/project_interfaces/project_interfaces/msg/detail/measurement__struct.h
-- Installing: /home/marco/marco/uni/magistrale/IDS_project/install/project_interfaces/include/project_interfaces/project_interfaces/msg/detail/update__type_support.h
-- Installing: /home/marco/marco/uni/magistrale/IDS_project/install/project_interfaces/include/project_interfaces/project_interfaces/msg/detail/update__struct.h
-- Installing: /home/marco/marco/uni/magistrale/IDS_project/install/project_interfaces/include/project_interfaces/project_interfaces/msg/detail/landmark__struct.h
-- Installing: /home/marco/marco/uni/magistrale/IDS_project/install/project_interfaces/include/project_interfaces/project_interfaces/msg/detail/state__functions.c
-- Installing: /home/marco/marco/uni/magistrale/IDS_project/install/project_interfaces/include/project_interfaces/project_interfaces/msg/detail/mp_cprediction__type_support.h
-- Installing: /home/marco/marco/uni/magistrale/IDS_project/install/project_interfaces/include/project_interfaces/project_interfaces/msg/update.h
-- Installing: /home/marco/marco/uni/magistrale/IDS_project/install/project_interfaces/include/project_interfaces/project_interfaces/msg/landmark.h
-- Installing: /home/marco/marco/uni/magistrale/IDS_project/install/project_interfaces/include/project_interfaces/project_interfaces/msg/rosidl_generator_c__visibility_control.h
-- Installing: /home/marco/marco/uni/magistrale/IDS_project/install/project_interfaces/share/project_interfaces/environment/library_path.sh
-- Installing: /home/marco/marco/uni/magistrale/IDS_project/install/project_interfaces/share/project_interfaces/environment/library_path.dsv
-- Installing: /home/marco/marco/uni/magistrale/IDS_project/install/project_interfaces/lib/libproject_interfaces__rosidl_generator_c.so
-- Set runtime path of "/home/marco/marco/uni/magistrale/IDS_project/install/project_interfaces/lib/libproject_interfaces__rosidl_generator_c.so" to ""
-- Up-to-date: /home/marco/marco/uni/magistrale/IDS_project/install/project_interfaces/include/project_interfaces/project_interfaces
-- Up-to-date: /home/marco/marco/uni/magistrale/IDS_project/install/project_interfaces/include/project_interfaces/project_interfaces/msg
-- Up-to-date: /home/marco/marco/uni/magistrale/IDS_project/install/project_interfaces/include/project_interfaces/project_interfaces/msg/detail
-- Installing: /home/marco/marco/uni/magistrale/IDS_project/install/project_interfaces/include/project_interfaces/project_interfaces/msg/detail/measurement__rosidl_typesupport_fastrtps_c.h
-- Installing: /home/marco/marco/uni/magistrale/IDS_project/install/project_interfaces/include/project_interfaces/project_interfaces/msg/detail/landmark__rosidl_typesupport_fastrtps_c.h
-- Installing: /home/marco/marco/uni/magistrale/IDS_project/install/project_interfaces/include/project_interfaces/project_interfaces/msg/detail/mp_cprediction__rosidl_typesupport_fastrtps_c.h
-- Installing: /home/marco/marco/uni/magistrale/IDS_project/install/project_interfaces/include/project_interfaces/project_interfaces/msg/detail/update__rosidl_typesupport_fastrtps_c.h
-- Installing: /home/marco/marco/uni/magistrale/IDS_project/install/project_interfaces/include/project_interfaces/project_interfaces/msg/detail/state__rosidl_typesupport_fastrtps_c.h
-- Installing: /home/marco/marco/uni/magistrale/IDS_project/install/project_interfaces/include/project_interfaces/project_interfaces/msg/rosidl_typesupport_fastrtps_c__visibility_control.h
-- Installing: /home/marco/marco/uni/magistrale/IDS_project/install/project_interfaces/lib/libproject_interfaces__rosidl_typesupport_fastrtps_c.so
-- Set runtime path of "/home/marco/marco/uni/magistrale/IDS_project/install/project_interfaces/lib/libproject_interfaces__rosidl_typesupport_fastrtps_c.so" to ""
-- Up-to-date: /home/marco/marco/uni/magistrale/IDS_project/install/project_interfaces/include/project_interfaces/project_interfaces
-- Up-to-date: /home/marco/marco/uni/magistrale/IDS_project/install/project_interfaces/include/project_interfaces/project_interfaces/msg
-- Up-to-date: /home/marco/marco/uni/magistrale/IDS_project/install/project_interfaces/include/project_interfaces/project_interfaces/msg/detail
-- Installing: /home/marco/marco/uni/magistrale/IDS_project/install/project_interfaces/include/project_interfaces/project_interfaces/msg/detail/landmark__rosidl_typesupport_introspection_c.h
-- Installing: /home/marco/marco/uni/magistrale/IDS_project/install/project_interfaces/include/project_interfaces/project_interfaces/msg/detail/measurement__type_support.c
-- Installing: /home/marco/marco/uni/magistrale/IDS_project/install/project_interfaces/include/project_interfaces/project_interfaces/msg/detail/landmark__type_support.c
-- Installing: /home/marco/marco/uni/magistrale/IDS_project/install/project_interfaces/include/project_interfaces/project_interfaces/msg/detail/update__rosidl_typesupport_introspection_c.h
-- Installing: /home/marco/marco/uni/magistrale/IDS_project/install/project_interfaces/include/project_interfaces/project_interfaces/msg/detail/state__type_support.c
-- Installing: /home/marco/marco/uni/magistrale/IDS_project/install/project_interfaces/include/project_interfaces/project_interfaces/msg/detail/mp_cprediction__rosidl_typesupport_introspection_c.h
-- Installing: /home/marco/marco/uni/magistrale/IDS_project/install/project_interfaces/include/project_interfaces/project_interfaces/msg/detail/mp_cprediction__type_support.c
-- Installing: /home/marco/marco/uni/magistrale/IDS_project/install/project_interfaces/include/project_interfaces/project_interfaces/msg/detail/measurement__rosidl_typesupport_introspection_c.h
-- Installing: /home/marco/marco/uni/magistrale/IDS_project/install/project_interfaces/include/project_interfaces/project_interfaces/msg/detail/state__rosidl_typesupport_introspection_c.h
-- Installing: /home/marco/marco/uni/magistrale/IDS_project/install/project_interfaces/include/project_interfaces/project_interfaces/msg/detail/update__type_support.c
-- Installing: /home/marco/marco/uni/magistrale/IDS_project/install/project_interfaces/include/project_interfaces/project_interfaces/msg/rosidl_typesupport_introspection_c__visibility_control.h
-- Installing: /home/marco/marco/uni/magistrale/IDS_project/install/project_interfaces/lib/libproject_interfaces__rosidl_typesupport_introspection_c.so
-- Set runtime path of "/home/marco/marco/uni/magistrale/IDS_project/install/project_interfaces/lib/libproject_interfaces__rosidl_typesupport_introspection_c.so" to ""
-- Installing: /home/marco/marco/uni/magistrale/IDS_project/install/project_interfaces/lib/libproject_interfaces__rosidl_typesupport_c.so
-- Set runtime path of "/home/marco/marco/uni/magistrale/IDS_project/install/project_interfaces/lib/libproject_interfaces__rosidl_typesupport_c.so" to ""
-- Up-to-date: /home/marco/marco/uni/magistrale/IDS_project/install/project_interfaces/include/project_interfaces/project_interfaces
-- Up-to-date: /home/marco/marco/uni/magistrale/IDS_project/install/project_interfaces/include/project_interfaces/project_interfaces/msg
-- Up-to-date: /home/marco/marco/uni/magistrale/IDS_project/install/project_interfaces/include/project_interfaces/project_interfaces/msg/detail
-- Installing: /home/marco/marco/uni/magistrale/IDS_project/install/project_interfaces/include/project_interfaces/project_interfaces/msg/detail/state__struct.hpp
-- Installing: /home/marco/marco/uni/magistrale/IDS_project/install/project_interfaces/include/project_interfaces/project_interfaces/msg/detail/state__traits.hpp
-- Installing: /home/marco/marco/uni/magistrale/IDS_project/install/project_interfaces/include/project_interfaces/project_interfaces/msg/detail/landmark__type_support.hpp
-- Installing: /home/marco/marco/uni/magistrale/IDS_project/install/project_interfaces/include/project_interfaces/project_interfaces/msg/detail/update__type_support.hpp
-- Installing: /home/marco/marco/uni/magistrale/IDS_project/install/project_interfaces/include/project_interfaces/project_interfaces/msg/detail/state__builder.hpp
-- Installing: /home/marco/marco/uni/magistrale/IDS_project/install/project_interfaces/include/project_interfaces/project_interfaces/msg/detail/measurement__type_support.hpp
-- Installing: /home/marco/marco/uni/magistrale/IDS_project/install/project_interfaces/include/project_interfaces/project_interfaces/msg/detail/state__type_support.hpp
-- Installing: /home/marco/marco/uni/magistrale/IDS_project/install/project_interfaces/include/project_interfaces/project_interfaces/msg/detail/landmark__builder.hpp
-- Installing: /home/marco/marco/uni/magistrale/IDS_project/install/project_interfaces/include/project_interfaces/project_interfaces/msg/detail/mp_cprediction__builder.hpp
-- Installing: /home/marco/marco/uni/magistrale/IDS_project/install/project_interfaces/include/project_interfaces/project_interfaces/msg/detail/mp_cprediction__struct.hpp
-- Installing: /home/marco/marco/uni/magistrale/IDS_project/install/project_interfaces/include/project_interfaces/project_interfaces/msg/detail/mp_cprediction__type_support.hpp
-- Installing: /home/marco/marco/uni/magistrale/IDS_project/install/project_interfaces/include/project_interfaces/project_interfaces/msg/detail/update__builder.hpp
-- Installing: /home/marco/marco/uni/magistrale/IDS_project/install/project_interfaces/include/project_interfaces/project_interfaces/msg/detail/update__traits.hpp
-- Installing: /home/marco/marco/uni/magistrale/IDS_project/install/project_interfaces/include/project_interfaces/project_interfaces/msg/detail/mp_cprediction__traits.hpp
-- Installing: /home/marco/marco/uni/magistrale/IDS_project/install/project_interfaces/include/project_interfaces/project_interfaces/msg/detail/landmark__traits.hpp
-- Installing: /home/marco/marco/uni/magistrale/IDS_project/install/project_interfaces/include/project_interfaces/project_interfaces/msg/detail/landmark__struct.hpp
-- Installing: /home/marco/marco/uni/magistrale/IDS_project/install/project_interfaces/include/project_interfaces/project_interfaces/msg/detail/measurement__struct.hpp
-- Installing: /home/marco/marco/uni/magistrale/IDS_project/install/project_interfaces/include/project_interfaces/project_interfaces/msg/detail/update__struct.hpp
-- Installing: /home/marco/marco/uni/magistrale/IDS_project/install/project_interfaces/include/project_interfaces/project_interfaces/msg/detail/measurement__traits.hpp
-- Installing: /home/marco/marco/uni/magistrale/IDS_project/install/project_interfaces/include/project_interfaces/project_interfaces/msg/detail/measurement__builder.hpp
-- Installing: /home/marco/marco/uni/magistrale/IDS_project/install/project_interfaces/include/project_interfaces/project_interfaces/msg/update.hpp
-- Installing: /home/marco/marco/uni/magistrale/IDS_project/install/project_interfaces/include/project_interfaces/project_interfaces/msg/measurement.hpp
-- Installing: /home/marco/marco/uni/magistrale/IDS_project/install/project_interfaces/include/project_interfaces/project_interfaces/msg/rosidl_generator_cpp__visibility_control.hpp
-- Installing: /home/marco/marco/uni/magistrale/IDS_project/install/project_interfaces/include/project_interfaces/project_interfaces/msg/mp_cprediction.hpp
-- Installing: /home/marco/marco/uni/magistrale/IDS_project/install/project_interfaces/include/project_interfaces/project_interfaces/msg/state.hpp
-- Installing: /home/marco/marco/uni/magistrale/IDS_project/install/project_interfaces/include/project_interfaces/project_interfaces/msg/landmark.hpp
-- Up-to-date: /home/marco/marco/uni/magistrale/IDS_project/install/project_interfaces/include/project_interfaces/project_interfaces
-- Up-to-date: /home/marco/marco/uni/magistrale/IDS_project/install/project_interfaces/include/project_interfaces/project_interfaces/msg
-- Up-to-date: /home/marco/marco/uni/magistrale/IDS_project/install/project_interfaces/include/project_interfaces/project_interfaces/msg/detail
-- Installing: /home/marco/marco/uni/magistrale/IDS_project/install/project_interfaces/include/project_interfaces/project_interfaces/msg/detail/landmark__rosidl_typesupport_fastrtps_cpp.hpp
-- Installing: /home/marco/marco/uni/magistrale/IDS_project/install/project_interfaces/include/project_interfaces/project_interfaces/msg/detail/mp_cprediction__rosidl_typesupport_fastrtps_cpp.hpp
-- Installing: /home/marco/marco/uni/magistrale/IDS_project/install/project_interfaces/include/project_interfaces/project_interfaces/msg/detail/state__rosidl_typesupport_fastrtps_cpp.hpp
-- Installing: /home/marco/marco/uni/magistrale/IDS_project/install/project_interfaces/include/project_interfaces/project_interfaces/msg/detail/update__rosidl_typesupport_fastrtps_cpp.hpp
-- Installing: /home/marco/marco/uni/magistrale/IDS_project/install/project_interfaces/include/project_interfaces/project_interfaces/msg/detail/dds_fastrtps
-- Installing: /home/marco/marco/uni/magistrale/IDS_project/install/project_interfaces/include/project_interfaces/project_interfaces/msg/detail/measurement__rosidl_typesupport_fastrtps_cpp.hpp
-- Installing: /home/marco/marco/uni/magistrale/IDS_project/install/project_interfaces/include/project_interfaces/project_interfaces/msg/rosidl_typesupport_fastrtps_cpp__visibility_control.h
-- Installing: /home/marco/marco/uni/magistrale/IDS_project/install/project_interfaces/lib/libproject_interfaces__rosidl_typesupport_fastrtps_cpp.so
-- Set runtime path of "/home/marco/marco/uni/magistrale/IDS_project/install/project_interfaces/lib/libproject_interfaces__rosidl_typesupport_fastrtps_cpp.so" to ""
-- Up-to-date: /home/marco/marco/uni/magistrale/IDS_project/install/project_interfaces/include/project_interfaces/project_interfaces
-- Up-to-date: /home/marco/marco/uni/magistrale/IDS_project/install/project_interfaces/include/project_interfaces/project_interfaces/msg
-- Up-to-date: /home/marco/marco/uni/magistrale/IDS_project/install/project_interfaces/include/project_interfaces/project_interfaces/msg/detail
-- Installing: /home/marco/marco/uni/magistrale/IDS_project/install/project_interfaces/include/project_interfaces/project_interfaces/msg/detail/landmark__rosidl_typesupport_introspection_cpp.hpp
-- Installing: /home/marco/marco/uni/magistrale/IDS_project/install/project_interfaces/include/project_interfaces/project_interfaces/msg/detail/mp_cprediction__type_support.cpp
-- Installing: /home/marco/marco/uni/magistrale/IDS_project/install/project_interfaces/include/project_interfaces/project_interfaces/msg/detail/state__type_support.cpp
-- Installing: /home/marco/marco/uni/magistrale/IDS_project/install/project_interfaces/include/project_interfaces/project_interfaces/msg/detail/update__rosidl_typesupport_introspection_cpp.hpp
-- Installing: /home/marco/marco/uni/magistrale/IDS_project/install/project_interfaces/include/project_interfaces/project_interfaces/msg/detail/measurement__type_support.cpp
-- Installing: /home/marco/marco/uni/magistrale/IDS_project/install/project_interfaces/include/project_interfaces/project_interfaces/msg/detail/update__type_support.cpp
-- Installing: /home/marco/marco/uni/magistrale/IDS_project/install/project_interfaces/include/project_interfaces/project_interfaces/msg/detail/measurement__rosidl_typesupport_introspection_cpp.hpp
-- Installing: /home/marco/marco/uni/magistrale/IDS_project/install/project_interfaces/include/project_interfaces/project_interfaces/msg/detail/mp_cprediction__rosidl_typesupport_introspection_cpp.hpp
-- Installing: /home/marco/marco/uni/magistrale/IDS_project/install/project_interfaces/include/project_interfaces/project_interfaces/msg/detail/landmark__type_support.cpp
-- Installing: /home/marco/marco/uni/magistrale/IDS_project/install/project_interfaces/include/project_interfaces/project_interfaces/msg/detail/state__rosidl_typesupport_introspection_cpp.hpp
-- Installing: /home/marco/marco/uni/magistrale/IDS_project/install/project_interfaces/lib/libproject_interfaces__rosidl_typesupport_introspection_cpp.so
-- Set runtime path of "/home/marco/marco/uni/magistrale/IDS_project/install/project_interfaces/lib/libproject_interfaces__rosidl_typesupport_introspection_cpp.so" to ""
-- Installing: /home/marco/marco/uni/magistrale/IDS_project/install/project_interfaces/lib/libproject_interfaces__rosidl_typesupport_cpp.so
-- Set runtime path of "/home/marco/marco/uni/magistrale/IDS_project/install/project_interfaces/lib/libproject_interfaces__rosidl_typesupport_cpp.so" to ""
-- Installing: /home/marco/marco/uni/magistrale/IDS_project/install/project_interfaces/share/project_interfaces/environment/pythonpath.sh
-- Installing: /home/marco/marco/uni/magistrale/IDS_project/install/project_interfaces/share/project_interfaces/environment/pythonpath.dsv
-- Installing: /home/marco/marco/uni/magistrale/IDS_project/install/project_interfaces/local/lib/python3.10/dist-packages/project_interfaces-0.0.0-py3.10.egg-info
-- Installing: /home/marco/marco/uni/magistrale/IDS_project/install/project_interfaces/local/lib/python3.10/dist-packages/project_interfaces-0.0.0-py3.10.egg-info/PKG-INFO
-- Installing: /home/marco/marco/uni/magistrale/IDS_project/install/project_interfaces/local/lib/python3.10/dist-packages/project_interfaces-0.0.0-py3.10.egg-info/dependency_links.txt
-- Installing: /home/marco/marco/uni/magistrale/IDS_project/install/project_interfaces/local/lib/python3.10/dist-packages/project_interfaces-0.0.0-py3.10.egg-info/top_level.txt
-- Installing: /home/marco/marco/uni/magistrale/IDS_project/install/project_interfaces/local/lib/python3.10/dist-packages/project_interfaces-0.0.0-py3.10.egg-info/SOURCES.txt
-- Installing: /home/marco/marco/uni/magistrale/IDS_project/install/project_interfaces/local/lib/python3.10/dist-packages/project_interfaces
-- Installing: /home/marco/marco/uni/magistrale/IDS_project/install/project_interfaces/local/lib/python3.10/dist-packages/project_interfaces/project_interfaces_s__rosidl_typesupport_introspection_c.cpython-310-x86_64-linux-gnu.so
-- Installing: /home/marco/marco/uni/magistrale/IDS_project/install/project_interfaces/local/lib/python3.10/dist-packages/project_interfaces/_project_interfaces_s.ep.rosidl_typesupport_fastrtps_c.c
-- Installing: /home/marco/marco/uni/magistrale/IDS_project/install/project_interfaces/local/lib/python3.10/dist-packages/project_interfaces/_project_interfaces_s.ep.rosidl_typesupport_c.c
-- Installing: /home/marco/marco/uni/magistrale/IDS_project/install/project_interfaces/local/lib/python3.10/dist-packages/project_interfaces/msg
-- Installing: /home/marco/marco/uni/magistrale/IDS_project/install/project_interfaces/local/lib/python3.10/dist-packages/project_interfaces/msg/_measurement.py
-- Installing: /home/marco/marco/uni/magistrale/IDS_project/install/project_interfaces/local/lib/python3.10/dist-packages/project_interfaces/msg/_mp_cprediction.py
-- Installing: /home/marco/marco/uni/magistrale/IDS_project/install/project_interfaces/local/lib/python3.10/dist-packages/project_interfaces/msg/_measurement_s.c
-- Installing: /home/marco/marco/uni/magistrale/IDS_project/install/project_interfaces/local/lib/python3.10/dist-packages/project_interfaces/msg/_update.py
-- Installing: /home/marco/marco/uni/magistrale/IDS_project/install/project_interfaces/local/lib/python3.10/dist-packages/project_interfaces/msg/_landmark_s.c
-- Installing: /home/marco/marco/uni/magistrale/IDS_project/install/project_interfaces/local/lib/python3.10/dist-packages/project_interfaces/msg/_update_s.c
-- Installing: /home/marco/marco/uni/magistrale/IDS_project/install/project_interfaces/local/lib/python3.10/dist-packages/project_interfaces/msg/_state_s.c
-- Installing: /home/marco/marco/uni/magistrale/IDS_project/install/project_interfaces/local/lib/python3.10/dist-packages/project_interfaces/msg/_landmark.py
-- Installing: /home/marco/marco/uni/magistrale/IDS_project/install/project_interfaces/local/lib/python3.10/dist-packages/project_interfaces/msg/_state.py
-- Installing: /home/marco/marco/uni/magistrale/IDS_project/install/project_interfaces/local/lib/python3.10/dist-packages/project_interfaces/msg/_mp_cprediction_s.c
-- Installing: /home/marco/marco/uni/magistrale/IDS_project/install/project_interfaces/local/lib/python3.10/dist-packages/project_interfaces/msg/__init__.py
-- Installing: /home/marco/marco/uni/magistrale/IDS_project/install/project_interfaces/local/lib/python3.10/dist-packages/project_interfaces/_project_interfaces_s.ep.rosidl_typesupport_introspection_c.c
-- Installing: /home/marco/marco/uni/magistrale/IDS_project/install/project_interfaces/local/lib/python3.10/dist-packages/project_interfaces/project_interfaces_s__rosidl_typesupport_fastrtps_c.cpython-310-x86_64-linux-gnu.so
-- Installing: /home/marco/marco/uni/magistrale/IDS_project/install/project_interfaces/local/lib/python3.10/dist-packages/project_interfaces/project_interfaces_s__rosidl_typesupport_c.cpython-310-x86_64-linux-gnu.so
-- Installing: /home/marco/marco/uni/magistrale/IDS_project/install/project_interfaces/local/lib/python3.10/dist-packages/project_interfaces/libproject_interfaces__rosidl_generator_py.so
-- Installing: /home/marco/marco/uni/magistrale/IDS_project/install/project_interfaces/local/lib/python3.10/dist-packages/project_interfaces/__init__.py
Listing '/home/marco/marco/uni/magistrale/IDS_project/install/project_interfaces/local/lib/python3.10/dist-packages/project_interfaces'...
Compiling '/home/marco/marco/uni/magistrale/IDS_project/install/project_interfaces/local/lib/python3.10/dist-packages/project_interfaces/__init__.py'...
Listing '/home/marco/marco/uni/magistrale/IDS_project/install/project_interfaces/local/lib/python3.10/dist-packages/project_interfaces/msg'...
Compiling '/home/marco/marco/uni/magistrale/IDS_project/install/project_interfaces/local/lib/python3.10/dist-packages/project_interfaces/msg/__init__.py'...
Compiling '/home/marco/marco/uni/magistrale/IDS_project/install/project_interfaces/local/lib/python3.10/dist-packages/project_interfaces/msg/_landmark.py'...
Compiling '/home/marco/marco/uni/magistrale/IDS_project/install/project_interfaces/local/lib/python3.10/dist-packages/project_interfaces/msg/_measurement.py'...
Compiling '/home/marco/marco/uni/magistrale/IDS_project/install/project_interfaces/local/lib/python3.10/dist-packages/project_interfaces/msg/_mp_cprediction.py'...
Compiling '/home/marco/marco/uni/magistrale/IDS_project/install/project_interfaces/local/lib/python3.10/dist-packages/project_interfaces/msg/_state.py'...
Compiling '/home/marco/marco/uni/magistrale/IDS_project/install/project_interfaces/local/lib/python3.10/dist-packages/project_interfaces/msg/_update.py'...
-- Installing: /home/marco/marco/uni/magistrale/IDS_project/install/project_interfaces/local/lib/python3.10/dist-packages/project_interfaces/project_interfaces_s__rosidl_typesupport_fastrtps_c.cpython-310-x86_64-linux-gnu.so
-- Set runtime path of "/home/marco/marco/uni/magistrale/IDS_project/install/project_interfaces/local/lib/python3.10/dist-packages/project_interfaces/project_interfaces_s__rosidl_typesupport_fastrtps_c.cpython-310-x86_64-linux-gnu.so" to ""
-- Installing: /home/marco/marco/uni/magistrale/IDS_project/install/project_interfaces/local/lib/python3.10/dist-packages/project_interfaces/project_interfaces_s__rosidl_typesupport_introspection_c.cpython-310-x86_64-linux-gnu.so
-- Set runtime path of "/home/marco/marco/uni/magistrale/IDS_project/install/project_interfaces/local/lib/python3.10/dist-packages/project_interfaces/project_interfaces_s__rosidl_typesupport_introspection_c.cpython-310-x86_64-linux-gnu.so" to ""
-- Installing: /home/marco/marco/uni/magistrale/IDS_project/install/project_interfaces/local/lib/python3.10/dist-packages/project_interfaces/project_interfaces_s__rosidl_typesupport_c.cpython-310-x86_64-linux-gnu.so
-- Set runtime path of "/home/marco/marco/uni/magistrale/IDS_project/install/project_interfaces/local/lib/python3.10/dist-packages/project_interfaces/project_interfaces_s__rosidl_typesupport_c.cpython-310-x86_64-linux-gnu.so" to ""
-- Installing: /home/marco/marco/uni/magistrale/IDS_project/install/project_interfaces/lib/libproject_interfaces__rosidl_generator_py.so
-- Set runtime path of "/home/marco/marco/uni/magistrale/IDS_project/install/project_interfaces/lib/libproject_interfaces__rosidl_generator_py.so" to ""
-- Installing: /home/marco/marco/uni/magistrale/IDS_project/install/project_interfaces/share/ament_index/resource_index/rust_packages/project_interfaces
-- Installing: /home/marco/marco/uni/magistrale/IDS_project/install/project_interfaces/share/project_interfaces/rust
-- Installing: /home/marco/marco/uni/magistrale/IDS_project/install/project_interfaces/share/project_interfaces/rust/build.rs
-- Installing: /home/marco/marco/uni/magistrale/IDS_project/install/project_interfaces/share/project_interfaces/rust/Cargo.toml
-- Installing: /home/marco/marco/uni/magistrale/IDS_project/install/project_interfaces/share/project_interfaces/rust/src
-- Installing: /home/marco/marco/uni/magistrale/IDS_project/install/project_interfaces/share/project_interfaces/rust/src/lib.rs
-- Installing: /home/marco/marco/uni/magistrale/IDS_project/install/project_interfaces/share/project_interfaces/rust/src/msg
-- Installing: /home/marco/marco/uni/magistrale/IDS_project/install/project_interfaces/share/project_interfaces/rust/src/msg/rmw.rs
-- Installing: /home/marco/marco/uni/magistrale/IDS_project/install/project_interfaces/share/project_interfaces/rust/src/msg.rs
-- Installing: /home/marco/marco/uni/magistrale/IDS_project/install/project_interfaces/share/project_interfaces/msg/Measurement.idl
-- Installing: /home/marco/marco/uni/magistrale/IDS_project/install/project_interfaces/share/project_interfaces/msg/Landmark.idl
-- Installing: /home/marco/marco/uni/magistrale/IDS_project/install/project_interfaces/share/project_interfaces/msg/Update.idl
-- Installing: /home/marco/marco/uni/magistrale/IDS_project/install/project_interfaces/share/project_interfaces/msg/State.idl
-- Installing: /home/marco/marco/uni/magistrale/IDS_project/install/project_interfaces/share/project_interfaces/msg/MPCprediction.idl
-- Installing: /home/marco/marco/uni/magistrale/IDS_project/install/project_interfaces/share/project_interfaces/msg/Measurement.msg
-- Installing: /home/marco/marco/uni/magistrale/IDS_project/install/project_interfaces/share/project_interfaces/msg/Landmark.msg
-- Installing: /home/marco/marco/uni/magistrale/IDS_project/install/project_interfaces/share/project_interfaces/msg/Update.msg
-- Installing: /home/marco/marco/uni/magistrale/IDS_project/install/project_interfaces/share/project_interfaces/msg/State.msg
-- Installing: /home/marco/marco/uni/magistrale/IDS_project/install/project_interfaces/share/project_interfaces/msg/MPCprediction.msg
-- Installing: /home/marco/marco/uni/magistrale/IDS_project/install/project_interfaces/share/ament_index/resource_index/package_run_dependencies/project_interfaces
-- Installing: /home/marco/marco/uni/magistrale/IDS_project/install/project_interfaces/share/ament_index/resource_index/parent_prefix_path/project_interfaces
-- Installing: /home/marco/marco/uni/magistrale/IDS_project/install/project_interfaces/share/project_interfaces/environment/ament_prefix_path.sh
-- Installing: /home/marco/marco/uni/magistrale/IDS_project/install/project_interfaces/share/project_interfaces/environment/ament_prefix_path.dsv
-- Installing: /home/marco/marco/uni/magistrale/IDS_project/install/project_interfaces/share/project_interfaces/environment/path.sh
-- Installing: /home/marco/marco/uni/magistrale/IDS_project/install/project_interfaces/share/project_interfaces/environment/path.dsv
-- Installing: /home/marco/marco/uni/magistrale/IDS_project/install/project_interfaces/share/project_interfaces/local_setup.bash
-- Installing: /home/marco/marco/uni/magistrale/IDS_project/install/project_interfaces/share/project_interfaces/local_setup.sh
-- Installing: /home/marco/marco/uni/magistrale/IDS_project/install/project_interfaces/share/project_interfaces/local_setup.zsh
-- Installing: /home/marco/marco/uni/magistrale/IDS_project/install/project_interfaces/share/project_interfaces/local_setup.dsv
-- Installing: /home/marco/marco/uni/magistrale/IDS_project/install/project_interfaces/share/project_interfaces/package.dsv
-- Installing: /home/marco/marco/uni/magistrale/IDS_project/install/project_interfaces/share/ament_index/resource_index/packages/project_interfaces
-- Installing: /home/marco/marco/uni/magistrale/IDS_project/install/project_interfaces/share/project_interfaces/cmake/export_project_interfaces__rosidl_generator_cExport.cmake
-- Installing: /home/marco/marco/uni/magistrale/IDS_project/install/project_interfaces/share/project_interfaces/cmake/export_project_interfaces__rosidl_generator_cExport-noconfig.cmake
-- Installing: /home/marco/marco/uni/magistrale/IDS_project/install/project_interfaces/share/project_interfaces/cmake/export_project_interfaces__rosidl_typesupport_fastrtps_cExport.cmake
-- Installing: /home/marco/marco/uni/magistrale/IDS_project/install/project_interfaces/share/project_interfaces/cmake/export_project_interfaces__rosidl_typesupport_fastrtps_cExport-noconfig.cmake
-- Installing: /home/marco/marco/uni/magistrale/IDS_project/install/project_interfaces/share/project_interfaces/cmake/project_interfaces__rosidl_typesupport_introspection_cExport.cmake
-- Installing: /home/marco/marco/uni/magistrale/IDS_project/install/project_interfaces/share/project_interfaces/cmake/project_interfaces__rosidl_typesupport_introspection_cExport-noconfig.cmake
-- Installing: /home/marco/marco/uni/magistrale/IDS_project/install/project_interfaces/share/project_interfaces/cmake/project_interfaces__rosidl_typesupport_cExport.cmake
-- Installing: /home/marco/marco/uni/magistrale/IDS_project/install/project_interfaces/share/project_interfaces/cmake/project_interfaces__rosidl_typesupport_cExport-noconfig.cmake
-- Installing: /home/marco/marco/uni/magistrale/IDS_project/install/project_interfaces/share/project_interfaces/cmake/export_project_interfaces__rosidl_generator_cppExport.cmake
-- Installing: /home/marco/marco/uni/magistrale/IDS_project/install/project_interfaces/share/project_interfaces/cmake/export_project_interfaces__rosidl_typesupport_fastrtps_cppExport.cmake
-- Installing: /home/marco/marco/uni/magistrale/IDS_project/install/project_interfaces/share/project_interfaces/cmake/export_project_interfaces__rosidl_typesupport_fastrtps_cppExport-noconfig.cmake
-- Installing: /home/marco/marco/uni/magistrale/IDS_project/install/project_interfaces/share/project_interfaces/cmake/project_interfaces__rosidl_typesupport_introspection_cppExport.cmake
-- Installing: /home/marco/marco/uni/magistrale/IDS_project/install/project_interfaces/share/project_interfaces/cmake/project_interfaces__rosidl_typesupport_introspection_cppExport-noconfig.cmake
-- Installing: /home/marco/marco/uni/magistrale/IDS_project/install/project_interfaces/share/project_interfaces/cmake/project_interfaces__rosidl_typesupport_cppExport.cmake
-- Installing: /home/marco/marco/uni/magistrale/IDS_project/install/project_interfaces/share/project_interfaces/cmake/project_interfaces__rosidl_typesupport_cppExport-noconfig.cmake
-- Installing: /home/marco/marco/uni/magistrale/IDS_project/install/project_interfaces/share/project_interfaces/cmake/export_project_interfaces__rosidl_generator_pyExport.cmake
-- Installing: /home/marco/marco/uni/magistrale/IDS_project/install/project_interfaces/share/project_interfaces/cmake/export_project_interfaces__rosidl_generator_pyExport-noconfig.cmake
-- Installing: /home/marco/marco/uni/magistrale/IDS_project/install/project_interfaces/share/project_interfaces/cmake/rosidl_cmake-extras.cmake
-- Installing: /home/marco/marco/uni/magistrale/IDS_project/install/project_interfaces/share/project_interfaces/cmake/ament_cmake_export_include_directories-extras.cmake
-- Installing: /home/marco/marco/uni/magistrale/IDS_project/install/project_interfaces/share/project_interfaces/cmake/ament_cmake_export_libraries-extras.cmake
-- Installing: /home/marco/marco/uni/magistrale/IDS_project/install/project_interfaces/share/project_interfaces/cmake/ament_cmake_export_targets-extras.cmake
-- Installing: /home/marco/marco/uni/magistrale/IDS_project/install/project_interfaces/share/project_interfaces/cmake/rosidl_cmake_export_typesupport_targets-extras.cmake
-- Installing: /home/marco/marco/uni/magistrale/IDS_project/install/project_interfaces/share/project_interfaces/cmake/ament_cmake_export_dependencies-extras.cmake
-- Installing: /home/marco/marco/uni/magistrale/IDS_project/install/project_interfaces/share/project_interfaces/cmake/rosidl_cmake_export_typesupport_libraries-extras.cmake
-- Installing: /home/marco/marco/uni/magistrale/IDS_project/install/project_interfaces/share/project_interfaces/cmake/project_interfacesConfig.cmake
-- Installing: /home/marco/marco/uni/magistrale/IDS_project/install/project_interfaces/share/project_interfaces/cmake/project_interfacesConfig-version.cmake
-- Installing: /home/marco/marco/uni/magistrale/IDS_project/install/project_interfaces/share/project_interfaces/package.xml
