[0.879s] Invoking command in '/home/marco/marco/uni/magistrale/IDS_project/build/project_interfaces': CMAKE_PREFIX_PATH=${CMAKE_PREFIX_PATH}:/home/marco/marco/uni/magistrale/IDS_project/ros2_ws/install/vision:/home/marco/marco/uni/magistrale/IDS_project/ros2_ws/install/simulation:/home/marco/marco/uni/magistrale/IDS_project/ros2_ws/install/plots:/home/marco/marco/uni/magistrale/IDS_project/ros2_ws/install/localization:/home/marco/marco/uni/magistrale/IDS_project/ros2_ws/install/limo_description:/home/marco/marco/uni/magistrale/IDS_project/ros2_ws/install/limo_control:/opt/ros/humble /usr/bin/cmake /home/marco/marco/uni/magistrale/IDS_project/ros2_ws/src/project_interfaces -DCMAKE_INSTALL_PREFIX=/home/marco/marco/uni/magistrale/IDS_project/install/project_interfaces
[1.009s] -- The C compiler identification is GNU 11.4.0
[1.126s] -- The CXX compiler identification is GNU 11.4.0
[1.138s] -- Detecting C compiler ABI info
[1.289s] -- Detecting C compiler ABI info - done
[1.310s] -- Check for working C compiler: /usr/bin/cc - skipped
[1.310s] -- Detecting C compile features
[1.311s] -- Detecting C compile features - done
[1.317s] -- Detecting CXX compiler ABI info
[1.613s] -- Detecting CXX compiler ABI info - done
[1.639s] -- Check for working CXX compiler: /usr/bin/c++ - skipped
[1.639s] -- Detecting CXX compile features
[1.640s] -- Detecting CXX compile features - done
[1.659s] -- Found ament_cmake: 1.3.14 (/opt/ros/humble/share/ament_cmake/cmake)
[2.283s] -- Found Python3: /usr/bin/python3 (found version "3.10.12") found components: Interpreter 
[2.420s] -- Found ament_lint_auto: 0.12.15 (/opt/ros/humble/share/ament_lint_auto/cmake)
[2.668s] -- Found rosidl_default_generators: 1.2.1 (/opt/ros/humble/share/rosidl_default_generators/cmake)
[2.679s] -- Using all available rosidl_typesupport_c: rosidl_typesupport_fastrtps_c;rosidl_typesupport_introspection_c
[2.694s] -- Found rosidl_adapter: 3.1.8 (/opt/ros/humble/share/rosidl_adapter/cmake)
[2.752s] -- Using all available rosidl_typesupport_cpp: rosidl_typesupport_fastrtps_cpp;rosidl_typesupport_introspection_cpp
[3.061s] -- Found ament_cmake_ros: 0.10.0 (/opt/ros/humble/share/ament_cmake_ros/cmake)
[3.510s] -- Using all available rosidl_typesupport_c: rosidl_typesupport_fastrtps_c;rosidl_typesupport_introspection_c
[4.015s] -- Using all available rosidl_typesupport_cpp: rosidl_typesupport_fastrtps_cpp;rosidl_typesupport_introspection_cpp
[4.088s] -- Found PythonInterp: /usr/bin/python3 (found suitable version "3.10.12", minimum required is "3.6") 
[4.093s] -- Found python_cmake_module: 0.10.0 (/opt/ros/humble/share/python_cmake_module/cmake)
[4.189s] -- Found PythonLibs: /usr/lib/x86_64-linux-gnu/libpython3.10.so (found suitable version "3.10.12", minimum required is "3.5") 
[4.189s] -- Using PYTHON_EXECUTABLE: /usr/bin/python3
[4.189s] -- Using PYTHON_INCLUDE_DIRS: /usr/include/python3.10
[4.189s] -- Using PYTHON_LIBRARIES: /usr/lib/x86_64-linux-gnu/libpython3.10.so
[4.240s] -- Found PythonExtra: .so  
[4.525s] -- Added test 'lint_cmake' to check CMake code style
[4.529s] -- Added test 'xmllint' to check XML markup files
[4.537s] -- Configuring done
[4.650s] -- Generating done
[4.675s] -- Build files have been written to: /home/marco/marco/uni/magistrale/IDS_project/build/project_interfaces
[4.690s] Invoked command in '/home/marco/marco/uni/magistrale/IDS_project/build/project_interfaces' returned '0': CMAKE_PREFIX_PATH=${CMAKE_PREFIX_PATH}:/home/marco/marco/uni/magistrale/IDS_project/ros2_ws/install/vision:/home/marco/marco/uni/magistrale/IDS_project/ros2_ws/install/simulation:/home/marco/marco/uni/magistrale/IDS_project/ros2_ws/install/plots:/home/marco/marco/uni/magistrale/IDS_project/ros2_ws/install/localization:/home/marco/marco/uni/magistrale/IDS_project/ros2_ws/install/limo_description:/home/marco/marco/uni/magistrale/IDS_project/ros2_ws/install/limo_control:/opt/ros/humble /usr/bin/cmake /home/marco/marco/uni/magistrale/IDS_project/ros2_ws/src/project_interfaces -DCMAKE_INSTALL_PREFIX=/home/marco/marco/uni/magistrale/IDS_project/install/project_interfaces
[4.690s] Invoking command in '/home/marco/marco/uni/magistrale/IDS_project/build/project_interfaces': CMAKE_PREFIX_PATH=${CMAKE_PREFIX_PATH}:/home/marco/marco/uni/magistrale/IDS_project/ros2_ws/install/vision:/home/marco/marco/uni/magistrale/IDS_project/ros2_ws/install/simulation:/home/marco/marco/uni/magistrale/IDS_project/ros2_ws/install/plots:/home/marco/marco/uni/magistrale/IDS_project/ros2_ws/install/localization:/home/marco/marco/uni/magistrale/IDS_project/ros2_ws/install/limo_description:/home/marco/marco/uni/magistrale/IDS_project/ros2_ws/install/limo_control:/opt/ros/humble /usr/bin/cmake --build /home/marco/marco/uni/magistrale/IDS_project/build/project_interfaces -- -j8 -l8
[4.857s] [  1%] [34m[1mGenerating Rust code for ROS interfaces[0m
[4.865s] [  3%] [34m[1mGenerating C code for ROS interfaces[0m
[4.915s] [  3%] Built target ament_cmake_python_copy_project_interfaces
[4.940s] [  4%] [34m[1mGenerating C++ code for ROS interfaces[0m
[6.097s] running egg_info
[6.146s] creating project_interfaces.egg-info
[6.146s] writing project_interfaces.egg-info/PKG-INFO
[6.146s] writing dependency_links to project_interfaces.egg-info/dependency_links.txt
[6.147s] writing top-level names to project_interfaces.egg-info/top_level.txt
[6.147s] writing manifest file 'project_interfaces.egg-info/SOURCES.txt'
[6.282s] reading manifest file 'project_interfaces.egg-info/SOURCES.txt'
[6.282s] writing manifest file 'project_interfaces.egg-info/SOURCES.txt'
[6.461s] [  4%] Built target ament_cmake_python_build_project_interfaces_egg
[6.642s] [  4%] Built target project_interfaces__rs
[6.745s] [  6%] [32mBuilding C object CMakeFiles/project_interfaces__rosidl_generator_c.dir/rosidl_generator_c/project_interfaces/msg/detail/measurement__functions.c.o[0m
[6.760s] [  9%] [32mBuilding C object CMakeFiles/project_interfaces__rosidl_generator_c.dir/rosidl_generator_c/project_interfaces/msg/detail/landmark__functions.c.o[0m
[6.763s] [  9%] [32mBuilding C object CMakeFiles/project_interfaces__rosidl_generator_c.dir/rosidl_generator_c/project_interfaces/msg/detail/update__functions.c.o[0m
[6.767s] [ 10%] [32mBuilding C object CMakeFiles/project_interfaces__rosidl_generator_c.dir/rosidl_generator_c/project_interfaces/msg/detail/state__functions.c.o[0m
[6.780s] [ 12%] [32mBuilding C object CMakeFiles/project_interfaces__rosidl_generator_c.dir/rosidl_generator_c/project_interfaces/msg/detail/mp_cprediction__functions.c.o[0m
[7.172s] [ 14%] [32m[1mLinking C shared library libproject_interfaces__rosidl_generator_c.so[0m
[7.218s] [ 14%] Built target project_interfaces__cpp
[7.262s] [ 15%] [34m[1mGenerating C++ introspection for ROS interfaces[0m
[7.291s] [ 17%] [34m[1mGenerating C++ type support dispatch for ROS interfaces[0m
[7.292s] [ 17%] Built target project_interfaces__rosidl_generator_c
[7.315s] [ 18%] [34m[1mGenerating C++ type support for eProsima Fast-RTPS[0m
[7.374s] [ 21%] [34m[1mGenerating C type support for eProsima Fast-RTPS[0m
[7.374s] [ 21%] [34m[1mGenerating C type support dispatch for ROS interfaces[0m
[7.410s] [ 23%] [34m[1mGenerating C introspection for ROS interfaces[0m
[7.966s] [ 25%] [32mBuilding CXX object CMakeFiles/project_interfaces__rosidl_typesupport_introspection_cpp.dir/rosidl_typesupport_introspection_cpp/project_interfaces/msg/detail/measurement__type_support.cpp.o[0m
[7.992s] [ 26%] [32mBuilding CXX object CMakeFiles/project_interfaces__rosidl_typesupport_introspection_cpp.dir/rosidl_typesupport_introspection_cpp/project_interfaces/msg/detail/update__type_support.cpp.o[0m
[8.000s] [ 28%] [32mBuilding CXX object CMakeFiles/project_interfaces__rosidl_typesupport_introspection_cpp.dir/rosidl_typesupport_introspection_cpp/project_interfaces/msg/detail/landmark__type_support.cpp.o[0m
[8.969s] [ 29%] [32mBuilding CXX object CMakeFiles/project_interfaces__rosidl_typesupport_c.dir/rosidl_typesupport_c/project_interfaces/msg/measurement__type_support.cpp.o[0m
[9.099s] [ 31%] [32mBuilding CXX object CMakeFiles/project_interfaces__rosidl_typesupport_c.dir/rosidl_typesupport_c/project_interfaces/msg/landmark__type_support.cpp.o[0m
[9.211s] [ 32%] [32mBuilding CXX object CMakeFiles/project_interfaces__rosidl_typesupport_c.dir/rosidl_typesupport_c/project_interfaces/msg/update__type_support.cpp.o[0m
[9.235s] [ 34%] [32mBuilding CXX object CMakeFiles/project_interfaces__rosidl_typesupport_cpp.dir/rosidl_typesupport_cpp/project_interfaces/msg/measurement__type_support.cpp.o[0m
[9.285s] [ 35%] [32mBuilding CXX object CMakeFiles/project_interfaces__rosidl_typesupport_fastrtps_cpp.dir/rosidl_typesupport_fastrtps_cpp/project_interfaces/msg/detail/dds_fastrtps/measurement__type_support.cpp.o[0m
[9.336s] [ 37%] [32mBuilding CXX object CMakeFiles/project_interfaces__rosidl_typesupport_c.dir/rosidl_typesupport_c/project_interfaces/msg/state__type_support.cpp.o[0m
[9.429s] [ 39%] [32mBuilding CXX object CMakeFiles/project_interfaces__rosidl_typesupport_c.dir/rosidl_typesupport_c/project_interfaces/msg/mp_cprediction__type_support.cpp.o[0m
[9.506s] [ 40%] [32m[1mLinking CXX shared library libproject_interfaces__rosidl_typesupport_c.so[0m
[9.585s] [ 42%] [32mBuilding CXX object CMakeFiles/project_interfaces__rosidl_typesupport_introspection_cpp.dir/rosidl_typesupport_introspection_cpp/project_interfaces/msg/detail/state__type_support.cpp.o[0m
[9.684s] [ 43%] [32mBuilding CXX object CMakeFiles/project_interfaces__rosidl_typesupport_cpp.dir/rosidl_typesupport_cpp/project_interfaces/msg/landmark__type_support.cpp.o[0m
[9.702s] [ 43%] Built target project_interfaces__rosidl_typesupport_c
[9.740s] [ 45%] [32mBuilding CXX object CMakeFiles/project_interfaces__rosidl_typesupport_cpp.dir/rosidl_typesupport_cpp/project_interfaces/msg/update__type_support.cpp.o[0m
[10.072s] [ 46%] [32mBuilding CXX object CMakeFiles/project_interfaces__rosidl_typesupport_introspection_cpp.dir/rosidl_typesupport_introspection_cpp/project_interfaces/msg/detail/mp_cprediction__type_support.cpp.o[0m
[10.194s] [ 48%] [32mBuilding CXX object CMakeFiles/project_interfaces__rosidl_typesupport_fastrtps_cpp.dir/rosidl_typesupport_fastrtps_cpp/project_interfaces/msg/detail/dds_fastrtps/landmark__type_support.cpp.o[0m
[10.215s] [ 50%] [32mBuilding CXX object CMakeFiles/project_interfaces__rosidl_typesupport_fastrtps_c.dir/rosidl_typesupport_fastrtps_c/project_interfaces/msg/detail/measurement__type_support_c.cpp.o[0m
[10.240s] [ 51%] [32mBuilding CXX object CMakeFiles/project_interfaces__rosidl_typesupport_cpp.dir/rosidl_typesupport_cpp/project_interfaces/msg/state__type_support.cpp.o[0m
[10.552s] [ 53%] [32mBuilding C object CMakeFiles/project_interfaces__rosidl_typesupport_introspection_c.dir/rosidl_typesupport_introspection_c/project_interfaces/msg/detail/measurement__type_support.c.o[0m
[10.563s] [ 54%] [32mBuilding CXX object CMakeFiles/project_interfaces__rosidl_typesupport_fastrtps_c.dir/rosidl_typesupport_fastrtps_c/project_interfaces/msg/detail/landmark__type_support_c.cpp.o[0m
[10.582s] [ 56%] [32mBuilding C object CMakeFiles/project_interfaces__rosidl_typesupport_introspection_c.dir/rosidl_typesupport_introspection_c/project_interfaces/msg/detail/landmark__type_support.c.o[0m
[10.655s] [ 57%] [32mBuilding CXX object CMakeFiles/project_interfaces__rosidl_typesupport_fastrtps_c.dir/rosidl_typesupport_fastrtps_c/project_interfaces/msg/detail/update__type_support_c.cpp.o[0m
[10.755s] [ 59%] [32mBuilding C object CMakeFiles/project_interfaces__rosidl_typesupport_introspection_c.dir/rosidl_typesupport_introspection_c/project_interfaces/msg/detail/update__type_support.c.o[0m
[10.876s] [ 60%] [32mBuilding C object CMakeFiles/project_interfaces__rosidl_typesupport_introspection_c.dir/rosidl_typesupport_introspection_c/project_interfaces/msg/detail/state__type_support.c.o[0m
[10.957s] [ 62%] [32mBuilding C object CMakeFiles/project_interfaces__rosidl_typesupport_introspection_c.dir/rosidl_typesupport_introspection_c/project_interfaces/msg/detail/mp_cprediction__type_support.c.o[0m
[11.045s] [ 64%] [32mBuilding CXX object CMakeFiles/project_interfaces__rosidl_typesupport_cpp.dir/rosidl_typesupport_cpp/project_interfaces/msg/mp_cprediction__type_support.cpp.o[0m
[11.076s] [ 65%] [32m[1mLinking C shared library libproject_interfaces__rosidl_typesupport_introspection_c.so[0m
[11.133s] [ 67%] [32mBuilding CXX object CMakeFiles/project_interfaces__rosidl_typesupport_fastrtps_cpp.dir/rosidl_typesupport_fastrtps_cpp/project_interfaces/msg/detail/dds_fastrtps/state__type_support.cpp.o[0m
[11.154s] [ 68%] [32mBuilding CXX object CMakeFiles/project_interfaces__rosidl_typesupport_fastrtps_cpp.dir/rosidl_typesupport_fastrtps_cpp/project_interfaces/msg/detail/dds_fastrtps/update__type_support.cpp.o[0m
[11.182s] [ 68%] Built target project_interfaces__rosidl_typesupport_introspection_c
[11.232s] [ 70%] [32mBuilding CXX object CMakeFiles/project_interfaces__rosidl_typesupport_fastrtps_c.dir/rosidl_typesupport_fastrtps_c/project_interfaces/msg/detail/state__type_support_c.cpp.o[0m
[11.388s] [ 71%] [32m[1mLinking CXX shared library libproject_interfaces__rosidl_typesupport_introspection_cpp.so[0m
[11.587s] [ 73%] [32mBuilding CXX object CMakeFiles/project_interfaces__rosidl_typesupport_fastrtps_c.dir/rosidl_typesupport_fastrtps_c/project_interfaces/msg/detail/mp_cprediction__type_support_c.cpp.o[0m
[11.639s] [ 75%] [32m[1mLinking CXX shared library libproject_interfaces__rosidl_typesupport_cpp.so[0m
[11.714s] [ 75%] Built target project_interfaces__rosidl_typesupport_introspection_cpp
[11.742s] [ 76%] [32mBuilding CXX object CMakeFiles/project_interfaces__rosidl_typesupport_fastrtps_cpp.dir/rosidl_typesupport_fastrtps_cpp/project_interfaces/msg/detail/dds_fastrtps/mp_cprediction__type_support.cpp.o[0m
[11.817s] [ 76%] Built target project_interfaces__rosidl_typesupport_cpp
[12.653s] [ 78%] [32m[1mLinking CXX shared library libproject_interfaces__rosidl_typesupport_fastrtps_c.so[0m
[12.897s] [ 79%] [32m[1mLinking CXX shared library libproject_interfaces__rosidl_typesupport_fastrtps_cpp.so[0m
[12.937s] [ 79%] Built target project_interfaces__rosidl_typesupport_fastrtps_c
[13.173s] [ 79%] Built target project_interfaces__rosidl_typesupport_fastrtps_cpp
[13.224s] [ 79%] Built target project_interfaces
[13.278s] [ 81%] [34m[1mGenerating Python code for ROS interfaces[0m
[15.212s] [ 81%] Built target project_interfaces__py
[15.263s] [ 82%] [32mBuilding C object CMakeFiles/project_interfaces__rosidl_generator_py.dir/rosidl_generator_py/project_interfaces/msg/_measurement_s.c.o[0m
[15.265s] [ 84%] [32mBuilding C object CMakeFiles/project_interfaces__rosidl_generator_py.dir/rosidl_generator_py/project_interfaces/msg/_landmark_s.c.o[0m
[15.272s] [ 85%] [32mBuilding C object CMakeFiles/project_interfaces__rosidl_generator_py.dir/rosidl_generator_py/project_interfaces/msg/_update_s.c.o[0m
[15.280s] [ 87%] [32mBuilding C object CMakeFiles/project_interfaces__rosidl_generator_py.dir/rosidl_generator_py/project_interfaces/msg/_state_s.c.o[0m
[15.282s] [ 89%] [32mBuilding C object CMakeFiles/project_interfaces__rosidl_generator_py.dir/rosidl_generator_py/project_interfaces/msg/_mp_cprediction_s.c.o[0m
[15.592s] [ 90%] [32m[1mLinking C shared library rosidl_generator_py/project_interfaces/libproject_interfaces__rosidl_generator_py.so[0m
[15.686s] [ 90%] Built target project_interfaces__rosidl_generator_py
[15.734s] [ 93%] [32mBuilding C object CMakeFiles/project_interfaces__rosidl_typesupport_introspection_c__pyext.dir/rosidl_generator_py/project_interfaces/_project_interfaces_s.ep.rosidl_typesupport_introspection_c.c.o[0m
[15.734s] [ 93%] [32mBuilding C object CMakeFiles/project_interfaces__rosidl_typesupport_fastrtps_c__pyext.dir/rosidl_generator_py/project_interfaces/_project_interfaces_s.ep.rosidl_typesupport_fastrtps_c.c.o[0m
[15.742s] [ 95%] [32mBuilding C object CMakeFiles/project_interfaces__rosidl_typesupport_c__pyext.dir/rosidl_generator_py/project_interfaces/_project_interfaces_s.ep.rosidl_typesupport_c.c.o[0m
[15.918s] [ 96%] [32m[1mLinking C shared library rosidl_generator_py/project_interfaces/project_interfaces_s__rosidl_typesupport_c.cpython-310-x86_64-linux-gnu.so[0m
[15.977s] [ 98%] [32m[1mLinking C shared library rosidl_generator_py/project_interfaces/project_interfaces_s__rosidl_typesupport_fastrtps_c.cpython-310-x86_64-linux-gnu.so[0m
[16.016s] [ 98%] Built target project_interfaces__rosidl_typesupport_c__pyext
[16.017s] [100%] [32m[1mLinking C shared library rosidl_generator_py/project_interfaces/project_interfaces_s__rosidl_typesupport_introspection_c.cpython-310-x86_64-linux-gnu.so[0m
[16.067s] [100%] Built target project_interfaces__rosidl_typesupport_fastrtps_c__pyext
[16.105s] [100%] Built target project_interfaces__rosidl_typesupport_introspection_c__pyext
[16.139s] Invoked command in '/home/marco/marco/uni/magistrale/IDS_project/build/project_interfaces' returned '0': CMAKE_PREFIX_PATH=${CMAKE_PREFIX_PATH}:/home/marco/marco/uni/magistrale/IDS_project/ros2_ws/install/vision:/home/marco/marco/uni/magistrale/IDS_project/ros2_ws/install/simulation:/home/marco/marco/uni/magistrale/IDS_project/ros2_ws/install/plots:/home/marco/marco/uni/magistrale/IDS_project/ros2_ws/install/localization:/home/marco/marco/uni/magistrale/IDS_project/ros2_ws/install/limo_description:/home/marco/marco/uni/magistrale/IDS_project/ros2_ws/install/limo_control:/opt/ros/humble /usr/bin/cmake --build /home/marco/marco/uni/magistrale/IDS_project/build/project_interfaces -- -j8 -l8
[16.163s] Invoking command in '/home/marco/marco/uni/magistrale/IDS_project/build/project_interfaces': CMAKE_PREFIX_PATH=${CMAKE_PREFIX_PATH}:/home/marco/marco/uni/magistrale/IDS_project/ros2_ws/install/vision:/home/marco/marco/uni/magistrale/IDS_project/ros2_ws/install/simulation:/home/marco/marco/uni/magistrale/IDS_project/ros2_ws/install/plots:/home/marco/marco/uni/magistrale/IDS_project/ros2_ws/install/localization:/home/marco/marco/uni/magistrale/IDS_project/ros2_ws/install/limo_description:/home/marco/marco/uni/magistrale/IDS_project/ros2_ws/install/limo_control:/opt/ros/humble /usr/bin/cmake --install /home/marco/marco/uni/magistrale/IDS_project/build/project_interfaces
[16.185s] -- Install configuration: ""
[16.185s] -- Installing: /home/marco/marco/uni/magistrale/IDS_project/install/project_interfaces/share/ament_index/resource_index/rosidl_interfaces/project_interfaces
[16.185s] -- Installing: /home/marco/marco/uni/magistrale/IDS_project/install/project_interfaces/include/project_interfaces/project_interfaces
[16.185s] -- Installing: /home/marco/marco/uni/magistrale/IDS_project/install/project_interfaces/include/project_interfaces/project_interfaces/msg
[16.185s] -- Installing: /home/marco/marco/uni/magistrale/IDS_project/install/project_interfaces/include/project_interfaces/project_interfaces/msg/measurement.h
[16.186s] -- Installing: /home/marco/marco/uni/magistrale/IDS_project/install/project_interfaces/include/project_interfaces/project_interfaces/msg/state.h
[16.187s] -- Installing: /home/marco/marco/uni/magistrale/IDS_project/install/project_interfaces/include/project_interfaces/project_interfaces/msg/mp_cprediction.h
[16.187s] -- Installing: /home/marco/marco/uni/magistrale/IDS_project/install/project_interfaces/include/project_interfaces/project_interfaces/msg/detail
[16.187s] -- Installing: /home/marco/marco/uni/magistrale/IDS_project/install/project_interfaces/include/project_interfaces/project_interfaces/msg/detail/landmark__type_support.h
[16.188s] -- Installing: /home/marco/marco/uni/magistrale/IDS_project/install/project_interfaces/include/project_interfaces/project_interfaces/msg/detail/landmark__functions.h
[16.188s] -- Installing: /home/marco/marco/uni/magistrale/IDS_project/install/project_interfaces/include/project_interfaces/project_interfaces/msg/detail/state__functions.h
[16.189s] -- Installing: /home/marco/marco/uni/magistrale/IDS_project/install/project_interfaces/include/project_interfaces/project_interfaces/msg/detail/measurement__functions.h
[16.192s] -- Installing: /home/marco/marco/uni/magistrale/IDS_project/install/project_interfaces/include/project_interfaces/project_interfaces/msg/detail/state__struct.h
[16.192s] -- Installing: /home/marco/marco/uni/magistrale/IDS_project/install/project_interfaces/include/project_interfaces/project_interfaces/msg/detail/landmark__functions.c
[16.192s] -- Installing: /home/marco/marco/uni/magistrale/IDS_project/install/project_interfaces/include/project_interfaces/project_interfaces/msg/detail/mp_cprediction__functions.h
[16.197s] -- Installing: /home/marco/marco/uni/magistrale/IDS_project/install/project_interfaces/include/project_interfaces/project_interfaces/msg/detail/measurement__functions.c
[16.197s] -- Installing: /home/marco/marco/uni/magistrale/IDS_project/install/project_interfaces/include/project_interfaces/project_interfaces/msg/detail/measurement__type_support.h
[16.197s] -- Installing: /home/marco/marco/uni/magistrale/IDS_project/install/project_interfaces/include/project_interfaces/project_interfaces/msg/detail/mp_cprediction__functions.c
[16.197s] -- Installing: /home/marco/marco/uni/magistrale/IDS_project/install/project_interfaces/include/project_interfaces/project_interfaces/msg/detail/update__functions.h
[16.197s] -- Installing: /home/marco/marco/uni/magistrale/IDS_project/install/project_interfaces/include/project_interfaces/project_interfaces/msg/detail/state__type_support.h
[16.197s] -- Installing: /home/marco/marco/uni/magistrale/IDS_project/install/project_interfaces/include/project_interfaces/project_interfaces/msg/detail/mp_cprediction__struct.h
[16.197s] -- Installing: /home/marco/marco/uni/magistrale/IDS_project/install/project_interfaces/include/project_interfaces/project_interfaces/msg/detail/update__functions.c
[16.199s] -- Installing: /home/marco/marco/uni/magistrale/IDS_project/install/project_interfaces/include/project_interfaces/project_interfaces/msg/detail/measurement__struct.h
[16.200s] -- Installing: /home/marco/marco/uni/magistrale/IDS_project/install/project_interfaces/include/project_interfaces/project_interfaces/msg/detail/update__type_support.h
[16.200s] -- Installing: /home/marco/marco/uni/magistrale/IDS_project/install/project_interfaces/include/project_interfaces/project_interfaces/msg/detail/update__struct.h
[16.200s] -- Installing: /home/marco/marco/uni/magistrale/IDS_project/install/project_interfaces/include/project_interfaces/project_interfaces/msg/detail/landmark__struct.h
[16.201s] -- Installing: /home/marco/marco/uni/magistrale/IDS_project/install/project_interfaces/include/project_interfaces/project_interfaces/msg/detail/state__functions.c
[16.201s] -- Installing: /home/marco/marco/uni/magistrale/IDS_project/install/project_interfaces/include/project_interfaces/project_interfaces/msg/detail/mp_cprediction__type_support.h
[16.201s] -- Installing: /home/marco/marco/uni/magistrale/IDS_project/install/project_interfaces/include/project_interfaces/project_interfaces/msg/update.h
[16.202s] -- Installing: /home/marco/marco/uni/magistrale/IDS_project/install/project_interfaces/include/project_interfaces/project_interfaces/msg/landmark.h
[16.202s] -- Installing: /home/marco/marco/uni/magistrale/IDS_project/install/project_interfaces/include/project_interfaces/project_interfaces/msg/rosidl_generator_c__visibility_control.h
[16.207s] -- Installing: /home/marco/marco/uni/magistrale/IDS_project/install/project_interfaces/share/project_interfaces/environment/library_path.sh
[16.207s] -- Installing: /home/marco/marco/uni/magistrale/IDS_project/install/project_interfaces/share/project_interfaces/environment/library_path.dsv
[16.207s] -- Installing: /home/marco/marco/uni/magistrale/IDS_project/install/project_interfaces/lib/libproject_interfaces__rosidl_generator_c.so
[16.207s] -- Set runtime path of "/home/marco/marco/uni/magistrale/IDS_project/install/project_interfaces/lib/libproject_interfaces__rosidl_generator_c.so" to ""
[16.208s] -- Up-to-date: /home/marco/marco/uni/magistrale/IDS_project/install/project_interfaces/include/project_interfaces/project_interfaces
[16.208s] -- Up-to-date: /home/marco/marco/uni/magistrale/IDS_project/install/project_interfaces/include/project_interfaces/project_interfaces/msg
[16.208s] -- Up-to-date: /home/marco/marco/uni/magistrale/IDS_project/install/project_interfaces/include/project_interfaces/project_interfaces/msg/detail
[16.208s] -- Installing: /home/marco/marco/uni/magistrale/IDS_project/install/project_interfaces/include/project_interfaces/project_interfaces/msg/detail/measurement__rosidl_typesupport_fastrtps_c.h
[16.215s] -- Installing: /home/marco/marco/uni/magistrale/IDS_project/install/project_interfaces/include/project_interfaces/project_interfaces/msg/detail/landmark__rosidl_typesupport_fastrtps_c.h
[16.215s] -- Installing: /home/marco/marco/uni/magistrale/IDS_project/install/project_interfaces/include/project_interfaces/project_interfaces/msg/detail/mp_cprediction__rosidl_typesupport_fastrtps_c.h
[16.215s] -- Installing: /home/marco/marco/uni/magistrale/IDS_project/install/project_interfaces/include/project_interfaces/project_interfaces/msg/detail/update__rosidl_typesupport_fastrtps_c.h
[16.215s] -- Installing: /home/marco/marco/uni/magistrale/IDS_project/install/project_interfaces/include/project_interfaces/project_interfaces/msg/detail/state__rosidl_typesupport_fastrtps_c.h
[16.215s] -- Installing: /home/marco/marco/uni/magistrale/IDS_project/install/project_interfaces/include/project_interfaces/project_interfaces/msg/rosidl_typesupport_fastrtps_c__visibility_control.h
[16.215s] -- Installing: /home/marco/marco/uni/magistrale/IDS_project/install/project_interfaces/lib/libproject_interfaces__rosidl_typesupport_fastrtps_c.so
[16.215s] -- Set runtime path of "/home/marco/marco/uni/magistrale/IDS_project/install/project_interfaces/lib/libproject_interfaces__rosidl_typesupport_fastrtps_c.so" to ""
[16.215s] -- Up-to-date: /home/marco/marco/uni/magistrale/IDS_project/install/project_interfaces/include/project_interfaces/project_interfaces
[16.215s] -- Up-to-date: /home/marco/marco/uni/magistrale/IDS_project/install/project_interfaces/include/project_interfaces/project_interfaces/msg
[16.215s] -- Up-to-date: /home/marco/marco/uni/magistrale/IDS_project/install/project_interfaces/include/project_interfaces/project_interfaces/msg/detail
[16.216s] -- Installing: /home/marco/marco/uni/magistrale/IDS_project/install/project_interfaces/include/project_interfaces/project_interfaces/msg/detail/landmark__rosidl_typesupport_introspection_c.h
[16.216s] -- Installing: /home/marco/marco/uni/magistrale/IDS_project/install/project_interfaces/include/project_interfaces/project_interfaces/msg/detail/measurement__type_support.c
[16.216s] -- Installing: /home/marco/marco/uni/magistrale/IDS_project/install/project_interfaces/include/project_interfaces/project_interfaces/msg/detail/landmark__type_support.c
[16.221s] -- Installing: /home/marco/marco/uni/magistrale/IDS_project/install/project_interfaces/include/project_interfaces/project_interfaces/msg/detail/update__rosidl_typesupport_introspection_c.h
[16.221s] -- Installing: /home/marco/marco/uni/magistrale/IDS_project/install/project_interfaces/include/project_interfaces/project_interfaces/msg/detail/state__type_support.c
[16.221s] -- Installing: /home/marco/marco/uni/magistrale/IDS_project/install/project_interfaces/include/project_interfaces/project_interfaces/msg/detail/mp_cprediction__rosidl_typesupport_introspection_c.h
[16.221s] -- Installing: /home/marco/marco/uni/magistrale/IDS_project/install/project_interfaces/include/project_interfaces/project_interfaces/msg/detail/mp_cprediction__type_support.c
[16.221s] -- Installing: /home/marco/marco/uni/magistrale/IDS_project/install/project_interfaces/include/project_interfaces/project_interfaces/msg/detail/measurement__rosidl_typesupport_introspection_c.h
[16.221s] -- Installing: /home/marco/marco/uni/magistrale/IDS_project/install/project_interfaces/include/project_interfaces/project_interfaces/msg/detail/state__rosidl_typesupport_introspection_c.h
[16.221s] -- Installing: /home/marco/marco/uni/magistrale/IDS_project/install/project_interfaces/include/project_interfaces/project_interfaces/msg/detail/update__type_support.c
[16.222s] -- Installing: /home/marco/marco/uni/magistrale/IDS_project/install/project_interfaces/include/project_interfaces/project_interfaces/msg/rosidl_typesupport_introspection_c__visibility_control.h
[16.222s] -- Installing: /home/marco/marco/uni/magistrale/IDS_project/install/project_interfaces/lib/libproject_interfaces__rosidl_typesupport_introspection_c.so
[16.222s] -- Set runtime path of "/home/marco/marco/uni/magistrale/IDS_project/install/project_interfaces/lib/libproject_interfaces__rosidl_typesupport_introspection_c.so" to ""
[16.224s] -- Installing: /home/marco/marco/uni/magistrale/IDS_project/install/project_interfaces/lib/libproject_interfaces__rosidl_typesupport_c.so
[16.224s] -- Set runtime path of "/home/marco/marco/uni/magistrale/IDS_project/install/project_interfaces/lib/libproject_interfaces__rosidl_typesupport_c.so" to ""
[16.224s] -- Up-to-date: /home/marco/marco/uni/magistrale/IDS_project/install/project_interfaces/include/project_interfaces/project_interfaces
[16.224s] -- Up-to-date: /home/marco/marco/uni/magistrale/IDS_project/install/project_interfaces/include/project_interfaces/project_interfaces/msg
[16.224s] -- Up-to-date: /home/marco/marco/uni/magistrale/IDS_project/install/project_interfaces/include/project_interfaces/project_interfaces/msg/detail
[16.224s] -- Installing: /home/marco/marco/uni/magistrale/IDS_project/install/project_interfaces/include/project_interfaces/project_interfaces/msg/detail/state__struct.hpp
[16.225s] -- Installing: /home/marco/marco/uni/magistrale/IDS_project/install/project_interfaces/include/project_interfaces/project_interfaces/msg/detail/state__traits.hpp
[16.225s] -- Installing: /home/marco/marco/uni/magistrale/IDS_project/install/project_interfaces/include/project_interfaces/project_interfaces/msg/detail/landmark__type_support.hpp
[16.225s] -- Installing: /home/marco/marco/uni/magistrale/IDS_project/install/project_interfaces/include/project_interfaces/project_interfaces/msg/detail/update__type_support.hpp
[16.225s] -- Installing: /home/marco/marco/uni/magistrale/IDS_project/install/project_interfaces/include/project_interfaces/project_interfaces/msg/detail/state__builder.hpp
[16.226s] -- Installing: /home/marco/marco/uni/magistrale/IDS_project/install/project_interfaces/include/project_interfaces/project_interfaces/msg/detail/measurement__type_support.hpp
[16.226s] -- Installing: /home/marco/marco/uni/magistrale/IDS_project/install/project_interfaces/include/project_interfaces/project_interfaces/msg/detail/state__type_support.hpp
[16.230s] -- Installing: /home/marco/marco/uni/magistrale/IDS_project/install/project_interfaces/include/project_interfaces/project_interfaces/msg/detail/landmark__builder.hpp
[16.231s] -- Installing: /home/marco/marco/uni/magistrale/IDS_project/install/project_interfaces/include/project_interfaces/project_interfaces/msg/detail/mp_cprediction__builder.hpp
[16.231s] -- Installing: /home/marco/marco/uni/magistrale/IDS_project/install/project_interfaces/include/project_interfaces/project_interfaces/msg/detail/mp_cprediction__struct.hpp
[16.231s] -- Installing: /home/marco/marco/uni/magistrale/IDS_project/install/project_interfaces/include/project_interfaces/project_interfaces/msg/detail/mp_cprediction__type_support.hpp
[16.231s] -- Installing: /home/marco/marco/uni/magistrale/IDS_project/install/project_interfaces/include/project_interfaces/project_interfaces/msg/detail/update__builder.hpp
[16.231s] -- Installing: /home/marco/marco/uni/magistrale/IDS_project/install/project_interfaces/include/project_interfaces/project_interfaces/msg/detail/update__traits.hpp
[16.231s] -- Installing: /home/marco/marco/uni/magistrale/IDS_project/install/project_interfaces/include/project_interfaces/project_interfaces/msg/detail/mp_cprediction__traits.hpp
[16.231s] -- Installing: /home/marco/marco/uni/magistrale/IDS_project/install/project_interfaces/include/project_interfaces/project_interfaces/msg/detail/landmark__traits.hpp
[16.231s] -- Installing: /home/marco/marco/uni/magistrale/IDS_project/install/project_interfaces/include/project_interfaces/project_interfaces/msg/detail/landmark__struct.hpp
[16.235s] -- Installing: /home/marco/marco/uni/magistrale/IDS_project/install/project_interfaces/include/project_interfaces/project_interfaces/msg/detail/measurement__struct.hpp
[16.235s] -- Installing: /home/marco/marco/uni/magistrale/IDS_project/install/project_interfaces/include/project_interfaces/project_interfaces/msg/detail/update__struct.hpp
[16.235s] -- Installing: /home/marco/marco/uni/magistrale/IDS_project/install/project_interfaces/include/project_interfaces/project_interfaces/msg/detail/measurement__traits.hpp
[16.235s] -- Installing: /home/marco/marco/uni/magistrale/IDS_project/install/project_interfaces/include/project_interfaces/project_interfaces/msg/detail/measurement__builder.hpp
[16.235s] -- Installing: /home/marco/marco/uni/magistrale/IDS_project/install/project_interfaces/include/project_interfaces/project_interfaces/msg/update.hpp
[16.235s] -- Installing: /home/marco/marco/uni/magistrale/IDS_project/install/project_interfaces/include/project_interfaces/project_interfaces/msg/measurement.hpp
[16.235s] -- Installing: /home/marco/marco/uni/magistrale/IDS_project/install/project_interfaces/include/project_interfaces/project_interfaces/msg/rosidl_generator_cpp__visibility_control.hpp
[16.235s] -- Installing: /home/marco/marco/uni/magistrale/IDS_project/install/project_interfaces/include/project_interfaces/project_interfaces/msg/mp_cprediction.hpp
[16.235s] -- Installing: /home/marco/marco/uni/magistrale/IDS_project/install/project_interfaces/include/project_interfaces/project_interfaces/msg/state.hpp
[16.236s] -- Installing: /home/marco/marco/uni/magistrale/IDS_project/install/project_interfaces/include/project_interfaces/project_interfaces/msg/landmark.hpp
[16.236s] -- Up-to-date: /home/marco/marco/uni/magistrale/IDS_project/install/project_interfaces/include/project_interfaces/project_interfaces
[16.236s] -- Up-to-date: /home/marco/marco/uni/magistrale/IDS_project/install/project_interfaces/include/project_interfaces/project_interfaces/msg
[16.236s] -- Up-to-date: /home/marco/marco/uni/magistrale/IDS_project/install/project_interfaces/include/project_interfaces/project_interfaces/msg/detail
[16.236s] -- Installing: /home/marco/marco/uni/magistrale/IDS_project/install/project_interfaces/include/project_interfaces/project_interfaces/msg/detail/landmark__rosidl_typesupport_fastrtps_cpp.hpp
[16.236s] -- Installing: /home/marco/marco/uni/magistrale/IDS_project/install/project_interfaces/include/project_interfaces/project_interfaces/msg/detail/mp_cprediction__rosidl_typesupport_fastrtps_cpp.hpp
[16.236s] -- Installing: /home/marco/marco/uni/magistrale/IDS_project/install/project_interfaces/include/project_interfaces/project_interfaces/msg/detail/state__rosidl_typesupport_fastrtps_cpp.hpp
[16.236s] -- Installing: /home/marco/marco/uni/magistrale/IDS_project/install/project_interfaces/include/project_interfaces/project_interfaces/msg/detail/update__rosidl_typesupport_fastrtps_cpp.hpp
[16.236s] -- Installing: /home/marco/marco/uni/magistrale/IDS_project/install/project_interfaces/include/project_interfaces/project_interfaces/msg/detail/dds_fastrtps
[16.237s] -- Installing: /home/marco/marco/uni/magistrale/IDS_project/install/project_interfaces/include/project_interfaces/project_interfaces/msg/detail/measurement__rosidl_typesupport_fastrtps_cpp.hpp
[16.237s] -- Installing: /home/marco/marco/uni/magistrale/IDS_project/install/project_interfaces/include/project_interfaces/project_interfaces/msg/rosidl_typesupport_fastrtps_cpp__visibility_control.h
[16.237s] -- Installing: /home/marco/marco/uni/magistrale/IDS_project/install/project_interfaces/lib/libproject_interfaces__rosidl_typesupport_fastrtps_cpp.so
[16.240s] -- Set runtime path of "/home/marco/marco/uni/magistrale/IDS_project/install/project_interfaces/lib/libproject_interfaces__rosidl_typesupport_fastrtps_cpp.so" to ""
[16.240s] -- Up-to-date: /home/marco/marco/uni/magistrale/IDS_project/install/project_interfaces/include/project_interfaces/project_interfaces
[16.240s] -- Up-to-date: /home/marco/marco/uni/magistrale/IDS_project/install/project_interfaces/include/project_interfaces/project_interfaces/msg
[16.240s] -- Up-to-date: /home/marco/marco/uni/magistrale/IDS_project/install/project_interfaces/include/project_interfaces/project_interfaces/msg/detail
[16.240s] -- Installing: /home/marco/marco/uni/magistrale/IDS_project/install/project_interfaces/include/project_interfaces/project_interfaces/msg/detail/landmark__rosidl_typesupport_introspection_cpp.hpp
[16.240s] -- Installing: /home/marco/marco/uni/magistrale/IDS_project/install/project_interfaces/include/project_interfaces/project_interfaces/msg/detail/mp_cprediction__type_support.cpp
[16.240s] -- Installing: /home/marco/marco/uni/magistrale/IDS_project/install/project_interfaces/include/project_interfaces/project_interfaces/msg/detail/state__type_support.cpp
[16.240s] -- Installing: /home/marco/marco/uni/magistrale/IDS_project/install/project_interfaces/include/project_interfaces/project_interfaces/msg/detail/update__rosidl_typesupport_introspection_cpp.hpp
[16.240s] -- Installing: /home/marco/marco/uni/magistrale/IDS_project/install/project_interfaces/include/project_interfaces/project_interfaces/msg/detail/measurement__type_support.cpp
[16.240s] -- Installing: /home/marco/marco/uni/magistrale/IDS_project/install/project_interfaces/include/project_interfaces/project_interfaces/msg/detail/update__type_support.cpp
[16.240s] -- Installing: /home/marco/marco/uni/magistrale/IDS_project/install/project_interfaces/include/project_interfaces/project_interfaces/msg/detail/measurement__rosidl_typesupport_introspection_cpp.hpp
[16.241s] -- Installing: /home/marco/marco/uni/magistrale/IDS_project/install/project_interfaces/include/project_interfaces/project_interfaces/msg/detail/mp_cprediction__rosidl_typesupport_introspection_cpp.hpp
[16.241s] -- Installing: /home/marco/marco/uni/magistrale/IDS_project/install/project_interfaces/include/project_interfaces/project_interfaces/msg/detail/landmark__type_support.cpp
[16.241s] -- Installing: /home/marco/marco/uni/magistrale/IDS_project/install/project_interfaces/include/project_interfaces/project_interfaces/msg/detail/state__rosidl_typesupport_introspection_cpp.hpp
[16.241s] -- Installing: /home/marco/marco/uni/magistrale/IDS_project/install/project_interfaces/lib/libproject_interfaces__rosidl_typesupport_introspection_cpp.so
[16.246s] -- Set runtime path of "/home/marco/marco/uni/magistrale/IDS_project/install/project_interfaces/lib/libproject_interfaces__rosidl_typesupport_introspection_cpp.so" to ""
[16.246s] -- Installing: /home/marco/marco/uni/magistrale/IDS_project/install/project_interfaces/lib/libproject_interfaces__rosidl_typesupport_cpp.so
[16.247s] -- Set runtime path of "/home/marco/marco/uni/magistrale/IDS_project/install/project_interfaces/lib/libproject_interfaces__rosidl_typesupport_cpp.so" to ""
[16.247s] -- Installing: /home/marco/marco/uni/magistrale/IDS_project/install/project_interfaces/share/project_interfaces/environment/pythonpath.sh
[16.247s] -- Installing: /home/marco/marco/uni/magistrale/IDS_project/install/project_interfaces/share/project_interfaces/environment/pythonpath.dsv
[16.247s] -- Installing: /home/marco/marco/uni/magistrale/IDS_project/install/project_interfaces/local/lib/python3.10/dist-packages/project_interfaces-0.0.0-py3.10.egg-info
[16.247s] -- Installing: /home/marco/marco/uni/magistrale/IDS_project/install/project_interfaces/local/lib/python3.10/dist-packages/project_interfaces-0.0.0-py3.10.egg-info/PKG-INFO
[16.247s] -- Installing: /home/marco/marco/uni/magistrale/IDS_project/install/project_interfaces/local/lib/python3.10/dist-packages/project_interfaces-0.0.0-py3.10.egg-info/dependency_links.txt
[16.247s] -- Installing: /home/marco/marco/uni/magistrale/IDS_project/install/project_interfaces/local/lib/python3.10/dist-packages/project_interfaces-0.0.0-py3.10.egg-info/top_level.txt
[16.247s] -- Installing: /home/marco/marco/uni/magistrale/IDS_project/install/project_interfaces/local/lib/python3.10/dist-packages/project_interfaces-0.0.0-py3.10.egg-info/SOURCES.txt
[16.248s] -- Installing: /home/marco/marco/uni/magistrale/IDS_project/install/project_interfaces/local/lib/python3.10/dist-packages/project_interfaces
[16.248s] -- Installing: /home/marco/marco/uni/magistrale/IDS_project/install/project_interfaces/local/lib/python3.10/dist-packages/project_interfaces/project_interfaces_s__rosidl_typesupport_introspection_c.cpython-310-x86_64-linux-gnu.so
[16.248s] -- Installing: /home/marco/marco/uni/magistrale/IDS_project/install/project_interfaces/local/lib/python3.10/dist-packages/project_interfaces/_project_interfaces_s.ep.rosidl_typesupport_fastrtps_c.c
[16.248s] -- Installing: /home/marco/marco/uni/magistrale/IDS_project/install/project_interfaces/local/lib/python3.10/dist-packages/project_interfaces/_project_interfaces_s.ep.rosidl_typesupport_c.c
[16.248s] -- Installing: /home/marco/marco/uni/magistrale/IDS_project/install/project_interfaces/local/lib/python3.10/dist-packages/project_interfaces/msg
[16.250s] -- Installing: /home/marco/marco/uni/magistrale/IDS_project/install/project_interfaces/local/lib/python3.10/dist-packages/project_interfaces/msg/_measurement.py
[16.250s] -- Installing: /home/marco/marco/uni/magistrale/IDS_project/install/project_interfaces/local/lib/python3.10/dist-packages/project_interfaces/msg/_mp_cprediction.py
[16.250s] -- Installing: /home/marco/marco/uni/magistrale/IDS_project/install/project_interfaces/local/lib/python3.10/dist-packages/project_interfaces/msg/_measurement_s.c
[16.250s] -- Installing: /home/marco/marco/uni/magistrale/IDS_project/install/project_interfaces/local/lib/python3.10/dist-packages/project_interfaces/msg/_update.py
[16.250s] -- Installing: /home/marco/marco/uni/magistrale/IDS_project/install/project_interfaces/local/lib/python3.10/dist-packages/project_interfaces/msg/_landmark_s.c
[16.250s] -- Installing: /home/marco/marco/uni/magistrale/IDS_project/install/project_interfaces/local/lib/python3.10/dist-packages/project_interfaces/msg/_update_s.c
[16.250s] -- Installing: /home/marco/marco/uni/magistrale/IDS_project/install/project_interfaces/local/lib/python3.10/dist-packages/project_interfaces/msg/_state_s.c
[16.250s] -- Installing: /home/marco/marco/uni/magistrale/IDS_project/install/project_interfaces/local/lib/python3.10/dist-packages/project_interfaces/msg/_landmark.py
[16.250s] -- Installing: /home/marco/marco/uni/magistrale/IDS_project/install/project_interfaces/local/lib/python3.10/dist-packages/project_interfaces/msg/_state.py
[16.250s] -- Installing: /home/marco/marco/uni/magistrale/IDS_project/install/project_interfaces/local/lib/python3.10/dist-packages/project_interfaces/msg/_mp_cprediction_s.c
[16.250s] -- Installing: /home/marco/marco/uni/magistrale/IDS_project/install/project_interfaces/local/lib/python3.10/dist-packages/project_interfaces/msg/__init__.py
[16.254s] -- Installing: /home/marco/marco/uni/magistrale/IDS_project/install/project_interfaces/local/lib/python3.10/dist-packages/project_interfaces/_project_interfaces_s.ep.rosidl_typesupport_introspection_c.c
[16.254s] -- Installing: /home/marco/marco/uni/magistrale/IDS_project/install/project_interfaces/local/lib/python3.10/dist-packages/project_interfaces/project_interfaces_s__rosidl_typesupport_fastrtps_c.cpython-310-x86_64-linux-gnu.so
[16.254s] -- Installing: /home/marco/marco/uni/magistrale/IDS_project/install/project_interfaces/local/lib/python3.10/dist-packages/project_interfaces/project_interfaces_s__rosidl_typesupport_c.cpython-310-x86_64-linux-gnu.so
[16.254s] -- Installing: /home/marco/marco/uni/magistrale/IDS_project/install/project_interfaces/local/lib/python3.10/dist-packages/project_interfaces/libproject_interfaces__rosidl_generator_py.so
[16.254s] -- Installing: /home/marco/marco/uni/magistrale/IDS_project/install/project_interfaces/local/lib/python3.10/dist-packages/project_interfaces/__init__.py
[16.396s] Listing '/home/marco/marco/uni/magistrale/IDS_project/install/project_interfaces/local/lib/python3.10/dist-packages/project_interfaces'...
[16.396s] Compiling '/home/marco/marco/uni/magistrale/IDS_project/install/project_interfaces/local/lib/python3.10/dist-packages/project_interfaces/__init__.py'...
[16.396s] Listing '/home/marco/marco/uni/magistrale/IDS_project/install/project_interfaces/local/lib/python3.10/dist-packages/project_interfaces/msg'...
[16.396s] Compiling '/home/marco/marco/uni/magistrale/IDS_project/install/project_interfaces/local/lib/python3.10/dist-packages/project_interfaces/msg/__init__.py'...
[16.396s] Compiling '/home/marco/marco/uni/magistrale/IDS_project/install/project_interfaces/local/lib/python3.10/dist-packages/project_interfaces/msg/_landmark.py'...
[16.396s] Compiling '/home/marco/marco/uni/magistrale/IDS_project/install/project_interfaces/local/lib/python3.10/dist-packages/project_interfaces/msg/_measurement.py'...
[16.396s] Compiling '/home/marco/marco/uni/magistrale/IDS_project/install/project_interfaces/local/lib/python3.10/dist-packages/project_interfaces/msg/_mp_cprediction.py'...
[16.396s] Compiling '/home/marco/marco/uni/magistrale/IDS_project/install/project_interfaces/local/lib/python3.10/dist-packages/project_interfaces/msg/_state.py'...
[16.396s] Compiling '/home/marco/marco/uni/magistrale/IDS_project/install/project_interfaces/local/lib/python3.10/dist-packages/project_interfaces/msg/_update.py'...
[16.406s] -- Installing: /home/marco/marco/uni/magistrale/IDS_project/install/project_interfaces/local/lib/python3.10/dist-packages/project_interfaces/project_interfaces_s__rosidl_typesupport_fastrtps_c.cpython-310-x86_64-linux-gnu.so
[16.406s] -- Set runtime path of "/home/marco/marco/uni/magistrale/IDS_project/install/project_interfaces/local/lib/python3.10/dist-packages/project_interfaces/project_interfaces_s__rosidl_typesupport_fastrtps_c.cpython-310-x86_64-linux-gnu.so" to ""
[16.406s] -- Installing: /home/marco/marco/uni/magistrale/IDS_project/install/project_interfaces/local/lib/python3.10/dist-packages/project_interfaces/project_interfaces_s__rosidl_typesupport_introspection_c.cpython-310-x86_64-linux-gnu.so
[16.406s] -- Set runtime path of "/home/marco/marco/uni/magistrale/IDS_project/install/project_interfaces/local/lib/python3.10/dist-packages/project_interfaces/project_interfaces_s__rosidl_typesupport_introspection_c.cpython-310-x86_64-linux-gnu.so" to ""
[16.406s] -- Installing: /home/marco/marco/uni/magistrale/IDS_project/install/project_interfaces/local/lib/python3.10/dist-packages/project_interfaces/project_interfaces_s__rosidl_typesupport_c.cpython-310-x86_64-linux-gnu.so
[16.406s] -- Set runtime path of "/home/marco/marco/uni/magistrale/IDS_project/install/project_interfaces/local/lib/python3.10/dist-packages/project_interfaces/project_interfaces_s__rosidl_typesupport_c.cpython-310-x86_64-linux-gnu.so" to ""
[16.406s] -- Installing: /home/marco/marco/uni/magistrale/IDS_project/install/project_interfaces/lib/libproject_interfaces__rosidl_generator_py.so
[16.406s] -- Set runtime path of "/home/marco/marco/uni/magistrale/IDS_project/install/project_interfaces/lib/libproject_interfaces__rosidl_generator_py.so" to ""
[16.406s] -- Installing: /home/marco/marco/uni/magistrale/IDS_project/install/project_interfaces/share/ament_index/resource_index/rust_packages/project_interfaces
[16.407s] -- Installing: /home/marco/marco/uni/magistrale/IDS_project/install/project_interfaces/share/project_interfaces/rust
[16.407s] -- Installing: /home/marco/marco/uni/magistrale/IDS_project/install/project_interfaces/share/project_interfaces/rust/build.rs
[16.407s] -- Installing: /home/marco/marco/uni/magistrale/IDS_project/install/project_interfaces/share/project_interfaces/rust/Cargo.toml
[16.407s] -- Installing: /home/marco/marco/uni/magistrale/IDS_project/install/project_interfaces/share/project_interfaces/rust/src
[16.407s] -- Installing: /home/marco/marco/uni/magistrale/IDS_project/install/project_interfaces/share/project_interfaces/rust/src/lib.rs
[16.407s] -- Installing: /home/marco/marco/uni/magistrale/IDS_project/install/project_interfaces/share/project_interfaces/rust/src/msg
[16.407s] -- Installing: /home/marco/marco/uni/magistrale/IDS_project/install/project_interfaces/share/project_interfaces/rust/src/msg/rmw.rs
[16.408s] -- Installing: /home/marco/marco/uni/magistrale/IDS_project/install/project_interfaces/share/project_interfaces/rust/src/msg.rs
[16.408s] -- Installing: /home/marco/marco/uni/magistrale/IDS_project/install/project_interfaces/share/project_interfaces/msg/Measurement.idl
[16.409s] -- Installing: /home/marco/marco/uni/magistrale/IDS_project/install/project_interfaces/share/project_interfaces/msg/Landmark.idl
[16.409s] -- Installing: /home/marco/marco/uni/magistrale/IDS_project/install/project_interfaces/share/project_interfaces/msg/Update.idl
[16.410s] -- Installing: /home/marco/marco/uni/magistrale/IDS_project/install/project_interfaces/share/project_interfaces/msg/State.idl
[16.410s] -- Installing: /home/marco/marco/uni/magistrale/IDS_project/install/project_interfaces/share/project_interfaces/msg/MPCprediction.idl
[16.411s] -- Installing: /home/marco/marco/uni/magistrale/IDS_project/install/project_interfaces/share/project_interfaces/msg/Measurement.msg
[16.411s] -- Installing: /home/marco/marco/uni/magistrale/IDS_project/install/project_interfaces/share/project_interfaces/msg/Landmark.msg
[16.412s] -- Installing: /home/marco/marco/uni/magistrale/IDS_project/install/project_interfaces/share/project_interfaces/msg/Update.msg
[16.412s] -- Installing: /home/marco/marco/uni/magistrale/IDS_project/install/project_interfaces/share/project_interfaces/msg/State.msg
[16.413s] -- Installing: /home/marco/marco/uni/magistrale/IDS_project/install/project_interfaces/share/project_interfaces/msg/MPCprediction.msg
[16.413s] -- Installing: /home/marco/marco/uni/magistrale/IDS_project/install/project_interfaces/share/ament_index/resource_index/package_run_dependencies/project_interfaces
[16.414s] -- Installing: /home/marco/marco/uni/magistrale/IDS_project/install/project_interfaces/share/ament_index/resource_index/parent_prefix_path/project_interfaces
[16.415s] -- Installing: /home/marco/marco/uni/magistrale/IDS_project/install/project_interfaces/share/project_interfaces/environment/ament_prefix_path.sh
[16.415s] -- Installing: /home/marco/marco/uni/magistrale/IDS_project/install/project_interfaces/share/project_interfaces/environment/ament_prefix_path.dsv
[16.415s] -- Installing: /home/marco/marco/uni/magistrale/IDS_project/install/project_interfaces/share/project_interfaces/environment/path.sh
[16.415s] -- Installing: /home/marco/marco/uni/magistrale/IDS_project/install/project_interfaces/share/project_interfaces/environment/path.dsv
[16.416s] -- Installing: /home/marco/marco/uni/magistrale/IDS_project/install/project_interfaces/share/project_interfaces/local_setup.bash
[16.416s] -- Installing: /home/marco/marco/uni/magistrale/IDS_project/install/project_interfaces/share/project_interfaces/local_setup.sh
[16.417s] -- Installing: /home/marco/marco/uni/magistrale/IDS_project/install/project_interfaces/share/project_interfaces/local_setup.zsh
[16.417s] -- Installing: /home/marco/marco/uni/magistrale/IDS_project/install/project_interfaces/share/project_interfaces/local_setup.dsv
[16.418s] -- Installing: /home/marco/marco/uni/magistrale/IDS_project/install/project_interfaces/share/project_interfaces/package.dsv
[16.418s] -- Installing: /home/marco/marco/uni/magistrale/IDS_project/install/project_interfaces/share/ament_index/resource_index/packages/project_interfaces
[16.419s] -- Installing: /home/marco/marco/uni/magistrale/IDS_project/install/project_interfaces/share/project_interfaces/cmake/export_project_interfaces__rosidl_generator_cExport.cmake
[16.419s] -- Installing: /home/marco/marco/uni/magistrale/IDS_project/install/project_interfaces/share/project_interfaces/cmake/export_project_interfaces__rosidl_generator_cExport-noconfig.cmake
[16.420s] -- Installing: /home/marco/marco/uni/magistrale/IDS_project/install/project_interfaces/share/project_interfaces/cmake/export_project_interfaces__rosidl_typesupport_fastrtps_cExport.cmake
[16.420s] -- Installing: /home/marco/marco/uni/magistrale/IDS_project/install/project_interfaces/share/project_interfaces/cmake/export_project_interfaces__rosidl_typesupport_fastrtps_cExport-noconfig.cmake
[16.421s] -- Installing: /home/marco/marco/uni/magistrale/IDS_project/install/project_interfaces/share/project_interfaces/cmake/project_interfaces__rosidl_typesupport_introspection_cExport.cmake
[16.421s] -- Installing: /home/marco/marco/uni/magistrale/IDS_project/install/project_interfaces/share/project_interfaces/cmake/project_interfaces__rosidl_typesupport_introspection_cExport-noconfig.cmake
[16.422s] -- Installing: /home/marco/marco/uni/magistrale/IDS_project/install/project_interfaces/share/project_interfaces/cmake/project_interfaces__rosidl_typesupport_cExport.cmake
[16.422s] -- Installing: /home/marco/marco/uni/magistrale/IDS_project/install/project_interfaces/share/project_interfaces/cmake/project_interfaces__rosidl_typesupport_cExport-noconfig.cmake
[16.423s] -- Installing: /home/marco/marco/uni/magistrale/IDS_project/install/project_interfaces/share/project_interfaces/cmake/export_project_interfaces__rosidl_generator_cppExport.cmake
[16.423s] -- Installing: /home/marco/marco/uni/magistrale/IDS_project/install/project_interfaces/share/project_interfaces/cmake/export_project_interfaces__rosidl_typesupport_fastrtps_cppExport.cmake
[16.424s] -- Installing: /home/marco/marco/uni/magistrale/IDS_project/install/project_interfaces/share/project_interfaces/cmake/export_project_interfaces__rosidl_typesupport_fastrtps_cppExport-noconfig.cmake
[16.424s] -- Installing: /home/marco/marco/uni/magistrale/IDS_project/install/project_interfaces/share/project_interfaces/cmake/project_interfaces__rosidl_typesupport_introspection_cppExport.cmake
[16.425s] -- Installing: /home/marco/marco/uni/magistrale/IDS_project/install/project_interfaces/share/project_interfaces/cmake/project_interfaces__rosidl_typesupport_introspection_cppExport-noconfig.cmake
[16.426s] -- Installing: /home/marco/marco/uni/magistrale/IDS_project/install/project_interfaces/share/project_interfaces/cmake/project_interfaces__rosidl_typesupport_cppExport.cmake
[16.426s] -- Installing: /home/marco/marco/uni/magistrale/IDS_project/install/project_interfaces/share/project_interfaces/cmake/project_interfaces__rosidl_typesupport_cppExport-noconfig.cmake
[16.427s] -- Installing: /home/marco/marco/uni/magistrale/IDS_project/install/project_interfaces/share/project_interfaces/cmake/export_project_interfaces__rosidl_generator_pyExport.cmake
[16.427s] -- Installing: /home/marco/marco/uni/magistrale/IDS_project/install/project_interfaces/share/project_interfaces/cmake/export_project_interfaces__rosidl_generator_pyExport-noconfig.cmake
[16.428s] -- Installing: /home/marco/marco/uni/magistrale/IDS_project/install/project_interfaces/share/project_interfaces/cmake/rosidl_cmake-extras.cmake
[16.428s] -- Installing: /home/marco/marco/uni/magistrale/IDS_project/install/project_interfaces/share/project_interfaces/cmake/ament_cmake_export_include_directories-extras.cmake
[16.429s] -- Installing: /home/marco/marco/uni/magistrale/IDS_project/install/project_interfaces/share/project_interfaces/cmake/ament_cmake_export_libraries-extras.cmake
[16.429s] -- Installing: /home/marco/marco/uni/magistrale/IDS_project/install/project_interfaces/share/project_interfaces/cmake/ament_cmake_export_targets-extras.cmake
[16.430s] -- Installing: /home/marco/marco/uni/magistrale/IDS_project/install/project_interfaces/share/project_interfaces/cmake/rosidl_cmake_export_typesupport_targets-extras.cmake
[16.430s] -- Installing: /home/marco/marco/uni/magistrale/IDS_project/install/project_interfaces/share/project_interfaces/cmake/ament_cmake_export_dependencies-extras.cmake
[16.430s] -- Installing: /home/marco/marco/uni/magistrale/IDS_project/install/project_interfaces/share/project_interfaces/cmake/rosidl_cmake_export_typesupport_libraries-extras.cmake
[16.431s] -- Installing: /home/marco/marco/uni/magistrale/IDS_project/install/project_interfaces/share/project_interfaces/cmake/project_interfacesConfig.cmake
[16.431s] -- Installing: /home/marco/marco/uni/magistrale/IDS_project/install/project_interfaces/share/project_interfaces/cmake/project_interfacesConfig-version.cmake
[16.432s] -- Installing: /home/marco/marco/uni/magistrale/IDS_project/install/project_interfaces/share/project_interfaces/package.xml
[16.438s] Invoked command in '/home/marco/marco/uni/magistrale/IDS_project/build/project_interfaces' returned '0': CMAKE_PREFIX_PATH=${CMAKE_PREFIX_PATH}:/home/marco/marco/uni/magistrale/IDS_project/ros2_ws/install/vision:/home/marco/marco/uni/magistrale/IDS_project/ros2_ws/install/simulation:/home/marco/marco/uni/magistrale/IDS_project/ros2_ws/install/plots:/home/marco/marco/uni/magistrale/IDS_project/ros2_ws/install/localization:/home/marco/marco/uni/magistrale/IDS_project/ros2_ws/install/limo_description:/home/marco/marco/uni/magistrale/IDS_project/ros2_ws/install/limo_control:/opt/ros/humble /usr/bin/cmake --install /home/marco/marco/uni/magistrale/IDS_project/build/project_interfaces
