[1.301s] Invoking command in '/home/marco/marco/uni/magistrale/IDS_project/ros2_ws/src/localization': PYTHONPATH=/home/marco/marco/uni/magistrale/IDS_project/build/localization/prefix_override:/usr/lib/python3/dist-packages/colcon_core/task/python/colcon_distutils_commands:/home/marco/marco/uni/magistrale/IDS_project/install/localization/lib/python3.10/site-packages:${PYTHONPATH} /usr/bin/python3 -W ignore:setup.py install is deprecated -W ignore:easy_install command is deprecated setup.py egg_info --egg-base ../../../build/localization build --build-base /home/marco/marco/uni/magistrale/IDS_project/build/localization/build install --record /home/marco/marco/uni/magistrale/IDS_project/build/localization/install.log --single-version-externally-managed install_data
[1.604s] running egg_info
[1.623s] creating ../../../build/localization/localization.egg-info
[1.624s] writing ../../../build/localization/localization.egg-info/PKG-INFO
[1.624s] writing dependency_links to ../../../build/localization/localization.egg-info/dependency_links.txt
[1.625s] writing entry points to ../../../build/localization/localization.egg-info/entry_points.txt
[1.627s] writing requirements to ../../../build/localization/localization.egg-info/requires.txt
[1.627s] writing top-level names to ../../../build/localization/localization.egg-info/top_level.txt
[1.627s] writing manifest file '../../../build/localization/localization.egg-info/SOURCES.txt'
[1.672s] reading manifest file '../../../build/localization/localization.egg-info/SOURCES.txt'
[1.672s] writing manifest file '../../../build/localization/localization.egg-info/SOURCES.txt'
[1.672s] running build
[1.672s] running build_py
[1.672s] creating /home/marco/marco/uni/magistrale/IDS_project/build/localization/build/lib/localization
[1.677s] copying localization/EKF_node.py -> /home/marco/marco/uni/magistrale/IDS_project/build/localization/build/lib/localization
[1.677s] copying localization/meas_model.py -> /home/marco/marco/uni/magistrale/IDS_project/build/localization/build/lib/localization
[1.677s] copying localization/agent_type.py -> /home/marco/marco/uni/magistrale/IDS_project/build/localization/build/lib/localization
[1.678s] copying localization/localization_system.py -> /home/marco/marco/uni/magistrale/IDS_project/build/localization/build/lib/localization
[1.678s] copying localization/__init__.py -> /home/marco/marco/uni/magistrale/IDS_project/build/localization/build/lib/localization
[1.678s] running install
[1.680s] running install_lib
[1.707s] creating /home/marco/marco/uni/magistrale/IDS_project/install/localization/lib/python3.10/site-packages/localization
[1.707s] copying /home/marco/marco/uni/magistrale/IDS_project/build/localization/build/lib/localization/EKF_node.py -> /home/marco/marco/uni/magistrale/IDS_project/install/localization/lib/python3.10/site-packages/localization
[1.708s] copying /home/marco/marco/uni/magistrale/IDS_project/build/localization/build/lib/localization/meas_model.py -> /home/marco/marco/uni/magistrale/IDS_project/install/localization/lib/python3.10/site-packages/localization
[1.708s] copying /home/marco/marco/uni/magistrale/IDS_project/build/localization/build/lib/localization/agent_type.py -> /home/marco/marco/uni/magistrale/IDS_project/install/localization/lib/python3.10/site-packages/localization
[1.708s] copying /home/marco/marco/uni/magistrale/IDS_project/build/localization/build/lib/localization/localization_system.py -> /home/marco/marco/uni/magistrale/IDS_project/install/localization/lib/python3.10/site-packages/localization
[1.708s] copying /home/marco/marco/uni/magistrale/IDS_project/build/localization/build/lib/localization/__init__.py -> /home/marco/marco/uni/magistrale/IDS_project/install/localization/lib/python3.10/site-packages/localization
[1.709s] byte-compiling /home/marco/marco/uni/magistrale/IDS_project/install/localization/lib/python3.10/site-packages/localization/EKF_node.py to EKF_node.cpython-310.pyc
[1.712s] byte-compiling /home/marco/marco/uni/magistrale/IDS_project/install/localization/lib/python3.10/site-packages/localization/meas_model.py to meas_model.cpython-310.pyc
[1.714s] byte-compiling /home/marco/marco/uni/magistrale/IDS_project/install/localization/lib/python3.10/site-packages/localization/agent_type.py to agent_type.cpython-310.pyc
[1.716s] byte-compiling /home/marco/marco/uni/magistrale/IDS_project/install/localization/lib/python3.10/site-packages/localization/localization_system.py to localization_system.cpython-310.pyc
[1.721s] byte-compiling /home/marco/marco/uni/magistrale/IDS_project/install/localization/lib/python3.10/site-packages/localization/__init__.py to __init__.cpython-310.pyc
[1.724s] running install_data
[1.724s] creating /home/marco/marco/uni/magistrale/IDS_project/install/localization/share/ament_index/resource_index/packages
[1.724s] copying resource/localization -> /home/marco/marco/uni/magistrale/IDS_project/install/localization/share/ament_index/resource_index/packages
[1.724s] copying package.xml -> /home/marco/marco/uni/magistrale/IDS_project/install/localization/share/localization
[1.724s] running install_egg_info
[1.752s] Copying ../../../build/localization/localization.egg-info to /home/marco/marco/uni/magistrale/IDS_project/install/localization/lib/python3.10/site-packages/localization-0.0.0-py3.10.egg-info
[1.756s] running install_scripts
[2.010s] Installing EKF_node script to /home/marco/marco/uni/magistrale/IDS_project/install/localization/lib/localization
[2.010s] writing list of installed files to '/home/marco/marco/uni/magistrale/IDS_project/build/localization/install.log'
[2.453s] Invoked command in '/home/marco/marco/uni/magistrale/IDS_project/ros2_ws/src/localization' returned '0': PYTHONPATH=/home/marco/marco/uni/magistrale/IDS_project/build/localization/prefix_override:/usr/lib/python3/dist-packages/colcon_core/task/python/colcon_distutils_commands:/home/marco/marco/uni/magistrale/IDS_project/install/localization/lib/python3.10/site-packages:${PYTHONPATH} /usr/bin/python3 -W ignore:setup.py install is deprecated -W ignore:easy_install command is deprecated setup.py egg_info --egg-base ../../../build/localization build --build-base /home/marco/marco/uni/magistrale/IDS_project/build/localization/build install --record /home/marco/marco/uni/magistrale/IDS_project/build/localization/install.log --single-version-externally-managed install_data
