[1.628s] Invoking command in '/home/marco/marco/uni/magistrale/IDS_project/ros2_ws/src/vision': PYTHONPATH=/home/marco/marco/uni/magistrale/IDS_project/build/vision/prefix_override:/usr/lib/python3/dist-packages/colcon_core/task/python/colcon_distutils_commands:/home/marco/marco/uni/magistrale/IDS_project/install/vision/lib/python3.10/site-packages:${PYTHONPATH} /usr/bin/python3 -W ignore:setup.py install is deprecated -W ignore:easy_install command is deprecated setup.py egg_info --egg-base ../../../build/vision build --build-base /home/marco/marco/uni/magistrale/IDS_project/build/vision/build install --record /home/marco/marco/uni/magistrale/IDS_project/build/vision/install.log --single-version-externally-managed install_data
[2.108s] running egg_info
[2.122s] creating ../../../build/vision/vision.egg-info
[2.122s] writing ../../../build/vision/vision.egg-info/PKG-INFO
[2.122s] writing dependency_links to ../../../build/vision/vision.egg-info/dependency_links.txt
[2.122s] writing entry points to ../../../build/vision/vision.egg-info/entry_points.txt
[2.122s] writing requirements to ../../../build/vision/vision.egg-info/requires.txt
[2.122s] writing top-level names to ../../../build/vision/vision.egg-info/top_level.txt
[2.122s] writing manifest file '../../../build/vision/vision.egg-info/SOURCES.txt'
[2.257s] reading manifest file '../../../build/vision/vision.egg-info/SOURCES.txt'
[2.260s] writing manifest file '../../../build/vision/vision.egg-info/SOURCES.txt'
[2.261s] running build
[2.261s] running build_py
[2.262s] creating /home/marco/marco/uni/magistrale/IDS_project/build/vision/build/lib/vision
[2.267s] copying vision/Vision_class.py -> /home/marco/marco/uni/magistrale/IDS_project/build/vision/build/lib/vision
[2.267s] copying vision/vision_node.py -> /home/marco/marco/uni/magistrale/IDS_project/build/vision/build/lib/vision
[2.267s] copying vision/__init__.py -> /home/marco/marco/uni/magistrale/IDS_project/build/vision/build/lib/vision
[2.267s] running install
[2.290s] running install_lib
[2.368s] creating /home/marco/marco/uni/magistrale/IDS_project/install/vision/lib/python3.10/site-packages/vision
[2.369s] copying /home/marco/marco/uni/magistrale/IDS_project/build/vision/build/lib/vision/Vision_class.py -> /home/marco/marco/uni/magistrale/IDS_project/install/vision/lib/python3.10/site-packages/vision
[2.370s] copying /home/marco/marco/uni/magistrale/IDS_project/build/vision/build/lib/vision/vision_node.py -> /home/marco/marco/uni/magistrale/IDS_project/install/vision/lib/python3.10/site-packages/vision
[2.370s] copying /home/marco/marco/uni/magistrale/IDS_project/build/vision/build/lib/vision/__init__.py -> /home/marco/marco/uni/magistrale/IDS_project/install/vision/lib/python3.10/site-packages/vision
[2.370s] byte-compiling /home/marco/marco/uni/magistrale/IDS_project/install/vision/lib/python3.10/site-packages/vision/Vision_class.py to Vision_class.cpython-310.pyc
[2.377s] byte-compiling /home/marco/marco/uni/magistrale/IDS_project/install/vision/lib/python3.10/site-packages/vision/vision_node.py to vision_node.cpython-310.pyc
[2.382s] byte-compiling /home/marco/marco/uni/magistrale/IDS_project/install/vision/lib/python3.10/site-packages/vision/__init__.py to __init__.cpython-310.pyc
[2.382s] running install_data
[2.383s] creating /home/marco/marco/uni/magistrale/IDS_project/install/vision/share/ament_index/resource_index/packages
[2.383s] copying resource/vision -> /home/marco/marco/uni/magistrale/IDS_project/install/vision/share/ament_index/resource_index/packages
[2.384s] copying package.xml -> /home/marco/marco/uni/magistrale/IDS_project/install/vision/share/vision
[2.384s] running install_egg_info
[2.408s] Copying ../../../build/vision/vision.egg-info to /home/marco/marco/uni/magistrale/IDS_project/install/vision/lib/python3.10/site-packages/vision-0.0.0-py3.10.egg-info
[2.413s] running install_scripts
[2.710s] Installing vision_node script to /home/marco/marco/uni/magistrale/IDS_project/install/vision/lib/vision
[2.711s] writing list of installed files to '/home/marco/marco/uni/magistrale/IDS_project/build/vision/install.log'
[2.839s] Invoked command in '/home/marco/marco/uni/magistrale/IDS_project/ros2_ws/src/vision' returned '0': PYTHONPATH=/home/marco/marco/uni/magistrale/IDS_project/build/vision/prefix_override:/usr/lib/python3/dist-packages/colcon_core/task/python/colcon_distutils_commands:/home/marco/marco/uni/magistrale/IDS_project/install/vision/lib/python3.10/site-packages:${PYTHONPATH} /usr/bin/python3 -W ignore:setup.py install is deprecated -W ignore:easy_install command is deprecated setup.py egg_info --egg-base ../../../build/vision build --build-base /home/marco/marco/uni/magistrale/IDS_project/build/vision/build install --record /home/marco/marco/uni/magistrale/IDS_project/build/vision/install.log --single-version-externally-managed install_data
