[0.022s] Invoking command in '/home/marco/marco/uni/magistrale/IDS_project/build/compressed_depth_image_transport': CMAKE_PREFIX_PATH=/opt/ros/humble /usr/bin/cmake /home/marco/marco/uni/magistrale/IDS_project/ros2_ws/src/image_transport_plugins/compressed_depth_image_transport -DCMAKE_INSTALL_PREFIX=/home/marco/marco/uni/magistrale/IDS_project/install/compressed_depth_image_transport
[0.766s] -- The C compiler identification is GNU 11.4.0
[0.767s] -- The CXX compiler identification is GNU 11.4.0
[0.767s] -- Detecting C compiler ABI info
[0.767s] -- Detecting C compiler ABI info - done
[0.767s] -- Check for working C compiler: /usr/bin/cc - skipped
[0.767s] -- Detecting C compile features
[0.767s] -- Detecting C compile features - done
[0.767s] -- Detecting CXX compiler ABI info
[0.767s] -- Detecting CXX compiler ABI info - done
[0.768s] -- Check for working CXX compiler: /usr/bin/c++ - skipped
[0.768s] -- Detecting CXX compile features
[0.768s] -- Detecting CXX compile features - done
[0.768s] -- Found ament_cmake: 1.3.14 (/opt/ros/humble/share/ament_cmake/cmake)
[0.768s] -- Found Python3: /usr/bin/python3 (found version "3.10.12") found components: Interpreter 
[0.768s] -- Found image_transport: 3.1.12 (/opt/ros/humble/share/image_transport/cmake)
[0.768s] -- Found rosidl_generator_c: 3.1.8 (/opt/ros/humble/share/rosidl_generator_c/cmake)
[0.769s] -- Found rosidl_adapter: 3.1.8 (/opt/ros/humble/share/rosidl_adapter/cmake)
[0.769s] -- Found rosidl_generator_cpp: 3.1.8 (/opt/ros/humble/share/rosidl_generator_cpp/cmake)
[0.773s] -- Using all available rosidl_typesupport_c: rosidl_typesupport_fastrtps_c;rosidl_typesupport_introspection_c
[0.784s] -- Using all available rosidl_typesupport_cpp: rosidl_typesupport_fastrtps_cpp;rosidl_typesupport_introspection_cpp
[0.856s] -- Found rmw_implementation_cmake: 6.1.2 (/opt/ros/humble/share/rmw_implementation_cmake/cmake)
[0.859s] -- Found rmw_fastrtps_cpp: 6.2.10 (/opt/ros/humble/share/rmw_fastrtps_cpp/cmake)
[0.982s] -- Found OpenSSL: /usr/lib/x86_64-linux-gnu/libcrypto.so (found version "3.0.2")  
[1.017s] -- Found FastRTPS: /opt/ros/humble/include  
[1.072s] -- Using RMW implementation 'rmw_fastrtps_cpp' as default
[1.086s] -- Looking for pthread.h
[1.180s] -- Looking for pthread.h - found
[1.180s] -- Performing Test CMAKE_HAVE_LIBC_PTHREAD
[1.269s] -- Performing Test CMAKE_HAVE_LIBC_PTHREAD - Success
[1.274s] -- Found Threads: TRUE  
[1.451s] -- Found cv_bridge: 3.2.1 (/opt/ros/humble/share/cv_bridge/cmake)
[1.470s] -- Found OpenCV: /usr (found version "4.5.4") 
[1.605s] -- Configuring done
[1.628s] -- Generating done
[1.632s] -- Build files have been written to: /home/marco/marco/uni/magistrale/IDS_project/build/compressed_depth_image_transport
[1.651s] Invoked command in '/home/marco/marco/uni/magistrale/IDS_project/build/compressed_depth_image_transport' returned '0': CMAKE_PREFIX_PATH=/opt/ros/humble /usr/bin/cmake /home/marco/marco/uni/magistrale/IDS_project/ros2_ws/src/image_transport_plugins/compressed_depth_image_transport -DCMAKE_INSTALL_PREFIX=/home/marco/marco/uni/magistrale/IDS_project/install/compressed_depth_image_transport
[1.653s] Invoking command in '/home/marco/marco/uni/magistrale/IDS_project/build/compressed_depth_image_transport': CMAKE_PREFIX_PATH=/opt/ros/humble /usr/bin/cmake --build /home/marco/marco/uni/magistrale/IDS_project/build/compressed_depth_image_transport -- -j8 -l8
[2.049s] [ 20%] [32mBuilding CXX object CMakeFiles/compressed_depth_image_transport.dir/src/compressed_depth_publisher.cpp.o[0m
[2.049s] [ 40%] [32mBuilding CXX object CMakeFiles/compressed_depth_image_transport.dir/src/codec.cpp.o[0m
[2.049s] [ 60%] [32mBuilding CXX object CMakeFiles/compressed_depth_image_transport.dir/src/compressed_depth_subscriber.cpp.o[0m
[2.050s] [ 80%] [32mBuilding CXX object CMakeFiles/compressed_depth_image_transport.dir/src/manifest.cpp.o[0m
[19.622s] [100%] [32m[1mLinking CXX shared library libcompressed_depth_image_transport.so[0m
[20.633s] [100%] Built target compressed_depth_image_transport
[20.649s] Invoked command in '/home/marco/marco/uni/magistrale/IDS_project/build/compressed_depth_image_transport' returned '0': CMAKE_PREFIX_PATH=/opt/ros/humble /usr/bin/cmake --build /home/marco/marco/uni/magistrale/IDS_project/build/compressed_depth_image_transport -- -j8 -l8
[20.652s] Invoking command in '/home/marco/marco/uni/magistrale/IDS_project/build/compressed_depth_image_transport': CMAKE_PREFIX_PATH=/opt/ros/humble /usr/bin/cmake --install /home/marco/marco/uni/magistrale/IDS_project/build/compressed_depth_image_transport
[20.662s] -- Install configuration: ""
[20.662s] -- Installing: /home/marco/marco/uni/magistrale/IDS_project/install/compressed_depth_image_transport/lib/libcompressed_depth_image_transport.so
[20.668s] -- Set runtime path of "/home/marco/marco/uni/magistrale/IDS_project/install/compressed_depth_image_transport/lib/libcompressed_depth_image_transport.so" to ""
[20.669s] -- Installing: /home/marco/marco/uni/magistrale/IDS_project/install/compressed_depth_image_transport/include
[20.669s] -- Installing: /home/marco/marco/uni/magistrale/IDS_project/install/compressed_depth_image_transport/include/compressed_depth_image_transport
[20.669s] -- Installing: /home/marco/marco/uni/magistrale/IDS_project/install/compressed_depth_image_transport/include/compressed_depth_image_transport/compression_common.h
[20.669s] -- Installing: /home/marco/marco/uni/magistrale/IDS_project/install/compressed_depth_image_transport/include/compressed_depth_image_transport/codec.h
[20.669s] -- Installing: /home/marco/marco/uni/magistrale/IDS_project/install/compressed_depth_image_transport/include/compressed_depth_image_transport/compressed_depth_subscriber.h
[20.669s] -- Installing: /home/marco/marco/uni/magistrale/IDS_project/install/compressed_depth_image_transport/include/compressed_depth_image_transport/compressed_depth_publisher.h
[20.669s] -- Installing: /home/marco/marco/uni/magistrale/IDS_project/install/compressed_depth_image_transport/share/compressed_depth_image_transport/compressed_depth_plugins.xml
[20.669s] -- Installing: /home/marco/marco/uni/magistrale/IDS_project/install/compressed_depth_image_transport/share/ament_index/resource_index/package_run_dependencies/compressed_depth_image_transport
[20.669s] -- Installing: /home/marco/marco/uni/magistrale/IDS_project/install/compressed_depth_image_transport/share/ament_index/resource_index/parent_prefix_path/compressed_depth_image_transport
[20.670s] -- Installing: /home/marco/marco/uni/magistrale/IDS_project/install/compressed_depth_image_transport/share/compressed_depth_image_transport/environment/ament_prefix_path.sh
[20.670s] -- Installing: /home/marco/marco/uni/magistrale/IDS_project/install/compressed_depth_image_transport/share/compressed_depth_image_transport/environment/ament_prefix_path.dsv
[20.670s] -- Installing: /home/marco/marco/uni/magistrale/IDS_project/install/compressed_depth_image_transport/share/compressed_depth_image_transport/environment/path.sh
[20.670s] -- Installing: /home/marco/marco/uni/magistrale/IDS_project/install/compressed_depth_image_transport/share/compressed_depth_image_transport/environment/path.dsv
[20.670s] -- Installing: /home/marco/marco/uni/magistrale/IDS_project/install/compressed_depth_image_transport/share/compressed_depth_image_transport/local_setup.bash
[20.670s] -- Installing: /home/marco/marco/uni/magistrale/IDS_project/install/compressed_depth_image_transport/share/compressed_depth_image_transport/local_setup.sh
[20.670s] -- Installing: /home/marco/marco/uni/magistrale/IDS_project/install/compressed_depth_image_transport/share/compressed_depth_image_transport/local_setup.zsh
[20.670s] -- Installing: /home/marco/marco/uni/magistrale/IDS_project/install/compressed_depth_image_transport/share/compressed_depth_image_transport/local_setup.dsv
[20.671s] -- Installing: /home/marco/marco/uni/magistrale/IDS_project/install/compressed_depth_image_transport/share/compressed_depth_image_transport/package.dsv
[20.671s] -- Installing: /home/marco/marco/uni/magistrale/IDS_project/install/compressed_depth_image_transport/share/ament_index/resource_index/packages/compressed_depth_image_transport
[20.671s] -- Installing: /home/marco/marco/uni/magistrale/IDS_project/install/compressed_depth_image_transport/share/ament_index/resource_index/image_transport__pluginlib__plugin/compressed_depth_image_transport
[20.671s] -- Installing: /home/marco/marco/uni/magistrale/IDS_project/install/compressed_depth_image_transport/share/compressed_depth_image_transport/cmake/compressed_depth_image_transportConfig.cmake
[20.671s] -- Installing: /home/marco/marco/uni/magistrale/IDS_project/install/compressed_depth_image_transport/share/compressed_depth_image_transport/cmake/compressed_depth_image_transportConfig-version.cmake
[20.671s] -- Installing: /home/marco/marco/uni/magistrale/IDS_project/install/compressed_depth_image_transport/share/compressed_depth_image_transport/package.xml
[20.675s] Invoked command in '/home/marco/marco/uni/magistrale/IDS_project/build/compressed_depth_image_transport' returned '0': CMAKE_PREFIX_PATH=/opt/ros/humble /usr/bin/cmake --install /home/marco/marco/uni/magistrale/IDS_project/build/compressed_depth_image_transport
