[1.878s] Invoking command in '/home/marco/marco/uni/magistrale/IDS_project/ros2_ws/src/localization': PYTHONPATH=/home/marco/marco/uni/magistrale/IDS_project/build/localization/prefix_override:/usr/lib/python3/dist-packages/colcon_core/task/python/colcon_distutils_commands:/home/marco/marco/uni/magistrale/IDS_project/install/localization/lib/python3.10/site-packages:${PYTHONPATH} /usr/bin/python3 -W ignore:setup.py install is deprecated -W ignore:easy_install command is deprecated setup.py egg_info --egg-base ../../../build/localization build --build-base /home/marco/marco/uni/magistrale/IDS_project/build/localization/build install --record /home/marco/marco/uni/magistrale/IDS_project/build/localization/install.log --single-version-externally-managed install_data
[2.541s] running egg_info
[2.541s] creating ../../../build/localization/localization.egg-info
[2.541s] writing ../../../build/localization/localization.egg-info/PKG-INFO
[2.541s] writing dependency_links to ../../../build/localization/localization.egg-info/dependency_links.txt
[2.541s] writing entry points to ../../../build/localization/localization.egg-info/entry_points.txt
[2.541s] writing requirements to ../../../build/localization/localization.egg-info/requires.txt
[2.541s] writing top-level names to ../../../build/localization/localization.egg-info/top_level.txt
[2.541s] writing manifest file '../../../build/localization/localization.egg-info/SOURCES.txt'
[2.541s] reading manifest file '../../../build/localization/localization.egg-info/SOURCES.txt'
[2.541s] writing manifest file '../../../build/localization/localization.egg-info/SOURCES.txt'
[2.541s] running build
[2.541s] running build_py
[2.542s] creating /home/marco/marco/uni/magistrale/IDS_project/build/localization/build/lib/localization
[2.542s] copying localization/EKF_node.py -> /home/marco/marco/uni/magistrale/IDS_project/build/localization/build/lib/localization
[2.542s] copying localization/meas_model.py -> /home/marco/marco/uni/magistrale/IDS_project/build/localization/build/lib/localization
[2.543s] copying localization/agent_type.py -> /home/marco/marco/uni/magistrale/IDS_project/build/localization/build/lib/localization
[2.546s] copying localization/localization_system.py -> /home/marco/marco/uni/magistrale/IDS_project/build/localization/build/lib/localization
[2.546s] copying localization/__init__.py -> /home/marco/marco/uni/magistrale/IDS_project/build/localization/build/lib/localization
[2.546s] running install
[2.546s] running install_lib
[2.546s] creating /home/marco/marco/uni/magistrale/IDS_project/install/localization/lib/python3.10/site-packages/localization
[2.546s] copying /home/marco/marco/uni/magistrale/IDS_project/build/localization/build/lib/localization/EKF_node.py -> /home/marco/marco/uni/magistrale/IDS_project/install/localization/lib/python3.10/site-packages/localization
[2.546s] copying /home/marco/marco/uni/magistrale/IDS_project/build/localization/build/lib/localization/meas_model.py -> /home/marco/marco/uni/magistrale/IDS_project/install/localization/lib/python3.10/site-packages/localization
[2.546s] copying /home/marco/marco/uni/magistrale/IDS_project/build/localization/build/lib/localization/agent_type.py -> /home/marco/marco/uni/magistrale/IDS_project/install/localization/lib/python3.10/site-packages/localization
[2.546s] copying /home/marco/marco/uni/magistrale/IDS_project/build/localization/build/lib/localization/localization_system.py -> /home/marco/marco/uni/magistrale/IDS_project/install/localization/lib/python3.10/site-packages/localization
[2.546s] copying /home/marco/marco/uni/magistrale/IDS_project/build/localization/build/lib/localization/__init__.py -> /home/marco/marco/uni/magistrale/IDS_project/install/localization/lib/python3.10/site-packages/localization
[2.546s] byte-compiling /home/marco/marco/uni/magistrale/IDS_project/install/localization/lib/python3.10/site-packages/localization/EKF_node.py to EKF_node.cpython-310.pyc
[2.546s] byte-compiling /home/marco/marco/uni/magistrale/IDS_project/install/localization/lib/python3.10/site-packages/localization/meas_model.py to meas_model.cpython-310.pyc
[2.546s] byte-compiling /home/marco/marco/uni/magistrale/IDS_project/install/localization/lib/python3.10/site-packages/localization/agent_type.py to agent_type.cpython-310.pyc
[2.547s] byte-compiling /home/marco/marco/uni/magistrale/IDS_project/install/localization/lib/python3.10/site-packages/localization/localization_system.py to localization_system.cpython-310.pyc
[2.547s] byte-compiling /home/marco/marco/uni/magistrale/IDS_project/install/localization/lib/python3.10/site-packages/localization/__init__.py to __init__.cpython-310.pyc
[2.547s] running install_data
[2.547s] creating /home/marco/marco/uni/magistrale/IDS_project/install/localization/share/ament_index/resource_index/packages
[2.547s] copying resource/localization -> /home/marco/marco/uni/magistrale/IDS_project/install/localization/share/ament_index/resource_index/packages
[2.547s] copying package.xml -> /home/marco/marco/uni/magistrale/IDS_project/install/localization/share/localization
[2.547s] running install_egg_info
[2.548s] Copying ../../../build/localization/localization.egg-info to /home/marco/marco/uni/magistrale/IDS_project/install/localization/lib/python3.10/site-packages/localization-0.0.0-py3.10.egg-info
[2.548s] running install_scripts
[2.686s] Installing EKF_node script to /home/marco/marco/uni/magistrale/IDS_project/install/localization/lib/localization
[2.687s] writing list of installed files to '/home/marco/marco/uni/magistrale/IDS_project/build/localization/install.log'
[2.909s] Invoked command in '/home/marco/marco/uni/magistrale/IDS_project/ros2_ws/src/localization' returned '0': PYTHONPATH=/home/marco/marco/uni/magistrale/IDS_project/build/localization/prefix_override:/usr/lib/python3/dist-packages/colcon_core/task/python/colcon_distutils_commands:/home/marco/marco/uni/magistrale/IDS_project/install/localization/lib/python3.10/site-packages:${PYTHONPATH} /usr/bin/python3 -W ignore:setup.py install is deprecated -W ignore:easy_install command is deprecated setup.py egg_info --egg-base ../../../build/localization build --build-base /home/marco/marco/uni/magistrale/IDS_project/build/localization/build install --record /home/marco/marco/uni/magistrale/IDS_project/build/localization/install.log --single-version-externally-managed install_data
