[1.267s] Invoking command in '/home/marco/marco/uni/magistrale/IDS_project/ros2_ws/src/plots': PYTHONPATH=/home/marco/marco/uni/magistrale/IDS_project/build/plots/prefix_override:/usr/lib/python3/dist-packages/colcon_core/task/python/colcon_distutils_commands:/home/marco/marco/uni/magistrale/IDS_project/install/plots/lib/python3.10/site-packages:${PYTHONPATH} /usr/bin/python3 -W ignore:setup.py install is deprecated -W ignore:easy_install command is deprecated setup.py egg_info --egg-base ../../../build/plots build --build-base /home/marco/marco/uni/magistrale/IDS_project/build/plots/build install --record /home/marco/marco/uni/magistrale/IDS_project/build/plots/install.log --single-version-externally-managed install_data
[1.589s] running egg_info
[1.609s] creating ../../../build/plots/plots.egg-info
[1.609s] writing ../../../build/plots/plots.egg-info/PKG-INFO
[1.610s] writing dependency_links to ../../../build/plots/plots.egg-info/dependency_links.txt
[1.610s] writing entry points to ../../../build/plots/plots.egg-info/entry_points.txt
[1.610s] writing requirements to ../../../build/plots/plots.egg-info/requires.txt
[1.610s] writing top-level names to ../../../build/plots/plots.egg-info/top_level.txt
[1.611s] writing manifest file '../../../build/plots/plots.egg-info/SOURCES.txt'
[1.660s] reading manifest file '../../../build/plots/plots.egg-info/SOURCES.txt'
[1.665s] writing manifest file '../../../build/plots/plots.egg-info/SOURCES.txt'
[1.665s] running build
[1.666s] running build_py
[1.666s] creating /home/marco/marco/uni/magistrale/IDS_project/build/plots/build/lib/plots
[1.666s] copying plots/EKF_plot_node.py -> /home/marco/marco/uni/magistrale/IDS_project/build/plots/build/lib/plots
[1.666s] copying plots/__init__.py -> /home/marco/marco/uni/magistrale/IDS_project/build/plots/build/lib/plots
[1.666s] running install
[1.668s] running install_lib
[1.694s] creating /home/marco/marco/uni/magistrale/IDS_project/install/plots/lib/python3.10/site-packages/plots
[1.694s] copying /home/marco/marco/uni/magistrale/IDS_project/build/plots/build/lib/plots/EKF_plot_node.py -> /home/marco/marco/uni/magistrale/IDS_project/install/plots/lib/python3.10/site-packages/plots
[1.694s] copying /home/marco/marco/uni/magistrale/IDS_project/build/plots/build/lib/plots/__init__.py -> /home/marco/marco/uni/magistrale/IDS_project/install/plots/lib/python3.10/site-packages/plots
[1.695s] byte-compiling /home/marco/marco/uni/magistrale/IDS_project/install/plots/lib/python3.10/site-packages/plots/EKF_plot_node.py to EKF_plot_node.cpython-310.pyc
[1.699s] byte-compiling /home/marco/marco/uni/magistrale/IDS_project/install/plots/lib/python3.10/site-packages/plots/__init__.py to __init__.cpython-310.pyc
[1.700s] running install_data
[1.700s] creating /home/marco/marco/uni/magistrale/IDS_project/install/plots/share/ament_index/resource_index/packages
[1.701s] copying resource/plots -> /home/marco/marco/uni/magistrale/IDS_project/install/plots/share/ament_index/resource_index/packages
[1.701s] copying package.xml -> /home/marco/marco/uni/magistrale/IDS_project/install/plots/share/plots
[1.701s] running install_egg_info
[1.732s] Copying ../../../build/plots/plots.egg-info to /home/marco/marco/uni/magistrale/IDS_project/install/plots/lib/python3.10/site-packages/plots-0.0.0-py3.10.egg-info
[1.733s] running install_scripts
[1.989s] Installing EKF_plot_node script to /home/marco/marco/uni/magistrale/IDS_project/install/plots/lib/plots
[1.989s] writing list of installed files to '/home/marco/marco/uni/magistrale/IDS_project/build/plots/install.log'
[2.039s] Invoked command in '/home/marco/marco/uni/magistrale/IDS_project/ros2_ws/src/plots' returned '0': PYTHONPATH=/home/marco/marco/uni/magistrale/IDS_project/build/plots/prefix_override:/usr/lib/python3/dist-packages/colcon_core/task/python/colcon_distutils_commands:/home/marco/marco/uni/magistrale/IDS_project/install/plots/lib/python3.10/site-packages:${PYTHONPATH} /usr/bin/python3 -W ignore:setup.py install is deprecated -W ignore:easy_install command is deprecated setup.py egg_info --egg-base ../../../build/plots build --build-base /home/marco/marco/uni/magistrale/IDS_project/build/plots/build install --record /home/marco/marco/uni/magistrale/IDS_project/build/plots/install.log --single-version-externally-managed install_data
