[1.768s] Invoking command in '/home/marco/marco/uni/magistrale/IDS_project/ros2_ws/src/limo_description': PYTHONPATH=/home/marco/marco/uni/magistrale/IDS_project/build/limo_description/prefix_override:/usr/lib/python3/dist-packages/colcon_core/task/python/colcon_distutils_commands:/home/marco/marco/uni/magistrale/IDS_project/install/limo_description/lib/python3.10/site-packages:${PYTHONPATH} /usr/bin/python3 -W ignore:setup.py install is deprecated -W ignore:easy_install command is deprecated setup.py egg_info --egg-base ../../../build/limo_description build --build-base /home/marco/marco/uni/magistrale/IDS_project/build/limo_description/build install --record /home/marco/marco/uni/magistrale/IDS_project/build/limo_description/install.log --single-version-externally-managed install_data
[2.173s] running egg_info
[2.192s] creating ../../../build/limo_description/limo_description.egg-info
[2.192s] writing ../../../build/limo_description/limo_description.egg-info/PKG-INFO
[2.195s] writing dependency_links to ../../../build/limo_description/limo_description.egg-info/dependency_links.txt
[2.195s] writing requirements to ../../../build/limo_description/limo_description.egg-info/requires.txt
[2.195s] writing top-level names to ../../../build/limo_description/limo_description.egg-info/top_level.txt
[2.195s] writing manifest file '../../../build/limo_description/limo_description.egg-info/SOURCES.txt'
[2.236s] reading manifest file '../../../build/limo_description/limo_description.egg-info/SOURCES.txt'
[2.236s] writing manifest file '../../../build/limo_description/limo_description.egg-info/SOURCES.txt'
[2.237s] running build
[2.237s] running build_py
[2.238s] creating /home/marco/marco/uni/magistrale/IDS_project/build/limo_description/build/lib/limo_description
[2.238s] copying limo_description/conf_limo.py -> /home/marco/marco/uni/magistrale/IDS_project/build/limo_description/build/lib/limo_description
[2.238s] copying limo_description/__init__.py -> /home/marco/marco/uni/magistrale/IDS_project/build/limo_description/build/lib/limo_description
[2.242s] running install
[2.245s] running install_lib
[2.265s] creating /home/marco/marco/uni/magistrale/IDS_project/install/limo_description/lib/python3.10/site-packages/limo_description
[2.266s] copying /home/marco/marco/uni/magistrale/IDS_project/build/limo_description/build/lib/limo_description/conf_limo.py -> /home/marco/marco/uni/magistrale/IDS_project/install/limo_description/lib/python3.10/site-packages/limo_description
[2.269s] copying /home/marco/marco/uni/magistrale/IDS_project/build/limo_description/build/lib/limo_description/__init__.py -> /home/marco/marco/uni/magistrale/IDS_project/install/limo_description/lib/python3.10/site-packages/limo_description
[2.269s] byte-compiling /home/marco/marco/uni/magistrale/IDS_project/install/limo_description/lib/python3.10/site-packages/limo_description/conf_limo.py to conf_limo.cpython-310.pyc
[2.269s] byte-compiling /home/marco/marco/uni/magistrale/IDS_project/install/limo_description/lib/python3.10/site-packages/limo_description/__init__.py to __init__.cpython-310.pyc
[2.269s] running install_data
[2.269s] creating /home/marco/marco/uni/magistrale/IDS_project/install/limo_description/share/ament_index/resource_index/packages
[2.270s] copying resource/limo_description -> /home/marco/marco/uni/magistrale/IDS_project/install/limo_description/share/ament_index/resource_index/packages
[2.270s] copying package.xml -> /home/marco/marco/uni/magistrale/IDS_project/install/limo_description/share/limo_description
[2.270s] running install_egg_info
[2.291s] Copying ../../../build/limo_description/limo_description.egg-info to /home/marco/marco/uni/magistrale/IDS_project/install/limo_description/lib/python3.10/site-packages/limo_description-0.0.0-py3.10.egg-info
[2.296s] running install_scripts
[2.471s] writing list of installed files to '/home/marco/marco/uni/magistrale/IDS_project/build/limo_description/install.log'
[2.899s] Invoked command in '/home/marco/marco/uni/magistrale/IDS_project/ros2_ws/src/limo_description' returned '0': PYTHONPATH=/home/marco/marco/uni/magistrale/IDS_project/build/limo_description/prefix_override:/usr/lib/python3/dist-packages/colcon_core/task/python/colcon_distutils_commands:/home/marco/marco/uni/magistrale/IDS_project/install/limo_description/lib/python3.10/site-packages:${PYTHONPATH} /usr/bin/python3 -W ignore:setup.py install is deprecated -W ignore:easy_install command is deprecated setup.py egg_info --egg-base ../../../build/limo_description build --build-base /home/marco/marco/uni/magistrale/IDS_project/build/limo_description/build install --record /home/marco/marco/uni/magistrale/IDS_project/build/limo_description/install.log --single-version-externally-managed install_data
