running egg_info
creating ../../../build/simulation/simulation.egg-info
writing ../../../build/simulation/simulation.egg-info/PKG-INFO
writing dependency_links to ../../../build/simulation/simulation.egg-info/dependency_links.txt
writing entry points to ../../../build/simulation/simulation.egg-info/entry_points.txt
writing requirements to ../../../build/simulation/simulation.egg-info/requires.txt
writing top-level names to ../../../build/simulation/simulation.egg-info/top_level.txt
writing manifest file '../../../build/simulation/simulation.egg-info/SOURCES.txt'
reading manifest file '../../../build/simulation/simulation.egg-info/SOURCES.txt'
writing manifest file '../../../build/simulation/simulation.egg-info/SOURCES.txt'
running build
running build_py
creating /home/marco/marco/uni/magistrale/IDS_project/build/simulation/build/lib/simulation
copying simulation/sim_vision_node.py -> /home/marco/marco/uni/magistrale/IDS_project/build/simulation/build/lib/simulation
copying simulation/sim_odometry_node.py -> /home/marco/marco/uni/magistrale/IDS_project/build/simulation/build/lib/simulation
copying simulation/sim_camera_node.py -> /home/marco/marco/uni/magistrale/IDS_project/build/simulation/build/lib/simulation
copying simulation/sim_EKF_node.py -> /home/marco/marco/uni/magistrale/IDS_project/build/simulation/build/lib/simulation
copying simulation/__init__.py -> /home/marco/marco/uni/magistrale/IDS_project/build/simulation/build/lib/simulation
running install
running install_lib
creating /home/marco/marco/uni/magistrale/IDS_project/install/simulation/lib/python3.10/site-packages/simulation
copying /home/marco/marco/uni/magistrale/IDS_project/build/simulation/build/lib/simulation/sim_vision_node.py -> /home/marco/marco/uni/magistrale/IDS_project/install/simulation/lib/python3.10/site-packages/simulation
copying /home/marco/marco/uni/magistrale/IDS_project/build/simulation/build/lib/simulation/sim_odometry_node.py -> /home/marco/marco/uni/magistrale/IDS_project/install/simulation/lib/python3.10/site-packages/simulation
copying /home/marco/marco/uni/magistrale/IDS_project/build/simulation/build/lib/simulation/sim_camera_node.py -> /home/marco/marco/uni/magistrale/IDS_project/install/simulation/lib/python3.10/site-packages/simulation
copying /home/marco/marco/uni/magistrale/IDS_project/build/simulation/build/lib/simulation/sim_EKF_node.py -> /home/marco/marco/uni/magistrale/IDS_project/install/simulation/lib/python3.10/site-packages/simulation
copying /home/marco/marco/uni/magistrale/IDS_project/build/simulation/build/lib/simulation/__init__.py -> /home/marco/marco/uni/magistrale/IDS_project/install/simulation/lib/python3.10/site-packages/simulation
byte-compiling /home/marco/marco/uni/magistrale/IDS_project/install/simulation/lib/python3.10/site-packages/simulation/sim_vision_node.py to sim_vision_node.cpython-310.pyc
byte-compiling /home/marco/marco/uni/magistrale/IDS_project/install/simulation/lib/python3.10/site-packages/simulation/sim_odometry_node.py to sim_odometry_node.cpython-310.pyc
byte-compiling /home/marco/marco/uni/magistrale/IDS_project/install/simulation/lib/python3.10/site-packages/simulation/sim_camera_node.py to sim_camera_node.cpython-310.pyc
byte-compiling /home/marco/marco/uni/magistrale/IDS_project/install/simulation/lib/python3.10/site-packages/simulation/sim_EKF_node.py to sim_EKF_node.cpython-310.pyc
byte-compiling /home/marco/marco/uni/magistrale/IDS_project/install/simulation/lib/python3.10/site-packages/simulation/__init__.py to __init__.cpython-310.pyc
running install_data
creating /home/marco/marco/uni/magistrale/IDS_project/install/simulation/share/ament_index/resource_index/packages
copying resource/simulation -> /home/marco/marco/uni/magistrale/IDS_project/install/simulation/share/ament_index/resource_index/packages
copying package.xml -> /home/marco/marco/uni/magistrale/IDS_project/install/simulation/share/simulation
running install_egg_info
Copying ../../../build/simulation/simulation.egg-info to /home/marco/marco/uni/magistrale/IDS_project/install/simulation/lib/python3.10/site-packages/simulation-0.0.0-py3.10.egg-info
running install_scripts
Installing sim_EKF_node script to /home/marco/marco/uni/magistrale/IDS_project/install/simulation/lib/simulation
Installing sim_camera_node script to /home/marco/marco/uni/magistrale/IDS_project/install/simulation/lib/simulation
Installing sim_odometry_node script to /home/marco/marco/uni/magistrale/IDS_project/install/simulation/lib/simulation
Installing sim_vision_node script to /home/marco/marco/uni/magistrale/IDS_project/install/simulation/lib/simulation
writing list of installed files to '/home/marco/marco/uni/magistrale/IDS_project/build/simulation/install.log'
