/home/marco/marco/uni/magistrale/IDS_project/install/simulation/lib/python3.10/site-packages/simulation/sim_vision_node.py
/home/marco/marco/uni/magistrale/IDS_project/install/simulation/lib/python3.10/site-packages/simulation/sim_odometry_node.py
/home/marco/marco/uni/magistrale/IDS_project/install/simulation/lib/python3.10/site-packages/simulation/sim_camera_node.py
/home/marco/marco/uni/magistrale/IDS_project/install/simulation/lib/python3.10/site-packages/simulation/sim_EKF_node.py
/home/marco/marco/uni/magistrale/IDS_project/install/simulation/lib/python3.10/site-packages/simulation/__init__.py
/home/marco/marco/uni/magistrale/IDS_project/install/simulation/lib/python3.10/site-packages/simulation/__pycache__/sim_vision_node.cpython-310.pyc
/home/marco/marco/uni/magistrale/IDS_project/install/simulation/lib/python3.10/site-packages/simulation/__pycache__/sim_odometry_node.cpython-310.pyc
/home/marco/marco/uni/magistrale/IDS_project/install/simulation/lib/python3.10/site-packages/simulation/__pycache__/sim_camera_node.cpython-310.pyc
/home/marco/marco/uni/magistrale/IDS_project/install/simulation/lib/python3.10/site-packages/simulation/__pycache__/sim_EKF_node.cpython-310.pyc
/home/marco/marco/uni/magistrale/IDS_project/install/simulation/lib/python3.10/site-packages/simulation/__pycache__/__init__.cpython-310.pyc
/home/marco/marco/uni/magistrale/IDS_project/install/simulation/share/ament_index/resource_index/packages/simulation
/home/marco/marco/uni/magistrale/IDS_project/install/simulation/share/simulation/package.xml
/home/marco/marco/uni/magistrale/IDS_project/install/simulation/lib/python3.10/site-packages/simulation-0.0.0-py3.10.egg-info/zip-safe
/home/marco/marco/uni/magistrale/IDS_project/install/simulation/lib/python3.10/site-packages/simulation-0.0.0-py3.10.egg-info/requires.txt
/home/marco/marco/uni/magistrale/IDS_project/install/simulation/lib/python3.10/site-packages/simulation-0.0.0-py3.10.egg-info/PKG-INFO
/home/marco/marco/uni/magistrale/IDS_project/install/simulation/lib/python3.10/site-packages/simulation-0.0.0-py3.10.egg-info/dependency_links.txt
/home/marco/marco/uni/magistrale/IDS_project/install/simulation/lib/python3.10/site-packages/simulation-0.0.0-py3.10.egg-info/entry_points.txt
/home/marco/marco/uni/magistrale/IDS_project/install/simulation/lib/python3.10/site-packages/simulation-0.0.0-py3.10.egg-info/top_level.txt
/home/marco/marco/uni/magistrale/IDS_project/install/simulation/lib/python3.10/site-packages/simulation-0.0.0-py3.10.egg-info/SOURCES.txt
/home/marco/marco/uni/magistrale/IDS_project/install/simulation/lib/simulation/sim_EKF_node
/home/marco/marco/uni/magistrale/IDS_project/install/simulation/lib/simulation/sim_camera_node
/home/marco/marco/uni/magistrale/IDS_project/install/simulation/lib/simulation/sim_odometry_node
/home/marco/marco/uni/magistrale/IDS_project/install/simulation/lib/simulation/sim_vision_node
